Component: ARM Compiler 5.06 update 6 (build 750) Tool: armlink [4d35ed]

==============================================================================

Section Cross References

    startup_stm32f103xb.o(RESET) refers to startup_stm32f103xb.o(STACK) for __initial_sp
    startup_stm32f103xb.o(RESET) refers to startup_stm32f103xb.o(.text) for Reset_Handler
    startup_stm32f103xb.o(RESET) refers to stm32f1xx_it.o(i.NMI_Handler) for NMI_Handler
    startup_stm32f103xb.o(RESET) refers to stm32f1xx_it.o(i.HardFault_Handler) for HardFault_Handler
    startup_stm32f103xb.o(RESET) refers to stm32f1xx_it.o(i.MemManage_Handler) for MemManage_Handler
    startup_stm32f103xb.o(RESET) refers to stm32f1xx_it.o(i.BusFault_Handler) for BusFault_Handler
    startup_stm32f103xb.o(RESET) refers to stm32f1xx_it.o(i.UsageFault_Handler) for UsageFault_Handler
    startup_stm32f103xb.o(RESET) refers to stm32f1xx_it.o(i.SVC_Handler) for SVC_Handler
    startup_stm32f103xb.o(RESET) refers to stm32f1xx_it.o(i.DebugMon_Handler) for DebugMon_Handler
    startup_stm32f103xb.o(RESET) refers to stm32f1xx_it.o(i.PendSV_Handler) for PendSV_Handler
    startup_stm32f103xb.o(RESET) refers to stm32f1xx_it.o(i.SysTick_Handler) for SysTick_Handler
    startup_stm32f103xb.o(RESET) refers to stm32f1xx_it.o(i.DMA1_Channel1_IRQHandler) for DMA1_Channel1_IRQHandler
    startup_stm32f103xb.o(RESET) refers to stm32f1xx_it.o(i.DMA1_Channel5_IRQHandler) for DMA1_Channel5_IRQHandler
    startup_stm32f103xb.o(.text) refers to system_stm32f1xx.o(i.SystemInit) for SystemInit
    startup_stm32f103xb.o(.text) refers to entry.o(.ARM.Collect$$$$00000000) for __main
    as5600.o(i.AS5600_Read_Reg) refers to stm32f1xx_hal_i2c.o(i.HAL_I2C_Mem_Read) for HAL_I2C_Mem_Read
    as5600.o(i.AS5600_Read_Reg) refers to i2c.o(.bss) for hi2c2
    as5600.o(i.AS5600_Write_Reg) refers to stm32f1xx_hal_i2c.o(i.HAL_I2C_Mem_Write) for HAL_I2C_Mem_Write
    as5600.o(i.AS5600_Write_Reg) refers to i2c.o(.bss) for hi2c2
    as5600.o(i.AS5600_Write_Regs) refers to stm32f1xx_hal_i2c.o(i.HAL_I2C_Mem_Write) for HAL_I2C_Mem_Write
    as5600.o(i.AS5600_Write_Regs) refers to i2c.o(.bss) for hi2c2
    as5600.o(i.GetAngle) refers to as5600.o(i.GetAngle_Without_Track) for GetAngle_Without_Track
    as5600.o(i.GetAngle) refers to fadd.o(.text) for __aeabi_fsub
    as5600.o(i.GetAngle) refers to f2d.o(.text) for __aeabi_f2d
    as5600.o(i.GetAngle) refers to cdrcmple.o(.text) for __aeabi_cdrcmple
    as5600.o(i.GetAngle) refers to cfrcmple.o(.text) for __aeabi_cfrcmple
    as5600.o(i.GetAngle) refers to fflti.o(.text) for __aeabi_i2f
    as5600.o(i.GetAngle) refers to fmul.o(.text) for __aeabi_fmul
    as5600.o(i.GetAngle_Without_Track) refers to as5600.o(i.AS5600_Read_Reg) for AS5600_Read_Reg
    as5600.o(i.GetAngle_Without_Track) refers to fflti.o(.text) for __aeabi_i2f
    as5600.o(i.GetAngle_Without_Track) refers to fmul.o(.text) for __aeabi_fmul
    as5600.o(i.GetAngle_Without_Track) refers to fdiv.o(.text) for __aeabi_fdiv
    as5600.o(i.GetVelocity) refers to fdiv.o(.text) for __aeabi_fdiv
    as5600.o(i.GetVelocity) refers to fflti.o(.text) for __aeabi_i2f
    as5600.o(i.GetVelocity) refers to fmul.o(.text) for __aeabi_fmul
    as5600.o(i.GetVelocity) refers to fadd.o(.text) for __aeabi_frsub
    as5600.o(i.GetVelocity) refers to cfcmple.o(.text) for __aeabi_cfcmple
    as5600.o(i.GetVelocity) refers to as5600.o(i.GetAngle) for GetAngle
    as5600.o(i.GetVelocity) refers to main.o(.data) for reload_value
    filter.o(i.KalmanFilter_Update) refers to fadd.o(.text) for __aeabi_fadd
    filter.o(i.KalmanFilter_Update) refers to fdiv.o(.text) for __aeabi_fdiv
    filter.o(i.KalmanFilter_Update) refers to fmul.o(.text) for __aeabi_fmul
    filter.o(i.Lowpassfilter) refers to fdiv.o(.text) for __aeabi_fdiv
    filter.o(i.Lowpassfilter) refers to ffltui.o(.text) for __aeabi_ui2f
    filter.o(i.Lowpassfilter) refers to fmul.o(.text) for __aeabi_fmul
    filter.o(i.Lowpassfilter) refers to fadd.o(.text) for __aeabi_frsub
    filter.o(i.Lowpassfilter) refers to cfcmple.o(.text) for __aeabi_cfcmple
    filter.o(i.Lowpassfilter) refers to cfrcmple.o(.text) for __aeabi_cfrcmple
    filter.o(i.Lowpassfilter) refers to main.o(.data) for reload_value
    foc.o(i.Check_Sensor) refers to foc.o(i.SetPhaseVoltage) for SetPhaseVoltage
    foc.o(i.Check_Sensor) refers to stm32f1xx_hal.o(i.HAL_Delay) for HAL_Delay
    foc.o(i.Check_Sensor) refers to foc.o(i.electricAngle) for electricAngle
    foc.o(i.Check_Sensor) refers to foc.o(.bss) for Motor0
    foc.o(i.Check_Sensor) refers to foc.o(.data) for zero_electric_Angle
    foc.o(i.FOC_Init) refers to stm32f1xx_hal_tim.o(i.HAL_TIM_PWM_Start) for HAL_TIM_PWM_Start
    foc.o(i.FOC_Init) refers to current.o(i.CurrSense_Init) for CurrSense_Init
    foc.o(i.FOC_Init) refers to ffltui.o(.text) for __aeabi_ui2f
    foc.o(i.FOC_Init) refers to foc.o(i.Check_Sensor) for Check_Sensor
    foc.o(i.FOC_Init) refers to foc.o(.data) for voltage_power_supply
[...]
    ..\Drivers\STM32F1xx_HAL_Driver\Src\stm32f1xx_hal_tim.c 0x00000000   Number         0  stm32f1xx_hal_tim.o ABSOLUTE
    ..\Drivers\STM32F1xx_HAL_Driver\Src\stm32f1xx_hal_tim_ex.c 0x00000000   Number         0  stm32f1xx_hal_tim_ex.o ABSOLUTE
    ..\Drivers\STM32F1xx_HAL_Driver\Src\stm32f1xx_hal_uart.c 0x00000000   Number         0  stm32f1xx_hal_uart.o ABSOLUTE
    AS5600.c                                 0x00000000   Number         0  as5600.o ABSOLUTE
    AS5600.c                                 0x00000000   Number         0  as5600.o ABSOLUTE
    arm_common_tables.c                      0x00000000   Number         0  arm_common_tables.o ABSOLUTE
    arm_cos_f32.c                            0x00000000   Number         0  arm_cos_f32.o ABSOLUTE
    arm_sin_f32.c                            0x00000000   Number         0  arm_sin_f32.o ABSOLUTE
    cdrcmple.s                               0x00000000   Number         0  cdrcmple.o ABSOLUTE
    cfcmple.s                                0x00000000   Number         0  cfcmple.o ABSOLUTE
    cfrcmple.s                               0x00000000   Number         0  cfrcmple.o ABSOLUTE
    control.c                                0x00000000   Number         0  control.o ABSOLUTE
    control.c                                0x00000000   Number         0  control.o ABSOLUTE
    current.c                                0x00000000   Number         0  current.o ABSOLUTE
    current.c                                0x00000000   Number         0  current.o ABSOLUTE
    dc.s                                     0x00000000   Number         0  dc.o ABSOLUTE
    filter.c                                 0x00000000   Number         0  filter.o ABSOLUTE
    filter.c                                 0x00000000   Number         0  filter.o ABSOLUTE
    foc.c                                    0x00000000   Number         0  foc.o ABSOLUTE
    foc.c                                    0x00000000   Number         0  foc.o ABSOLUTE
    handlers.s                               0x00000000   Number         0  handlers.o ABSOLUTE
    init.s                                   0x00000000   Number         0  init.o ABSOLUTE
    pid.c                                    0x00000000   Number         0  pid.o ABSOLUTE
    pid.c                                    0x00000000   Number         0  pid.o ABSOLUTE
    startup_stm32f103xb.s                    0x00000000   Number         0  startup_stm32f103xb.o ABSOLUTE
    RESET                                    0x08000000   Section      236  startup_stm32f103xb.o(RESET)
    .ARM.Collect$$$$00000000                 0x080000ec   Section        0  entry.o(.ARM.Collect$$$$00000000)
    .ARM.Collect$$$$00000001                 0x080000ec   Section        4  entry2.o(.ARM.Collect$$$$00000001)
    .ARM.Collect$$$$00000004                 0x080000f0   Section        4  entry5.o(.ARM.Collect$$$$00000004)
    .ARM.Collect$$$$00000008                 0x080000f4   Section        0  entry7b.o(.ARM.Collect$$$$00000008)
    .ARM.Collect$$$$0000000A                 0x080000f4   Section        0  entry8b.o(.ARM.Collect$$$$0000000A)
    .ARM.Collect$$$$0000000B                 0x080000f4   Section        8  entry9a.o(.ARM.Collect$$$$0000000B)
    .ARM.Collect$$$$0000000D                 0x080000fc   Section        0  entry10a.o(.ARM.Collect$$$$0000000D)
    .ARM.Collect$$$$0000000F                 0x080000fc   Section        0  entry11a.o(.ARM.Collect$$$$0000000F)
    .ARM.Collect$$$$00002712                 0x080000fc   Section        4  entry2.o(.ARM.Collect$$$$00002712)
    __lit__00000000                          0x080000fc   Data           4  entry2.o(.ARM.Collect$$$$00002712)
    .text                                    0x08000100   Section       36  startup_stm32f103xb.o(.text)
    .text                                    0x08000124   Section        0  llushr.o(.text)
    .text                                    0x08000144   Section        0  memseta.o(.text)
    .text                                    0x08000168   Section        0  fadd.o(.text)
    .text                                    0x08000218   Section        0  fmul.o(.text)
    .text                                    0x0800027c   Section        0  fdiv.o(.text)
    .text                                    0x080002f8   Section        0  dadd.o(.text)
    .text                                    0x08000446   Section        0  dmul.o(.text)
    .text                                    0x0800052a   Section        0  ddiv.o(.text)
    .text                                    0x08000608   Section        0  fcmplt.o(.text)
    .text                                    0x08000624   Section        0  fflti.o(.text)
    .text                                    0x08000636   Section        0  ffltui.o(.text)
    .text                                    0x08000640   Section        0  ffixi.o(.text)
    .text                                    0x08000672   Section        0  ffixui.o(.text)
    .text                                    0x0800069a   Section        0  f2d.o(.text)
    .text                                    0x080006c0   Section       48  cdrcmple.o(.text)
    .text                                    0x080006f0   Section        0  d2f.o(.text)
    .text                                    0x08000728   Section       20  cfcmple.o(.text)
    .text                                    0x0800073c   Section       20  cfrcmple.o(.text)
    .text                                    0x08000750   Section        0  llshl.o(.text)
    .text                                    0x0800076e   Section        0  llsshr.o(.text)
    .text                                    0x08000792   Section        0  fepilogue.o(.text)
    .text                                    0x08000792   Section        0  iusefp.o(.text)
    .text                                    0x08000800   Section        0  fscalb.o(.text)
    .text                                    0x08000818   Section        0  frnd.o(.text)
    .text                                    0x08000854   Section        0  frem.o(.text)
    .text                                    0x080008a6   Section        0  depilogue.o(.text)
    .text                                    0x08000960   Section       36  init.o(.text)
    .text                                    0x08000984   Section        0  fsqrt.o(.text)
    .text                                    0x080009e2   Section        0  __dczerorl2.o(.text)
    [Anonymous Symbol]                       0x08000a38   Section        0  arm_cos_f32.o(.text.arm_cos_f32)
    [Anonymous Symbol]                       0x08000ae4   Section        0  arm_sin_f32.o(.text.arm_sin_f32)
    i.ADC_ConversionStop_Disable             0x08000b88   Section        0  stm32f1xx_hal_adc.o(i.ADC_ConversionStop_Disable)
    i.ADC_DMAConvCplt                        0x08000be4   Section        0  stm32f1xx_hal_adc.o(i.ADC_DMAConvCplt)
    i.ADC_DMAError                           0x08000c36   Section        0  stm32f1xx_hal_adc.o(i.ADC_DMAError)
    i.ADC_DMAHalfConvCplt                    0x08000c54   Section        0  stm32f1xx_hal_adc.o(i.ADC_DMAHalfConvCplt)
    i.ADC_Enable                             0x08000c64   Section        0  stm32f1xx_hal_adc.o(i.ADC_Enable)
    i.AS5600_Read_Reg                        0x08000cf4   Section        0  as5600.o(i.AS5600_Read_Reg)
    i.BusFault_Handler                       0x08000d18   Section        0  stm32f1xx_it.o(i.BusFault_Handler)
    i.Check_Sensor                           0x08000d1c   Section        0  foc.o(i.Check_Sensor)
    i.CurrSense_Init                         0x08000d64   Section        0  current.o(i.CurrSense_Init)
    i.DMA1_Channel1_IRQHandler               0x08000dec   Section        0  stm32f1xx_it.o(i.DMA1_Channel1_IRQHandler)
    i.DMA1_Channel5_IRQHandler               0x08000dfc   Section        0  stm32f1xx_it.o(i.DMA1_Channel5_IRQHandler)
    i.DMA_SetConfig                          0x08000e0c   Section        0  stm32f1xx_hal_dma.o(i.DMA_SetConfig)
    DMA_SetConfig                            0x08000e0d   Thumb Code    44  stm32f1xx_hal_dma.o(i.DMA_SetConfig)
    i.DebugMon_Handler                       0x08000e38   Section        0  stm32f1xx_it.o(i.DebugMon_Handler)
    i.DriftOffsets                           0x08000e3c   Section        0  current.o(i.DriftOffsets)
    i.Error_Handler                          0x08000ed8   Section        0  main.o(i.Error_Handler)
    i.FOC_Init                               0x08000ee0   Section        0  foc.o(i.FOC_Init)
    i.GetAngle                               0x08000f2c   Section        0  as5600.o(i.GetAngle)
    i.GetAngle_Without_Track                 0x08000f9c   Section        0  as5600.o(i.GetAngle_Without_Track)
    i.GetVelocity                            0x08000fe0   Section        0  as5600.o(i.GetVelocity)
    i.HAL_ADCEx_Calibration_Start            0x080010a0   Section        0  stm32f1xx_hal_adc_ex.o(i.HAL_ADCEx_Calibration_Start)
    i.HAL_ADC_ConfigChannel                  0x080011bc   Section        0  stm32f1xx_hal_adc.o(i.HAL_ADC_ConfigChannel)
    i.HAL_ADC_ConvCpltCallback               0x0800131c   Section        0  stm32f1xx_hal_adc.o(i.HAL_ADC_ConvCpltCallback)
    i.HAL_ADC_ConvHalfCpltCallback           0x0800131e   Section        0  stm32f1xx_hal_adc.o(i.HAL_ADC_ConvHalfCpltCallback)
    i.HAL_ADC_ErrorCallback                  0x08001320   Section        0  stm32f1xx_hal_adc.o(i.HAL_ADC_ErrorCallback)
    i.HAL_ADC_Init                           0x08001324   Section        0  stm32f1xx_hal_adc.o(i.HAL_ADC_Init)
    i.HAL_ADC_MspInit                        0x08001468   Section        0  adc.o(i.HAL_ADC_MspInit)
    i.HAL_ADC_Start_DMA                      0x08001514   Section        0  stm32f1xx_hal_adc.o(i.HAL_ADC_Start_DMA)
    i.HAL_DMA_IRQHandler                     0x08001694   Section        0  stm32f1xx_hal_dma.o(i.HAL_DMA_IRQHandler)
    i.HAL_DMA_Init                           0x08001830   Section        0  stm32f1xx_hal_dma.o(i.HAL_DMA_Init)
    i.HAL_DMA_Start_IT                       0x08001898   Section        0  stm32f1xx_hal_dma.o(i.HAL_DMA_Start_IT)
    i.HAL_Delay                              0x08001934   Section        0  stm32f1xx_hal.o(i.HAL_Delay)
    i.HAL_GPIO_Init                          0x0800195c   Section        0  stm32f1xx_hal_gpio.o(i.HAL_GPIO_Init)
    i.HAL_GPIO_WritePin                      0x08001c7c   Section        0  stm32f1xx_hal_gpio.o(i.HAL_GPIO_WritePin)
    i.HAL_GetTick                            0x08001c88   Section        0  stm32f1xx_hal.o(i.HAL_GetTick)
    i.HAL_I2C_Init                           0x08001c94   Section        0  stm32f1xx_hal_i2c.o(i.HAL_I2C_Init)
    i.HAL_I2C_Mem_Read                       0x08001e64   Section        0  stm32f1xx_hal_i2c.o(i.HAL_I2C_Mem_Read)
    i.HAL_I2C_MspInit                        0x080021d8   Section        0  i2c.o(i.HAL_I2C_MspInit)
    i.HAL_IncTick                            0x08002250   Section        0  stm32f1xx_hal.o(i.HAL_IncTick)
    i.HAL_Init                               0x08002268   Section        0  stm32f1xx_hal.o(i.HAL_Init)
    i.HAL_InitTick                           0x08002290   Section        0  stm32f1xx_hal.o(i.HAL_InitTick)
    i.HAL_MspInit                            0x080022dc   Section        0  stm32f1xx_hal_msp.o(i.HAL_MspInit)
    i.HAL_NVIC_EnableIRQ                     0x08002330   Section        0  stm32f1xx_hal_cortex.o(i.HAL_NVIC_EnableIRQ)
    i.HAL_NVIC_SetPriority                   0x08002350   Section        0  stm32f1xx_hal_cortex.o(i.HAL_NVIC_SetPriority)
    i.HAL_NVIC_SetPriorityGrouping           0x080023cc   Section        0  stm32f1xx_hal_cortex.o(i.HAL_NVIC_SetPriorityGrouping)
    i.HAL_RCCEx_GetPeriphCLKFreq             0x080023f4   Section        0  stm32f1xx_hal_rcc_ex.o(i.HAL_RCCEx_GetPeriphCLKFreq)
    i.HAL_RCCEx_PeriphCLKConfig              0x080024f0   Section        0  stm32f1xx_hal_rcc_ex.o(i.HAL_RCCEx_PeriphCLKConfig)
    i.HAL_RCC_ClockConfig                    0x08002620   Section        0  stm32f1xx_hal_rcc.o(i.HAL_RCC_ClockConfig)
    i.HAL_RCC_GetHCLKFreq                    0x080027ac   Section        0  stm32f1xx_hal_rcc.o(i.HAL_RCC_GetHCLKFreq)
    i.HAL_RCC_GetPCLK1Freq                   0x080027b8   Section        0  stm32f1xx_hal_rcc.o(i.HAL_RCC_GetPCLK1Freq)
    i.HAL_RCC_GetPCLK2Freq                   0x080027d8   Section        0  stm32f1xx_hal_rcc.o(i.HAL_RCC_GetPCLK2Freq)
    i.HAL_RCC_GetSysClockFreq                0x080027f8   Section        0  stm32f1xx_hal_rcc.o(i.HAL_RCC_GetSysClockFreq)
    i.HAL_RCC_OscConfig                      0x08002868   Section        0  stm32f1xx_hal_rcc.o(i.HAL_RCC_OscConfig)
    i.HAL_SYSTICK_Config                     0x08002ccc   Section        0  stm32f1xx_hal_cortex.o(i.HAL_SYSTICK_Config)
    i.HAL_TIMEx_MasterConfigSynchronization  0x08002d00   Section        0  stm32f1xx_hal_tim_ex.o(i.HAL_TIMEx_MasterConfigSynchronization)
    i.HAL_TIM_Base_Init                      0x08002d84   Section        0  stm32f1xx_hal_tim.o(i.HAL_TIM_Base_Init)
    i.HAL_TIM_Base_MspInit                   0x08002dec   Section        0  tim.o(i.HAL_TIM_Base_MspInit)
    i.HAL_TIM_ConfigClockSource              0x08002e18   Section        0  stm32f1xx_hal_tim.o(i.HAL_TIM_ConfigClockSource)
    i.HAL_TIM_MspPostInit                    0x08002f24   Section        0  tim.o(i.HAL_TIM_MspPostInit)
    i.HAL_TIM_PWM_ConfigChannel              0x08002f78   Section        0  stm32f1xx_hal_tim.o(i.HAL_TIM_PWM_ConfigChannel)
    i.HAL_TIM_PWM_Init                       0x0800307c   Section        0  stm32f1xx_hal_tim.o(i.HAL_TIM_PWM_Init)
    i.HAL_TIM_PWM_MspInit                    0x080030e2   Section        0  stm32f1xx_hal_tim.o(i.HAL_TIM_PWM_MspInit)
    i.HAL_TIM_PWM_Start                      0x080030e4   Section        0  stm32f1xx_hal_tim.o(i.HAL_TIM_PWM_Start)
    i.HAL_UARTEx_RxEventCallback             0x080031b8   Section        0  stm32f1xx_hal_uart.o(i.HAL_UARTEx_RxEventCallback)
    i.HAL_UART_ErrorCallback                 0x080031ba   Section        0  stm32f1xx_hal_uart.o(i.HAL_UART_ErrorCallback)
    i.HAL_UART_Init                          0x080031bc   Section        0  stm32f1xx_hal_uart.o(i.HAL_UART_Init)
    i.HAL_UART_MspInit                       0x08003234   Section        0  usart.o(i.HAL_UART_MspInit)
    i.HAL_UART_Receive_DMA                   0x080032f8   Section        0  stm32f1xx_hal_uart.o(i.HAL_UART_Receive_DMA)
    i.HAL_UART_RxCpltCallback                0x08003324   Section        0  stm32f1xx_hal_uart.o(i.HAL_UART_RxCpltCallback)
    i.HAL_UART_RxHalfCpltCallback            0x08003326   Section        0  stm32f1xx_hal_uart.o(i.HAL_UART_RxHalfCpltCallback)
    i.HAL_UART_Transmit                      0x08003328   Section        0  stm32f1xx_hal_uart.o(i.HAL_UART_Transmit)
    i.HardFault_Handler                      0x080033e6   Section        0  stm32f1xx_it.o(i.HardFault_Handler)
    i.I2C_IsAcknowledgeFailed                0x080033ea   Section        0  stm32f1xx_hal_i2c.o(i.I2C_IsAcknowledgeFailed)
    I2C_IsAcknowledgeFailed                  0x080033eb   Thumb Code    62  stm32f1xx_hal_i2c.o(i.I2C_IsAcknowledgeFailed)
    i.I2C_RequestMemoryRead                  0x08003428   Section        0  stm32f1xx_hal_i2c.o(i.I2C_RequestMemoryRead)
    I2C_RequestMemoryRead                    0x08003429   Thumb Code   348  stm32f1xx_hal_i2c.o(i.I2C_RequestMemoryRead)
    i.I2C_WaitOnFlagUntilTimeout             0x08003588   Section        0  stm32f1xx_hal_i2c.o(i.I2C_WaitOnFlagUntilTimeout)
    I2C_WaitOnFlagUntilTimeout               0x08003589   Thumb Code   190  stm32f1xx_hal_i2c.o(i.I2C_WaitOnFlagUntilTimeout)
    i.I2C_WaitOnMasterAddressFlagUntilTimeout 0x08003646   Section        0  stm32f1xx_hal_i2c.o(i.I2C_WaitOnMasterAddressFlagUntilTimeout)
    I2C_WaitOnMasterAddressFlagUntilTimeout  0x08003647   Thumb Code   250  stm32f1xx_hal_i2c.o(i.I2C_WaitOnMasterAddressFlagUntilTimeout)
    i.I2C_WaitOnRXNEFlagUntilTimeout         0x08003740   Section        0  stm32f1xx_hal_i2c.o(i.I2C_WaitOnRXNEFlagUntilTimeout)
    I2C_WaitOnRXNEFlagUntilTimeout           0x08003741   Thumb Code   138  stm32f1xx_hal_i2c.o(i.I2C_WaitOnRXNEFlagUntilTimeout)
    i.I2C_WaitOnTXEFlagUntilTimeout          0x080037ca   Section        0  stm32f1xx_hal_i2c.o(i.I2C_WaitOnTXEFlagUntilTimeout)
    I2C_WaitOnTXEFlagUntilTimeout            0x080037cb   Thumb Code   102  stm32f1xx_hal_i2c.o(i.I2C_WaitOnTXEFlagUntilTimeout)
    i.Lowpassfilter                          0x08003830   Section        0  filter.o(i.Lowpassfilter)
    i.M0_Set_Position_Velocity               0x08003924   Section        0  foc.o(i.M0_Set_Position_Velocity)
    i.MX_ADC1_Init                           0x08003980   Section        0  adc.o(i.MX_ADC1_Init)
    i.MX_DMA_Init                            0x080039f4   Section        0  dma.o(i.MX_DMA_Init)
    i.MX_GPIO_Init                           0x08003a38   Section        0  gpio.o(i.MX_GPIO_Init)
    i.MX_I2C2_Init                           0x08003ac8   Section        0  i2c.o(i.MX_I2C2_Init)
    i.MX_TIM2_Init                           0x08003b04   Section        0  tim.o(i.MX_TIM2_Init)
    i.MX_USART1_UART_Init                    0x08003bc8   Section        0  usart.o(i.MX_USART1_UART_Init)
    i.MemManage_Handler                      0x08003c00   Section        0  stm32f1xx_it.o(i.MemManage_Handler)
    i.Motor_en                               0x08003c04   Section        0  foc.o(i.Motor_en)
    i.NMI_Handler                            0x08003c58   Section        0  stm32f1xx_it.o(i.NMI_Handler)
    i.PID_Controller                         0x08003c5c   Section        0  pid.o(i.PID_Controller)
    i.PID_Init                               0x08003d9c   Section        0  pid.o(i.PID_Init)
    i.PWM_Channel1                           0x08003db0   Section        0  foc.o(i.PWM_Channel1)
    i.PWM_Channel2                           0x08003dd0   Section        0  foc.o(i.PWM_Channel2)
    i.PWM_Channel3                           0x08003df0   Section        0  foc.o(i.PWM_Channel3)
    i.PendSV_Handler                         0x08003e10   Section        0  stm32f1xx_it.o(i.PendSV_Handler)
    i.RCC_Delay                              0x08003e14   Section        0  stm32f1xx_hal_rcc.o(i.RCC_Delay)
    RCC_Delay                                0x08003e15   Thumb Code    36  stm32f1xx_hal_rcc.o(i.RCC_Delay)
    i.SVC_Handler                            0x08003e3c   Section        0  stm32f1xx_it.o(i.SVC_Handler)
    i.SetPhaseVoltage                        0x08003e40   Section        0  foc.o(i.SetPhaseVoltage)
    i.SetPwm                                 0x08003f08   Section        0  foc.o(i.SetPwm)
    i.Set_Velocity                           0x08003fc8   Section        0  foc.o(i.Set_Velocity)
    i.SysTick_Handler                        0x0800404c   Section        0  stm32f1xx_it.o(i.SysTick_Handler)
    i.SystemClock_Config                     0x08004054   Section        0  main.o(i.SystemClock_Config)
    i.SystemInit                             0x080040d8   Section        0  system_stm32f1xx.o(i.SystemInit)
    i.TIM_Base_SetConfig                     0x080040dc   Section        0  stm32f1xx_hal_tim.o(i.TIM_Base_SetConfig)
    i.TIM_CCxChannelCmd                      0x08004160   Section        0  stm32f1xx_hal_tim.o(i.TIM_CCxChannelCmd)
    i.TIM_ETR_SetConfig                      0x08004182   Section        0  stm32f1xx_hal_tim.o(i.TIM_ETR_SetConfig)
    i.TIM_ITRx_SetConfig                     0x08004198   Section        0  stm32f1xx_hal_tim.o(i.TIM_ITRx_SetConfig)
    TIM_ITRx_SetConfig                       0x08004199   Thumb Code    18  stm32f1xx_hal_tim.o(i.TIM_ITRx_SetConfig)
    i.TIM_OC1_SetConfig                      0x080041ac   Section        0  stm32f1xx_hal_tim.o(i.TIM_OC1_SetConfig)
    TIM_OC1_SetConfig                        0x080041ad   Thumb Code    90  stm32f1xx_hal_tim.o(i.TIM_OC1_SetConfig)
    i.TIM_OC2_SetConfig                      0x0800420c   Section        0  stm32f1xx_hal_tim.o(i.TIM_OC2_SetConfig)
    i.TIM_OC3_SetConfig                      0x08004274   Section        0  stm32f1xx_hal_tim.o(i.TIM_OC3_SetConfig)
    TIM_OC3_SetConfig                        0x08004275   Thumb Code    98  stm32f1xx_hal_tim.o(i.TIM_OC3_SetConfig)
    i.TIM_OC4_SetConfig                      0x080042dc   Section        0  stm32f1xx_hal_tim.o(i.TIM_OC4_SetConfig)
    TIM_OC4_SetConfig                        0x080042dd   Thumb Code    68  stm32f1xx_hal_tim.o(i.TIM_OC4_SetConfig)
    i.TIM_TI1_ConfigInputStage               0x08004324   Section        0  stm32f1xx_hal_tim.o(i.TIM_TI1_ConfigInputStage)
    TIM_TI1_ConfigInputStage                 0x08004325   Thumb Code    38  stm32f1xx_hal_tim.o(i.TIM_TI1_ConfigInputStage)
    i.TIM_TI2_ConfigInputStage               0x0800434a   Section        0  stm32f1xx_hal_tim.o(i.TIM_TI2_ConfigInputStage)
    TIM_TI2_ConfigInputStage                 0x0800434b   Thumb Code    40  stm32f1xx_hal_tim.o(i.TIM_TI2_ConfigInputStage)
    i.UART_DMAError                          0x08004372   Section        0  stm32f1xx_hal_uart.o(i.UART_DMAError)
    UART_DMAError                            0x08004373   Thumb Code    80  stm32f1xx_hal_uart.o(i.UART_DMAError)
    i.UART_DMAReceiveCplt                    0x080043c2   Section        0  stm32f1xx_hal_uart.o(i.UART_DMAReceiveCplt)
    UART_DMAReceiveCplt                      0x080043c3   Thumb Code   180  stm32f1xx_hal_uart.o(i.UART_DMAReceiveCplt)
    i.UART_DMARxHalfCplt                     0x08004476   Section        0  stm32f1xx_hal_uart.o(i.UART_DMARxHalfCplt)
    UART_DMARxHalfCplt                       0x08004477   Thumb Code    36  stm32f1xx_hal_uart.o(i.UART_DMARxHalfCplt)
    i.UART_EndRxTransfer                     0x0800449a   Section        0  stm32f1xx_hal_uart.o(i.UART_EndRxTransfer)
    UART_EndRxTransfer                       0x0800449b   Thumb Code   108  stm32f1xx_hal_uart.o(i.UART_EndRxTransfer)
    i.UART_EndTxTransfer                     0x08004506   Section        0  stm32f1xx_hal_uart.o(i.UART_EndTxTransfer)
    UART_EndTxTransfer                       0x08004507   Thumb Code    38  stm32f1xx_hal_uart.o(i.UART_EndTxTransfer)
    i.UART_SetConfig                         0x0800452c   Section        0  stm32f1xx_hal_uart.o(i.UART_SetConfig)
    UART_SetConfig                           0x0800452d   Thumb Code   248  stm32f1xx_hal_uart.o(i.UART_SetConfig)
    i.UART_Start_Receive_DMA                 0x08004628   Section        0  stm32f1xx_hal_uart.o(i.UART_Start_Receive_DMA)
    i.UART_WaitOnFlagUntilTimeout            0x080046f0   Section        0  stm32f1xx_hal_uart.o(i.UART_WaitOnFlagUntilTimeout)
    UART_WaitOnFlagUntilTimeout              0x080046f1   Thumb Code   140  stm32f1xx_hal_uart.o(i.UART_WaitOnFlagUntilTimeout)
    i.UsageFault_Handler                     0x0800477c   Section        0  stm32f1xx_it.o(i.UsageFault_Handler)
    i.__0printf$bare                         0x08004780   Section        0  printfb.o(i.__0printf$bare)
    i.__ARM_fpclassifyf                      0x08004790   Section        0  fpclassifyf.o(i.__ARM_fpclassifyf)
    i.__NVIC_GetPriorityGrouping             0x080047b8   Section        0  stm32f1xx_hal_cortex.o(i.__NVIC_GetPriorityGrouping)
    __NVIC_GetPriorityGrouping               0x080047b9   Thumb Code    10  stm32f1xx_hal_cortex.o(i.__NVIC_GetPriorityGrouping)
    i.__NVIC_SetPriority                     0x080047c8   Section        0  stm32f1xx_hal_cortex.o(i.__NVIC_SetPriority)
    __NVIC_SetPriority                       0x080047c9   Thumb Code    32  stm32f1xx_hal_cortex.o(i.__NVIC_SetPriority)
    i.__mathlib_flt_infnan                   0x080047f0   Section        0  funder.o(i.__mathlib_flt_infnan)
    i.__mathlib_flt_invalid                  0x080047f6   Section        0  funder.o(i.__mathlib_flt_invalid)
    i.__mathlib_flt_underflow                0x080047fe   Section        0  funder.o(i.__mathlib_flt_underflow)
    i.__mathlib_rredf2                       0x08004808   Section        0  rredf.o(i.__mathlib_rredf2)
    i.__scatterload_copy                     0x08004970   Section       14  handlers.o(i.__scatterload_copy)
    i.__scatterload_null                     0x0800497e   Section        2  handlers.o(i.__scatterload_null)
    i.__scatterload_zeroinit                 0x08004980   Section       14  handlers.o(i.__scatterload_zeroinit)
    i.__set_errno                            0x08004990   Section        0  errno.o(i.__set_errno)
    i._constrain                             0x0800499c   Section        0  control.o(i._constrain)
    i._printf_core                           0x080049c4   Section        0  printfb.o(i._printf_core)
    _printf_core                             0x080049c5   Thumb Code    34  printfb.o(i._printf_core)
    i.asinf                                  0x080049e8   Section        0  asinf.o(i.asinf)
    i.constrain                              0x08004b0c   Section        0  foc.o(i.constrain)
    i.control                                0x08004b34   Section        0  control.o(i.control)
    i.cosf                                   0x08004bf0   Section        0  cosf.o(i.cosf)
    i.electricAngle                          0x08004d6c   Section        0  foc.o(i.electricAngle)
    i.fmodf                                  0x08004dc4   Section        0  fmodf.o(i.fmodf)
    i.fputc                                  0x08004e30   Section        0  main.o(i.fputc)
    i.get_d                                  0x08004e4c   Section        0  control.o(i.get_d)
    i.get_vel                                0x08004e4e   Section        0  control.o(i.get_vel)
    i.main                                   0x08004e50   Section        0  main.o(i.main)
    i.normalizeAngle                         0x08004f98   Section        0  foc.o(i.normalizeAngle)
    i.pid                                    0x08004fc4   Section        0  control.o(i.pid)
    i.predict_vel                            0x08005044   Section        0  control.o(i.predict_vel)
    i.sinf                                   0x08005384   Section        0  sinf.o(i.sinf)
    i.sqrtf                                  0x0800550c   Section        0  sqrtf.o(i.sqrtf)
    .constdata                               0x08005538   Section       18  stm32f1xx_hal_rcc.o(.constdata)
    aPLLMULFactorTable                       0x08005538   Data          16  stm32f1xx_hal_rcc.o(.constdata)
    aPredivFactorTable                       0x08005548   Data           2  stm32f1xx_hal_rcc.o(.constdata)
    .constdata                               0x0800554a   Section       18  stm32f1xx_hal_rcc_ex.o(.constdata)
    aPLLMULFactorTable                       0x0800554a   Data          16  stm32f1xx_hal_rcc_ex.o(.constdata)
    aPredivFactorTable                       0x0800555a   Data           2  stm32f1xx_hal_rcc_ex.o(.constdata)
    .constdata                               0x0800555c   Section       24  system_stm32f1xx.o(.constdata)
    .constdata                               0x08005574   Section       32  rredf.o(.constdata)
    twooverpi                                0x08005574   Data          32  rredf.o(.constdata)
    .data                                    0x20000000   Section      160  foc.o(.data)
    .data                                    0x200000a0   Section       60  current.o(.data)
    .data                                    0x200000dc   Section       48  main.o(.data)
    .data                                    0x2000010c   Section      104  control.o(.data)
    prev_output                              0x20000170   Data           4  control.o(.data)
    .data                                    0x20000174   Section        9  stm32f1xx_hal.o(.data)
    .data                                    0x20000180   Section        4  system_stm32f1xx.o(.data)
    .data                                    0x20000184   Section        4  stdout.o(.data)
    .data                                    0x20000188   Section        4  errno.o(.data)
    _errno                                   0x20000188   Data           4  errno.o(.data)
    .bss                                     0x2000018c   Section      132  foc.o(.bss)
    .bss                                     0x20000210   Section       84  main.o(.bss)
    .bss                                     0x20000264   Section      116  adc.o(.bss)
    .bss                                     0x200002d8   Section       84  i2c.o(.bss)
    .bss                                     0x2000032c   Section       72  tim.o(.bss)
    .bss                                     0x20000374   Section      140  usart.o(.bss)
    STACK                                    0x20000400   Section     1024  startup_stm32f103xb.o(STACK)

    Global Symbols

    Symbol Name                              Value     Ov Type        Size  Object(Section)

    BuildAttributes$$THM_ISAv4$P$D$K$B$S$PE$A:L22UL41UL21$X:L11$S22US41US21$IEEE1$IW$USESV6$~STKCKD$USESV7$~SHL$OTIME$ROPI$IEEEX$EBA8$MICROLIB$REQ8$PRES8$EABIv2 0x00000000   Number         0  anon$$obj.o ABSOLUTE
    __ARM_use_no_argv                        0x00000000   Number         0  main.o ABSOLUTE
    __cpp_initialize__aeabi_                  - Undefined Weak Reference
    __cxa_finalize                            - Undefined Weak Reference
    _clock_init                               - Undefined Weak Reference
    _microlib_exit                            - Undefined Weak Reference
    __Vectors_Size                           0x000000ec   Number         0  startup_stm32f103xb.o ABSOLUTE
    __Vectors                                0x08000000   Data           4  startup_stm32f103xb.o(RESET)
    __Vectors_End                            0x080000ec   Data           0  startup_stm32f103xb.o(RESET)
    __main                                   0x080000ed   Thumb Code     0  entry.o(.ARM.Collect$$$$00000000)
    _main_stk                                0x080000ed   Thumb Code     0  entry2.o(.ARM.Collect$$$$00000001)
    _main_scatterload                        0x080000f1   Thumb Code     0  entry5.o(.ARM.Collect$$$$00000004)
    __main_after_scatterload                 0x080000f5   Thumb Code     0  entry5.o(.ARM.Collect$$$$00000004)
    _main_clock                              0x080000f5   Thumb Code     0  entry7b.o(.ARM.Collect$$$$00000008)
    _main_cpp_init                           0x080000f5   Thumb Code     0  entry8b.o(.ARM.Collect$$$$0000000A)
    _main_init                               0x080000f5   Thumb Code     0  entry9a.o(.ARM.Collect$$$$0000000B)
    __rt_final_cpp                           0x080000fd   Thumb Code     0  entry10a.o(.ARM.Collect$$$$0000000D)
    __rt_final_exit                          0x080000fd   Thumb Code     0  entry11a.o(.ARM.Collect$$$$0000000F)
    Reset_Handler                            0x08000101   Thumb Code     8  startup_stm32f103xb.o(.text)
    ADC1_2_IRQHandler                        0x0800011b   Thumb Code     0  startup_stm32f103xb.o(.text)
    CAN1_RX1_IRQHandler                      0x0800011b   Thumb Code     0  startup_stm32f103xb.o(.text)
    CAN1_SCE_IRQHandler                      0x0800011b   Thumb Code     0  startup_stm32f103xb.o(.text)
    DMA1_Channel2_IRQHandler                 0x0800011b   Thumb Code     0  startup_stm32f103xb.o(.text)
    DMA1_Channel3_IRQHandler                 0x0800011b   Thumb Code     0  startup_stm32f103xb.o(.text)
    DMA1_Channel4_IRQHandler                 0x0800011b   Thumb Code     0  startup_stm32f103xb.o(.text)
    DMA1_Channel6_IRQHandler                 0x0800011b   Thumb Code     0  startup_stm32f103xb.o(.text)
    DMA1_Channel7_IRQHandler                 0x0800011b   Thumb Code     0  startup_stm32f103xb.o(.text)
    EXTI0_IRQHandler                         0x0800011b   Thumb Code     0  startup_stm32f103xb.o(.text)
    EXTI15_10_IRQHandler                     0x0800011b   Thumb Code     0  startup_stm32f103xb.o(.text)
    EXTI1_IRQHandler                         0x0800011b   Thumb Code     0  startup_stm32f103xb.o(.text)
    EXTI2_IRQHandler                         0x0800011b   Thumb Code     0  startup_stm32f103xb.o(.text)
    EXTI3_IRQHandler                         0x0800011b   Thumb Code     0  startup_stm32f103xb.o(.text)
    EXTI4_IRQHandler                         0x0800011b   Thumb Code     0  startup_stm32f103xb.o(.text)
    EXTI9_5_IRQHandler                       0x0800011b   Thumb Code     0  startup_stm32f103xb.o(.text)
    FLASH_IRQHandler                         0x0800011b   Thumb Code     0  startup_stm32f103xb.o(.text)
    I2C1_ER_IRQHandler                       0x0800011b   Thumb Code     0  startup_stm32f103xb.o(.text)
    I2C1_EV_IRQHandler                       0x0800011b   Thumb Code     0  startup_stm32f103xb.o(.text)
    I2C2_ER_IRQHandler                       0x0800011b   Thumb Code     0  startup_stm32f103xb.o(.text)
    I2C2_EV_IRQHandler                       0x0800011b   Thumb Code     0  startup_stm32f103xb.o(.text)
    PVD_IRQHandler                           0x0800011b   Thumb Code     0  startup_stm32f103xb.o(.text)
    RCC_IRQHandler                           0x0800011b   Thumb Code     0  startup_stm32f103xb.o(.text)
    RTC_Alarm_IRQHandler                     0x0800011b   Thumb Code     0  startup_stm32f103xb.o(.text)
    RTC_IRQHandler                           0x0800011b   Thumb Code     0  startup_stm32f103xb.o(.text)
    SPI1_IRQHandler                          0x0800011b   Thumb Code     0  startup_stm32f103xb.o(.text)
    SPI2_IRQHandler                          0x0800011b   Thumb Code     0  startup_stm32f103xb.o(.text)
    TAMPER_IRQHandler                        0x0800011b   Thumb Code     0  startup_stm32f103xb.o(.text)
    TIM1_BRK_IRQHandler                      0x0800011b   Thumb Code     0  startup_stm32f103xb.o(.text)
    TIM1_CC_IRQHandler                       0x0800011b   Thumb Code     0  startup_stm32f103xb.o(.text)
    TIM1_TRG_COM_IRQHandler                  0x0800011b   Thumb Code     0  startup_stm32f103xb.o(.text)
    TIM1_UP_IRQHandler                       0x0800011b   Thumb Code     0  startup_stm32f103xb.o(.text)
    TIM2_IRQHandler                          0x0800011b   Thumb Code     0  startup_stm32f103xb.o(.text)
    TIM3_IRQHandler                          0x0800011b   Thumb Code     0  startup_stm32f103xb.o(.text)
    TIM4_IRQHandler                          0x0800011b   Thumb Code     0  startup_stm32f103xb.o(.text)
    USART1_IRQHandler                        0x0800011b   Thumb Code     0  startup_stm32f103xb.o(.text)
    USART2_IRQHandler                        0x0800011b   Thumb Code     0  startup_stm32f103xb.o(.text)
    USART3_IRQHandler                        0x0800011b   Thumb Code     0  startup_stm32f103xb.o(.text)
    USBWakeUp_IRQHandler                     0x0800011b   Thumb Code     0  startup_stm32f103xb.o(.text)
    USB_HP_CAN1_TX_IRQHandler                0x0800011b   Thumb Code     0  startup_stm32f103xb.o(.text)
    USB_LP_CAN1_RX0_IRQHandler               0x0800011b   Thumb Code     0  startup_stm32f103xb.o(.text)
    WWDG_IRQHandler                          0x0800011b   Thumb Code     0  startup_stm32f103xb.o(.text)
    __aeabi_llsr                             0x08000125   Thumb Code    32  llushr.o(.text)
    _ll_ushift_r                             0x08000125   Thumb Code     0  llushr.o(.text)
    __aeabi_memset                           0x08000145   Thumb Code    14  memseta.o(.text)
    __aeabi_memset4                          0x08000145   Thumb Code     0  memseta.o(.text)
    __aeabi_memset8                          0x08000145   Thumb Code     0  memseta.o(.text)
    __aeabi_memclr                           0x08000153   Thumb Code     4  memseta.o(.text)
    __aeabi_memclr4                          0x08000153   Thumb Code     0  memseta.o(.text)
    __aeabi_memclr8                          0x08000153   Thumb Code     0  memseta.o(.text)
    _memset$wrapper                          0x08000157   Thumb Code    18  memseta.o(.text)
    __aeabi_fadd                             0x08000169   Thumb Code   164  fadd.o(.text)
    __aeabi_fsub                             0x0800020d   Thumb Code     6  fadd.o(.text)
    __aeabi_frsub                            0x08000213   Thumb Code     6  fadd.o(.text)
    __aeabi_fmul                             0x08000219   Thumb Code   100  fmul.o(.text)
    __aeabi_fdiv                             0x0800027d   Thumb Code   124  fdiv.o(.text)
    __aeabi_dadd                             0x080002f9   Thumb Code   322  dadd.o(.text)
    __aeabi_dsub                             0x0800043b   Thumb Code     6  dadd.o(.text)
    __aeabi_drsub                            0x08000441   Thumb Code     6  dadd.o(.text)
    __aeabi_dmul                             0x08000447   Thumb Code   228  dmul.o(.text)
    __aeabi_ddiv                             0x0800052b   Thumb Code   222  ddiv.o(.text)
    __aeabi_fcmplt                           0x08000609   Thumb Code    28  fcmplt.o(.text)
    __aeabi_i2f                              0x08000625   Thumb Code    18  fflti.o(.text)
    __aeabi_ui2f                             0x08000637   Thumb Code    10  ffltui.o(.text)
    __aeabi_f2iz                             0x08000641   Thumb Code    50  ffixi.o(.text)
    __aeabi_f2uiz                            0x08000673   Thumb Code    40  ffixui.o(.text)
    __aeabi_f2d                              0x0800069b   Thumb Code    38  f2d.o(.text)
    __aeabi_cdrcmple                         0x080006c1   Thumb Code    48  cdrcmple.o(.text)
    __aeabi_d2f                              0x080006f1   Thumb Code    56  d2f.o(.text)
    __aeabi_cfcmpeq                          0x08000729   Thumb Code     0  cfcmple.o(.text)
    __aeabi_cfcmple                          0x08000729   Thumb Code    20  cfcmple.o(.text)
    __aeabi_cfrcmple                         0x0800073d   Thumb Code    20  cfrcmple.o(.text)
    __aeabi_llsl                             0x08000751   Thumb Code    30  llshl.o(.text)
    _ll_shift_l                              0x08000751   Thumb Code     0  llshl.o(.text)
    __aeabi_lasr                             0x0800076f   Thumb Code    36  llsshr.o(.text)
    _ll_sshift_r                             0x0800076f   Thumb Code     0  llsshr.o(.text)
    __I$use$fp                               0x08000793   Thumb Code     0  iusefp.o(.text)
    _float_round                             0x08000793   Thumb Code    18  fepilogue.o(.text)
    _float_epilogue                          0x080007a5   Thumb Code    92  fepilogue.o(.text)
    __ARM_scalbnf                            0x08000801   Thumb Code    24  fscalb.o(.text)
    scalbnf                                  0x08000801   Thumb Code     0  fscalb.o(.text)
    _frnd                                    0x08000819   Thumb Code    60  frnd.o(.text)
    _frem                                    0x08000855   Thumb Code    82  frem.o(.text)
    _double_round                            0x080008a7   Thumb Code    30  depilogue.o(.text)
    _double_epilogue                         0x080008c5   Thumb Code   156  depilogue.o(.text)
    __scatterload                            0x08000961   Thumb Code    28  init.o(.text)
    __scatterload_rt2                        0x08000961   Thumb Code     0  init.o(.text)
    _fsqrt                                   0x08000985   Thumb Code    94  fsqrt.o(.text)
    __decompress                             0x080009e3   Thumb Code     0  __dczerorl2.o(.text)
    __decompress1                            0x080009e3   Thumb Code    86  __dczerorl2.o(.text)
    arm_cos_f32                              0x08000a39   Thumb Code   172  arm_cos_f32.o(.text.arm_cos_f32)
    arm_sin_f32                              0x08000ae5   Thumb Code   164  arm_sin_f32.o(.text.arm_sin_f32)
    ADC_ConversionStop_Disable               0x08000b89   Thumb Code    92  stm32f1xx_hal_adc.o(i.ADC_ConversionStop_Disable)
    ADC_DMAConvCplt                          0x08000be5   Thumb Code    82  stm32f1xx_hal_adc.o(i.ADC_DMAConvCplt)
    ADC_DMAError                             0x08000c37   Thumb Code    30  stm32f1xx_hal_adc.o(i.ADC_DMAError)
    ADC_DMAHalfConvCplt                      0x08000c55   Thumb Code    14  stm32f1xx_hal_adc.o(i.ADC_DMAHalfConvCplt)
    ADC_Enable                               0x08000c65   Thumb Code   134  stm32f1xx_hal_adc.o(i.ADC_Enable)
    AS5600_Read_Reg                          0x08000cf5   Thumb Code    30  as5600.o(i.AS5600_Read_Reg)
    BusFault_Handler                         0x08000d19   Thumb Code     4  stm32f1xx_it.o(i.BusFault_Handler)
    Check_Sensor                             0x08000d1d   Thumb Code    54  foc.o(i.Check_Sensor)
    CurrSense_Init                           0x08000d65   Thumb Code    94  current.o(i.CurrSense_Init)
    DMA1_Channel1_IRQHandler                 0x08000ded   Thumb Code    10  stm32f1xx_it.o(i.DMA1_Channel1_IRQHandler)
    DMA1_Channel5_IRQHandler                 0x08000dfd   Thumb Code    10  stm32f1xx_it.o(i.DMA1_Channel5_IRQHandler)
    DebugMon_Handler                         0x08000e39   Thumb Code     2  stm32f1xx_it.o(i.DebugMon_Handler)
    DriftOffsets                             0x08000e3d   Thumb Code   134  current.o(i.DriftOffsets)
    Error_Handler                            0x08000ed9   Thumb Code     6  main.o(i.Error_Handler)
    FOC_Init                                 0x08000ee1   Thumb Code    58  foc.o(i.FOC_Init)
    GetAngle                                 0x08000f2d   Thumb Code   104  as5600.o(i.GetAngle)
    GetAngle_Without_Track                   0x08000f9d   Thumb Code    62  as5600.o(i.GetAngle_Without_Track)
    GetVelocity                              0x08000fe1   Thumb Code   174  as5600.o(i.GetVelocity)
    HAL_ADCEx_Calibration_Start              0x080010a1   Thumb Code   278  stm32f1xx_hal_adc_ex.o(i.HAL_ADCEx_Calibration_Start)
    HAL_ADC_ConfigChannel                    0x080011bd   Thumb Code   338  stm32f1xx_hal_adc.o(i.HAL_ADC_ConfigChannel)
    HAL_ADC_ConvCpltCallback                 0x0800131d   Thumb Code     2  stm32f1xx_hal_adc.o(i.HAL_ADC_ConvCpltCallback)
    HAL_ADC_ConvHalfCpltCallback             0x0800131f   Thumb Code     2  stm32f1xx_hal_adc.o(i.HAL_ADC_ConvHalfCpltCallback)
    HAL_ADC_ErrorCallback                    0x08001321   Thumb Code     2  stm32f1xx_hal_adc.o(i.HAL_ADC_ErrorCallback)
    HAL_ADC_Init                             0x08001325   Thumb Code   314  stm32f1xx_hal_adc.o(i.HAL_ADC_Init)
    HAL_ADC_MspInit                          0x08001469   Thumb Code   150  adc.o(i.HAL_ADC_MspInit)
    HAL_ADC_Start_DMA                        0x08001515   Thumb Code   362  stm32f1xx_hal_adc.o(i.HAL_ADC_Start_DMA)
    HAL_DMA_IRQHandler                       0x08001695   Thumb Code   408  stm32f1xx_hal_dma.o(i.HAL_DMA_IRQHandler)
    HAL_DMA_Init                             0x08001831   Thumb Code   100  stm32f1xx_hal_dma.o(i.HAL_DMA_Init)
    HAL_DMA_Start_IT                         0x08001899   Thumb Code   156  stm32f1xx_hal_dma.o(i.HAL_DMA_Start_IT)
    HAL_Delay                                0x08001935   Thumb Code    36  stm32f1xx_hal.o(i.HAL_Delay)
    HAL_GPIO_Init                            0x0800195d   Thumb Code   766  stm32f1xx_hal_gpio.o(i.HAL_GPIO_Init)
    HAL_GPIO_WritePin                        0x08001c7d   Thumb Code    12  stm32f1xx_hal_gpio.o(i.HAL_GPIO_WritePin)
    HAL_GetTick                              0x08001c89   Thumb Code     6  stm32f1xx_hal.o(i.HAL_GetTick)
    HAL_I2C_Init                             0x08001c95   Thumb Code   446  stm32f1xx_hal_i2c.o(i.HAL_I2C_Init)
    HAL_I2C_Mem_Read                         0x08001e65   Thumb Code   868  stm32f1xx_hal_i2c.o(i.HAL_I2C_Mem_Read)
    HAL_I2C_MspInit                          0x080021d9   Thumb Code   106  i2c.o(i.HAL_I2C_MspInit)
    HAL_IncTick                              0x08002251   Thumb Code    16  stm32f1xx_hal.o(i.HAL_IncTick)
    HAL_Init                                 0x08002269   Thumb Code    34  stm32f1xx_hal.o(i.HAL_Init)
    HAL_InitTick                             0x08002291   Thumb Code    64  stm32f1xx_hal.o(i.HAL_InitTick)
    HAL_MspInit                              0x080022dd   Thumb Code    76  stm32f1xx_hal_msp.o(i.HAL_MspInit)
    HAL_NVIC_EnableIRQ                       0x08002331   Thumb Code    32  stm32f1xx_hal_cortex.o(i.HAL_NVIC_EnableIRQ)
    HAL_NVIC_SetPriority                     0x08002351   Thumb Code   124  stm32f1xx_hal_cortex.o(i.HAL_NVIC_SetPriority)
    HAL_NVIC_SetPriorityGrouping             0x080023cd   Thumb Code    32  stm32f1xx_hal_cortex.o(i.HAL_NVIC_SetPriorityGrouping)
    HAL_RCCEx_GetPeriphCLKFreq               0x080023f5   Thumb Code   232  stm32f1xx_hal_rcc_ex.o(i.HAL_RCCEx_GetPeriphCLKFreq)
    HAL_RCCEx_PeriphCLKConfig                0x080024f1   Thumb Code   290  stm32f1xx_hal_rcc_ex.o(i.HAL_RCCEx_PeriphCLKConfig)
    HAL_RCC_ClockConfig                      0x08002621   Thumb Code   376  stm32f1xx_hal_rcc.o(i.HAL_RCC_ClockConfig)
    HAL_RCC_GetHCLKFreq                      0x080027ad   Thumb Code     6  stm32f1xx_hal_rcc.o(i.HAL_RCC_GetHCLKFreq)
    HAL_RCC_GetPCLK1Freq                     0x080027b9   Thumb Code    22  stm32f1xx_hal_rcc.o(i.HAL_RCC_GetPCLK1Freq)
    HAL_RCC_GetPCLK2Freq                     0x080027d9   Thumb Code    22  stm32f1xx_hal_rcc.o(i.HAL_RCC_GetPCLK2Freq)
    HAL_RCC_GetSysClockFreq                  0x080027f9   Thumb Code    92  stm32f1xx_hal_rcc.o(i.HAL_RCC_GetSysClockFreq)
    HAL_RCC_OscConfig                        0x08002869   Thumb Code  1114  stm32f1xx_hal_rcc.o(i.HAL_RCC_OscConfig)
    HAL_SYSTICK_Config                       0x08002ccd   Thumb Code    52  stm32f1xx_hal_cortex.o(i.HAL_SYSTICK_Config)
    HAL_TIMEx_MasterConfigSynchronization    0x08002d01   Thumb Code   118  stm32f1xx_hal_tim_ex.o(i.HAL_TIMEx_MasterConfigSynchronization)
    HAL_TIM_Base_Init                        0x08002d85   Thumb Code   102  stm32f1xx_hal_tim.o(i.HAL_TIM_Base_Init)
    HAL_TIM_Base_MspInit                     0x08002ded   Thumb Code    40  tim.o(i.HAL_TIM_Base_MspInit)
    HAL_TIM_ConfigClockSource                0x08002e19   Thumb Code   268  stm32f1xx_hal_tim.o(i.HAL_TIM_ConfigClockSource)
    HAL_TIM_MspPostInit                      0x08002f25   Thumb Code    74  tim.o(i.HAL_TIM_MspPostInit)
    HAL_TIM_PWM_ConfigChannel                0x08002f79   Thumb Code   260  stm32f1xx_hal_tim.o(i.HAL_TIM_PWM_ConfigChannel)
    HAL_TIM_PWM_Init                         0x0800307d   Thumb Code   102  stm32f1xx_hal_tim.o(i.HAL_TIM_PWM_Init)
    HAL_TIM_PWM_MspInit                      0x080030e3   Thumb Code     2  stm32f1xx_hal_tim.o(i.HAL_TIM_PWM_MspInit)
    HAL_TIM_PWM_Start                        0x080030e5   Thumb Code   198  stm32f1xx_hal_tim.o(i.HAL_TIM_PWM_Start)
    HAL_UARTEx_RxEventCallback               0x080031b9   Thumb Code     2  stm32f1xx_hal_uart.o(i.HAL_UARTEx_RxEventCallback)
    HAL_UART_ErrorCallback                   0x080031bb   Thumb Code     2  stm32f1xx_hal_uart.o(i.HAL_UART_ErrorCallback)
    HAL_UART_Init                            0x080031bd   Thumb Code   118  stm32f1xx_hal_uart.o(i.HAL_UART_Init)
    HAL_UART_MspInit                         0x08003235   Thumb Code   176  usart.o(i.HAL_UART_MspInit)
    HAL_UART_Receive_DMA                     0x080032f9   Thumb Code    44  stm32f1xx_hal_uart.o(i.HAL_UART_Receive_DMA)
    HAL_UART_RxCpltCallback                  0x08003325   Thumb Code     2  stm32f1xx_hal_uart.o(i.HAL_UART_RxCpltCallback)
    HAL_UART_RxHalfCpltCallback              0x08003327   Thumb Code     2  stm32f1xx_hal_uart.o(i.HAL_UART_RxHalfCpltCallback)
    HAL_UART_Transmit                        0x08003329   Thumb Code   190  stm32f1xx_hal_uart.o(i.HAL_UART_Transmit)
    HardFault_Handler                        0x080033e7   Thumb Code     4  stm32f1xx_it.o(i.HardFault_Handler)
    Lowpassfilter                            0x08003831   Thumb Code   228  filter.o(i.Lowpassfilter)
    M0_Set_Position_Velocity                 0x08003925   Thumb Code    84  foc.o(i.M0_Set_Position_Velocity)
    MX_ADC1_Init                             0x08003981   Thumb Code   106  adc.o(i.MX_ADC1_Init)
    MX_DMA_Init                              0x080039f5   Thumb Code    64  dma.o(i.MX_DMA_Init)
    MX_GPIO_Init                             0x08003a39   Thumb Code   134  gpio.o(i.MX_GPIO_Init)
    MX_I2C2_Init                             0x08003ac9   Thumb Code    48  i2c.o(i.MX_I2C2_Init)
    MX_TIM2_Init                             0x08003b05   Thumb Code   190  tim.o(i.MX_TIM2_Init)
    MX_USART1_UART_Init                      0x08003bc9   Thumb Code    46  usart.o(i.MX_USART1_UART_Init)
    MemManage_Handler                        0x08003c01   Thumb Code     4  stm32f1xx_it.o(i.MemManage_Handler)
    Motor_en                                 0x08003c05   Thumb Code    76  foc.o(i.Motor_en)
    NMI_Handler                              0x08003c59   Thumb Code     4  stm32f1xx_it.o(i.NMI_Handler)
    PID_Controller                           0x08003c5d   Thumb Code   296  pid.o(i.PID_Controller)
    PID_Init                                 0x08003d9d   Thumb Code    20  pid.o(i.PID_Init)
    PWM_Channel1                             0x08003db1   Thumb Code    28  foc.o(i.PWM_Channel1)
    PWM_Channel2                             0x08003dd1   Thumb Code    28  foc.o(i.PWM_Channel2)
    PWM_Channel3                             0x08003df1   Thumb Code    28  foc.o(i.PWM_Channel3)
    PendSV_Handler                           0x08003e11   Thumb Code     2  stm32f1xx_it.o(i.PendSV_Handler)
    SVC_Handler                              0x08003e3d   Thumb Code     2  stm32f1xx_it.o(i.SVC_Handler)
    SetPhaseVoltage                          0x08003e41   Thumb Code   190  foc.o(i.SetPhaseVoltage)
    SetPwm                                   0x08003f09   Thumb Code   178  foc.o(i.SetPwm)
    Set_Velocity                             0x08003fc9   Thumb Code   112  foc.o(i.Set_Velocity)
    SysTick_Handler                          0x0800404d   Thumb Code     8  stm32f1xx_it.o(i.SysTick_Handler)
    SystemClock_Config                       0x08004055   Thumb Code   132  main.o(i.SystemClock_Config)
    SystemInit                               0x080040d9   Thumb Code     2  system_stm32f1xx.o(i.SystemInit)
    TIM_Base_SetConfig                       0x080040dd   Thumb Code   120  stm32f1xx_hal_tim.o(i.TIM_Base_SetConfig)
    TIM_CCxChannelCmd                        0x08004161   Thumb Code    34  stm32f1xx_hal_tim.o(i.TIM_CCxChannelCmd)
    TIM_ETR_SetConfig                        0x08004183   Thumb Code    22  stm32f1xx_hal_tim.o(i.TIM_ETR_SetConfig)
    TIM_OC2_SetConfig                        0x0800420d   Thumb Code   100  stm32f1xx_hal_tim.o(i.TIM_OC2_SetConfig)
    UART_Start_Receive_DMA                   0x08004629   Thumb Code   186  stm32f1xx_hal_uart.o(i.UART_Start_Receive_DMA)
    UsageFault_Handler                       0x0800477d   Thumb Code     4  stm32f1xx_it.o(i.UsageFault_Handler)
    __0printf$bare                           0x08004781   Thumb Code     8  printfb.o(i.__0printf$bare)
    __1printf$bare                           0x08004781   Thumb Code     0  printfb.o(i.__0printf$bare)
    __2printf                                0x08004781   Thumb Code     0  printfb.o(i.__0printf$bare)
    __ARM_fpclassifyf                        0x08004791   Thumb Code    38  fpclassifyf.o(i.__ARM_fpclassifyf)
    __mathlib_flt_infnan                     0x080047f1   Thumb Code     6  funder.o(i.__mathlib_flt_infnan)
    __mathlib_flt_invalid                    0x080047f7   Thumb Code     8  funder.o(i.__mathlib_flt_invalid)
    __mathlib_flt_underflow                  0x080047ff   Thumb Code    10  funder.o(i.__mathlib_flt_underflow)
    __mathlib_rredf2                         0x08004809   Thumb Code   344  rredf.o(i.__mathlib_rredf2)
    __scatterload_copy                       0x08004971   Thumb Code    14  handlers.o(i.__scatterload_copy)
    __scatterload_null                       0x0800497f   Thumb Code     2  handlers.o(i.__scatterload_null)
    __scatterload_zeroinit                   0x08004981   Thumb Code    14  handlers.o(i.__scatterload_zeroinit)
    __set_errno                              0x08004991   Thumb Code     6  errno.o(i.__set_errno)
    _constrain                               0x0800499d   Thumb Code    40  control.o(i._constrain)
    asinf                                    0x080049e9   Thumb Code   254  asinf.o(i.asinf)
    constrain                                0x08004b0d   Thumb Code    40  foc.o(i.constrain)
    control                                  0x08004b35   Thumb Code   138  control.o(i.control)
    cosf                                     0x08004bf1   Thumb Code   328  cosf.o(i.cosf)
    electricAngle                            0x08004d6d   Thumb Code    70  foc.o(i.electricAngle)
    fmodf                                    0x08004dc5   Thumb Code   108  fmodf.o(i.fmodf)
    fputc                                    0x08004e31   Thumb Code    22  main.o(i.fputc)
    get_d                                    0x08004e4d   Thumb Code     2  control.o(i.get_d)
    get_vel                                  0x08004e4f   Thumb Code     2  control.o(i.get_vel)
    main                                     0x08004e51   Thumb Code   254  main.o(i.main)
    normalizeAngle                           0x08004f99   Thumb Code    38  foc.o(i.normalizeAngle)
    pid                                      0x08004fc5   Thumb Code   120  control.o(i.pid)
    predict_vel                              0x08005045   Thumb Code   768  control.o(i.predict_vel)
    sinf                                     0x08005385   Thumb Code   338  sinf.o(i.sinf)
    sqrtf                                    0x0800550d   Thumb Code    44  sqrtf.o(i.sqrtf)
    AHBPrescTable                            0x0800555c   Data          16  system_stm32f1xx.o(.constdata)
    APBPrescTable                            0x0800556c   Data           8  system_stm32f1xx.o(.constdata)
    sinTable_f32                             0x08005594   Data        2052  arm_common_tables.o(.rodata.sinTable_f32)
    Region$$Table$$Base                      0x08005d98   Number         0  anon$$obj.o(Region$$Table)
    Region$$Table$$Limit                     0x08005db8   Number         0  anon$$obj.o(Region$$Table)
    M0_CUR_Filter                            0x20000000   Data          12  foc.o(.data)
    M0_VEL_Filter                            0x2000000c   Data          12  foc.o(.data)
    M1_CUR_Filter                            0x20000018   Data          12  foc.o(.data)
    M1_VEL_Filter                            0x20000024   Data          12  foc.o(.data)
    Angle_Sensor1                            0x20000030   Data          28  foc.o(.data)
    Current_Sensor1                          0x2000004c   Data          32  foc.o(.data)
    voltage_limit                            0x2000006c   Data           4  foc.o(.data)
    voltage_power_supply                     0x20000070   Data           4  foc.o(.data)
    zero_electric_Angle                      0x20000074   Data           4  foc.o(.data)
    pp                                       0x20000078   Data           4  foc.o(.data)
    Dir                                      0x2000007c   Data           4  foc.o(.data)
    M0_DIR                                   0x20000080   Data           4  foc.o(.data)
    dutydata                                 0x20000084   Data           4  foc.o(.data)
    shaft_angle                              0x20000088   Data           8  foc.o(.data)
    openloop_timestamp                       0x20000090   Data           8  foc.o(.data)
    Cur_q                                    0x20000098   Data           4  foc.o(.data)
    Iq                                       0x2000009c   Data           4  foc.o(.data)
    _shunt_resistor                          0x200000a0   Data           4  current.o(.data)
    amp_gain                                 0x200000a4   Data           4  current.o(.data)
    vlots_to_amps                            0x200000a8   Data           4  current.o(.data)
    gain_a                                   0x200000ac   Data           4  current.o(.data)
    gain_b                                   0x200000b0   Data           4  current.o(.data)
    gain_c                                   0x200000b4   Data           4  current.o(.data)
    offset_ia                                0x200000b8   Data           4  current.o(.data)
    offset_ib                                0x200000bc   Data           4  current.o(.data)
    current_a                                0x200000c0   Data           4  current.o(.data)
    current_b                                0x200000c4   Data           4  current.o(.data)
    current_c                                0x200000c8   Data           4  current.o(.data)
    Samp_volts                               0x200000cc   Data           8  current.o(.data)
    A                                        0x200000d4   Data           4  current.o(.data)
    B                                        0x200000d8   Data           4  current.o(.data)
    reload_value                             0x200000dc   Data           4  main.o(.data)
    current                                  0x200000e0   Data           4  main.o(.data)
    Target                                   0x200000e4   Data           4  main.o(.data)
    Angle                                    0x200000e8   Data           4  main.o(.data)
    target_position                          0x200000ec   Data           4  main.o(.data)
    max_velocity                             0x200000f0   Data           4  main.o(.data)
    rx_buff                                  0x200000f4   Data           8  main.o(.data)
    rxflag                                   0x200000fc   Data           4  main.o(.data)
    testa                                    0x20000100   Data           4  main.o(.data)
    testb                                    0x20000104   Data           4  main.o(.data)
    flag                                     0x20000108   Data           4  main.o(.data)
    pid_params                               0x2000010c   Data          20  control.o(.data)
    pre_vel                                  0x20000120   Data           4  control.o(.data)
    pre_d                                    0x20000124   Data           4  control.o(.data)
    vel                                      0x20000128   Data           4  control.o(.data)
    d                                        0x2000012c   Data           4  control.o(.data)
    Last_d                                   0x20000130   Data           4  control.o(.data)
    u                                        0x20000134   Data           4  control.o(.data)
    setd                                     0x20000138   Data           4  control.o(.data)
    setv                                     0x2000013c   Data           4  control.o(.data)
    pidd                                     0x20000140   Data           4  control.o(.data)
    pidv                                     0x20000144   Data           4  control.o(.data)
    a                                        0x20000148   Data           4  control.o(.data)
    b                                        0x2000014c   Data           4  control.o(.data)
    i                                        0x20000150   Data           4  control.o(.data)
    j                                        0x20000154   Data           4  control.o(.data)
    baseangel                                0x20000158   Data           4  control.o(.data)
    angle_from_acc                           0x2000015c   Data           4  control.o(.data)
    angle                                    0x20000160   Data           4  control.o(.data)
    ag                                       0x20000164   Data           4  control.o(.data)
    dt                                       0x20000168   Data           4  control.o(.data)
    Last_Vel_ts                              0x2000016c   Data           4  control.o(.data)
    uwTick                                   0x20000174   Data           4  stm32f1xx_hal.o(.data)
    uwTickPrio                               0x20000178   Data           4  stm32f1xx_hal.o(.data)
    uwTickFreq                               0x2000017c   Data           1  stm32f1xx_hal.o(.data)
    SystemCoreClock                          0x20000180   Data           4  system_stm32f1xx.o(.data)
    __stdout                                 0x20000184   Data           4  stdout.o(.data)
    Motor0                                   0x2000018c   Data          36  foc.o(.bss)
    Motor1                                   0x200001b0   Data          36  foc.o(.bss)
    Angle_Sensor0                            0x200001d4   Data          28  foc.o(.bss)
    Current_Sensor0                          0x200001f0   Data          32  foc.o(.bss)
    velocity_pid                             0x20000210   Data          28  main.o(.bss)
    angle_pid                                0x2000022c   Data          28  main.o(.bss)
    current_pid                              0x20000248   Data          28  main.o(.bss)
    hadc1                                    0x20000264   Data          48  adc.o(.bss)
    hdma_adc1                                0x20000294   Data          68  adc.o(.bss)
    hi2c2                                    0x200002d8   Data          84  i2c.o(.bss)
    htim2                                    0x2000032c   Data          72  tim.o(.bss)
    huart1                                   0x20000374   Data          72  usart.o(.bss)
    hdma_usart1_rx                           0x200003bc   Data          68  usart.o(.bss)
    __initial_sp                             0x20000800   Data           0  startup_stm32f103xb.o(STACK)



==============================================================================

Memory Map of the image

  Image Entry point : 0x080000ed

  Load Region LR_IROM1 (Base: 0x08000000, Size: 0x00005f44, Max: 0x00010000, ABSOLUTE, COMPRESSED[0x00005e10])

    Execution Region ER_IROM1 (Exec base: 0x08000000, Load base: 0x08000000, Size: 0x00005db8, Max: 0x00010000, ABSOLUTE)

    Exec Addr    Load Addr    Size         Type   Attr      Idx    E Section Name        Object

    0x08000000   0x08000000   0x000000ec   Data   RO            3    RESET               startup_stm32f103xb.o
    0x080000ec   0x080000ec   0x00000000   Code   RO         4344  * .ARM.Collect$$$$00000000  mc_w.l(entry.o)
    0x080000ec   0x080000ec   0x00000004   Code   RO         4672    .ARM.Collect$$$$00000001  mc_w.l(entry2.o)
    0x080000f0   0x080000f0   0x00000004   Code   RO         4675    .ARM.Collect$$$$00000004  mc_w.l(entry5.o)
    0x080000f4   0x080000f4   0x00000000   Code   RO         4677    .ARM.Collect$$$$00000008  mc_w.l(entry7b.o)
    0x080000f4   0x080000f4   0x00000000   Code   RO         4679    .ARM.Collect$$$$0000000A  mc_w.l(entry8b.o)
    0x080000f4   0x080000f4   0x00000008   Code   RO         4680    .ARM.Collect$$$$0000000B  mc_w.l(entry9a.o)
    0x080000fc   0x080000fc   0x00000000   Code   RO         4682    .ARM.Collect$$$$0000000D  mc_w.l(entry10a.o)
    0x080000fc   0x080000fc   0x00000000   Code   RO         4684    .ARM.Collect$$$$0000000F  mc_w.l(entry11a.o)
    0x080000fc   0x080000fc   0x00000004   Code   RO         4673    .ARM.Collect$$$$00002712  mc_w.l(entry2.o)
    0x08000100   0x08000100   0x00000024   Code   RO            4    .text               startup_stm32f103xb.o
    0x08000124   0x08000124   0x00000020   Code   RO         4347    .text               mc_w.l(llushr.o)
    0x08000144   0x08000144   0x00000024   Code   RO         4349    .text               mc_w.l(memseta.o)
    0x08000168   0x08000168   0x000000b0   Code   RO         4611    .text               mf_w.l(fadd.o)
    0x08000218   0x08000218   0x00000064   Code   RO         4613    .text               mf_w.l(fmul.o)
    0x0800027c   0x0800027c   0x0000007c   Code   RO         4615    .text               mf_w.l(fdiv.o)
    0x080002f8   0x080002f8   0x0000014e   Code   RO         4617    .text               mf_w.l(dadd.o)
    0x08000446   0x08000446   0x000000e4   Code   RO         4619    .text               mf_w.l(dmul.o)
    0x0800052a   0x0800052a   0x000000de   Code   RO         4621    .text               mf_w.l(ddiv.o)
    0x08000608   0x08000608   0x0000001c   Code   RO         4623    .text               mf_w.l(fcmplt.o)
    0x08000624   0x08000624   0x00000012   Code   RO         4625    .text               mf_w.l(fflti.o)
    0x08000636   0x08000636   0x0000000a   Code   RO         4627    .text               mf_w.l(ffltui.o)
    0x08000640   0x08000640   0x00000032   Code   RO         4631    .text               mf_w.l(ffixi.o)
    0x08000672   0x08000672   0x00000028   Code   RO         4633    .text               mf_w.l(ffixui.o)
    0x0800069a   0x0800069a   0x00000026   Code   RO         4635    .text               mf_w.l(f2d.o)
    0x080006c0   0x080006c0   0x00000030   Code   RO         4637    .text               mf_w.l(cdrcmple.o)
    0x080006f0   0x080006f0   0x00000038   Code   RO         4639    .text               mf_w.l(d2f.o)
    0x08000728   0x08000728   0x00000014   Code   RO         4641    .text               mf_w.l(cfcmple.o)
    0x0800073c   0x0800073c   0x00000014   Code   RO         4643    .text               mf_w.l(cfrcmple.o)
    0x08000750   0x08000750   0x0000001e   Code   RO         4691    .text               mc_w.l(llshl.o)
    0x0800076e   0x0800076e   0x00000024   Code   RO         4693    .text               mc_w.l(llsshr.o)
    0x08000792   0x08000792   0x00000000   Code   RO         4702    .text               mc_w.l(iusefp.o)
    0x08000792   0x08000792   0x0000006e   Code   RO         4703    .text               mf_w.l(fepilogue.o)
    0x08000800   0x08000800   0x00000018   Code   RO         4705    .text               mf_w.l(fscalb.o)
    0x08000818   0x08000818   0x0000003c   Code   RO         4707    .text               mf_w.l(frnd.o)
    0x08000854   0x08000854   0x00000052   Code   RO         4709    .text               mf_w.l(frem.o)
    0x080008a6   0x080008a6   0x000000ba   Code   RO         4711    .text               mf_w.l(depilogue.o)
    0x08000960   0x08000960   0x00000024   Code   RO         4715    .text               mc_w.l(init.o)
    0x08000984   0x08000984   0x0000005e   Code   RO         4717    .text               mf_w.l(fsqrt.o)
    0x080009e2   0x080009e2   0x00000056   Code   RO         4727    .text               mc_w.l(__dczerorl2.o)
    0x08000a38   0x08000a38   0x000000ac   Code   RO         4175    .text.arm_cos_f32   arm_cortexM3l_math.lib(arm_cos_f32.o)
    0x08000ae4   0x08000ae4   0x000000a4   Code   RO         4184    .text.arm_sin_f32   arm_cortexM3l_math.lib(arm_sin_f32.o)
    0x08000b88   0x08000b88   0x0000005c   Code   RO         1022    i.ADC_ConversionStop_Disable  stm32f1xx_hal_adc.o
    0x08000be4   0x08000be4   0x00000052   Code   RO         1023    i.ADC_DMAConvCplt   stm32f1xx_hal_adc.o
    0x08000c36   0x08000c36   0x0000001e   Code   RO         1024    i.ADC_DMAError      stm32f1xx_hal_adc.o
    0x08000c54   0x08000c54   0x0000000e   Code   RO         1025    i.ADC_DMAHalfConvCplt  stm32f1xx_hal_adc.o
    0x08000c62   0x08000c62   0x00000002   PAD
    0x08000c64   0x08000c64   0x00000090   Code   RO         1026    i.ADC_Enable        stm32f1xx_hal_adc.o
    0x08000cf4   0x08000cf4   0x00000024   Code   RO           13    i.AS5600_Read_Reg   as5600.o
    0x08000d18   0x08000d18   0x00000004   Code   RO          809    i.BusFault_Handler  stm32f1xx_it.o
    0x08000d1c   0x08000d1c   0x00000048   Code   RO          236    i.Check_Sensor      foc.o
    0x08000d64   0x08000d64   0x00000088   Code   RO          452    i.CurrSense_Init    current.o
    0x08000dec   0x08000dec   0x00000010   Code   RO          810    i.DMA1_Channel1_IRQHandler  stm32f1xx_it.o
    0x08000dfc   0x08000dfc   0x00000010   Code   RO          811    i.DMA1_Channel5_IRQHandler  stm32f1xx_it.o
    0x08000e0c   0x08000e0c   0x0000002c   Code   RO         1683    i.DMA_SetConfig     stm32f1xx_hal_dma.o
    0x08000e38   0x08000e38   0x00000002   Code   RO          812    i.DebugMon_Handler  stm32f1xx_it.o
    0x08000e3a   0x08000e3a   0x00000002   PAD
    0x08000e3c   0x08000e3c   0x0000009c   Code   RO          453    i.DriftOffsets      current.o
    0x08000ed8   0x08000ed8   0x00000006   Code   RO          500    i.Error_Handler     main.o
    0x08000ede   0x08000ede   0x00000002   PAD
    0x08000ee0   0x08000ee0   0x0000004c   Code   RO          237    i.FOC_Init          foc.o
    0x08000f2c   0x08000f2c   0x00000070   Code   RO           16    i.GetAngle          as5600.o
    0x08000f9c   0x08000f9c   0x00000044   Code   RO           17    i.GetAngle_Without_Track  as5600.o
    0x08000fe0   0x08000fe0   0x000000c0   Code   RO           18    i.GetVelocity       as5600.o
    0x080010a0   0x080010a0   0x0000011c   Code   RO         1202    i.HAL_ADCEx_Calibration_Start  stm32f1xx_hal_adc_ex.o
    0x080011bc   0x080011bc   0x00000160   Code   RO         1028    i.HAL_ADC_ConfigChannel  stm32f1xx_hal_adc.o
    0x0800131c   0x0800131c   0x00000002   Code   RO         1029    i.HAL_ADC_ConvCpltCallback  stm32f1xx_hal_adc.o
    0x0800131e   0x0800131e   0x00000002   Code   RO         1030    i.HAL_ADC_ConvHalfCpltCallback  stm32f1xx_hal_adc.o
    0x08001320   0x08001320   0x00000002   Code   RO         1032    i.HAL_ADC_ErrorCallback  stm32f1xx_hal_adc.o
    0x08001322   0x08001322   0x00000002   PAD
    0x08001324   0x08001324   0x00000144   Code   RO         1037    i.HAL_ADC_Init      stm32f1xx_hal_adc.o
    0x08001468   0x08001468   0x000000ac   Code   RO          612    i.HAL_ADC_MspInit   adc.o
    0x08001514   0x08001514   0x00000180   Code   RO         1044    i.HAL_ADC_Start_DMA  stm32f1xx_hal_adc.o
    0x08001694   0x08001694   0x0000019c   Code   RO         1689    i.HAL_DMA_IRQHandler  stm32f1xx_hal_dma.o
    0x08001830   0x08001830   0x00000068   Code   RO         1690    i.HAL_DMA_Init      stm32f1xx_hal_dma.o
    0x08001898   0x08001898   0x0000009c   Code   RO         1694    i.HAL_DMA_Start_IT  stm32f1xx_hal_dma.o
    0x08001934   0x08001934   0x00000028   Code   RO         1305    i.HAL_Delay         stm32f1xx_hal.o
    0x0800195c   0x0800195c   0x00000320   Code   RO         1620    i.HAL_GPIO_Init     stm32f1xx_hal_gpio.o
    0x08001c7c   0x08001c7c   0x0000000c   Code   RO         1624    i.HAL_GPIO_WritePin  stm32f1xx_hal_gpio.o
    0x08001c88   0x08001c88   0x0000000c   Code   RO         1309    i.HAL_GetTick       stm32f1xx_hal.o
    0x08001c94   0x08001c94   0x000001d0   Code   RO         2317    i.HAL_I2C_Init      stm32f1xx_hal_i2c.o
    0x08001e64   0x08001e64   0x00000374   Code   RO         2335    i.HAL_I2C_Mem_Read  stm32f1xx_hal_i2c.o
    0x080021d8   0x080021d8   0x00000078   Code   RO          678    i.HAL_I2C_MspInit   i2c.o
    0x08002250   0x08002250   0x00000018   Code   RO         1315    i.HAL_IncTick       stm32f1xx_hal.o
    0x08002268   0x08002268   0x00000028   Code   RO         1316    i.HAL_Init          stm32f1xx_hal.o
    0x08002290   0x08002290   0x0000004c   Code   RO         1317    i.HAL_InitTick      stm32f1xx_hal.o
    0x080022dc   0x080022dc   0x00000054   Code   RO          897    i.HAL_MspInit       stm32f1xx_hal_msp.o
    0x08002330   0x08002330   0x00000020   Code   RO         1780    i.HAL_NVIC_EnableIRQ  stm32f1xx_hal_cortex.o
    0x08002350   0x08002350   0x0000007c   Code   RO         1786    i.HAL_NVIC_SetPriority  stm32f1xx_hal_cortex.o
    0x080023cc   0x080023cc   0x00000028   Code   RO         1787    i.HAL_NVIC_SetPriorityGrouping  stm32f1xx_hal_cortex.o
    0x080023f4   0x080023f4   0x000000fc   Code   RO         1581    i.HAL_RCCEx_GetPeriphCLKFreq  stm32f1xx_hal_rcc_ex.o
    0x080024f0   0x080024f0   0x00000130   Code   RO         1582    i.HAL_RCCEx_PeriphCLKConfig  stm32f1xx_hal_rcc_ex.o
    0x08002620   0x08002620   0x0000018c   Code   RO         1473    i.HAL_RCC_ClockConfig  stm32f1xx_hal_rcc.o
    0x080027ac   0x080027ac   0x0000000c   Code   RO         1478    i.HAL_RCC_GetHCLKFreq  stm32f1xx_hal_rcc.o
    0x080027b8   0x080027b8   0x00000020   Code   RO         1480    i.HAL_RCC_GetPCLK1Freq  stm32f1xx_hal_rcc.o
    0x080027d8   0x080027d8   0x00000020   Code   RO         1481    i.HAL_RCC_GetPCLK2Freq  stm32f1xx_hal_rcc.o
    0x080027f8   0x080027f8   0x00000070   Code   RO         1482    i.HAL_RCC_GetSysClockFreq  stm32f1xx_hal_rcc.o
    0x08002868   0x08002868   0x00000464   Code   RO         1485    i.HAL_RCC_OscConfig  stm32f1xx_hal_rcc.o
    0x08002ccc   0x08002ccc   0x00000034   Code   RO         1791    i.HAL_SYSTICK_Config  stm32f1xx_hal_cortex.o
    0x08002d00   0x08002d00   0x00000084   Code   RO         3519    i.HAL_TIMEx_MasterConfigSynchronization  stm32f1xx_hal_tim_ex.o
    0x08002d84   0x08002d84   0x00000066   Code   RO         2785    i.HAL_TIM_Base_Init  stm32f1xx_hal_tim.o
    0x08002dea   0x08002dea   0x00000002   PAD
    0x08002dec   0x08002dec   0x0000002c   Code   RO          720    i.HAL_TIM_Base_MspInit  tim.o
    0x08002e18   0x08002e18   0x0000010c   Code   RO         2794    i.HAL_TIM_ConfigClockSource  stm32f1xx_hal_tim.o
    0x08002f24   0x08002f24   0x00000054   Code   RO          721    i.HAL_TIM_MspPostInit  tim.o
    0x08002f78   0x08002f78   0x00000104   Code   RO         2857    i.HAL_TIM_PWM_ConfigChannel  stm32f1xx_hal_tim.o
    0x0800307c   0x0800307c   0x00000066   Code   RO         2860    i.HAL_TIM_PWM_Init  stm32f1xx_hal_tim.o
    0x080030e2   0x080030e2   0x00000002   Code   RO         2862    i.HAL_TIM_PWM_MspInit  stm32f1xx_hal_tim.o
    0x080030e4   0x080030e4   0x000000d4   Code   RO         2865    i.HAL_TIM_PWM_Start  stm32f1xx_hal_tim.o
    0x080031b8   0x080031b8   0x00000002   Code   RO         3779    i.HAL_UARTEx_RxEventCallback  stm32f1xx_hal_uart.o
    0x080031ba   0x080031ba   0x00000002   Code   RO         3793    i.HAL_UART_ErrorCallback  stm32f1xx_hal_uart.o
    0x080031bc   0x080031bc   0x00000076   Code   RO         3797    i.HAL_UART_Init     stm32f1xx_hal_uart.o
    0x08003232   0x08003232   0x00000002   PAD
    0x08003234   0x08003234   0x000000c4   Code   RO          768    i.HAL_UART_MspInit  usart.o
    0x080032f8   0x080032f8   0x0000002c   Code   RO         3801    i.HAL_UART_Receive_DMA  stm32f1xx_hal_uart.o
    0x08003324   0x08003324   0x00000002   Code   RO         3803    i.HAL_UART_RxCpltCallback  stm32f1xx_hal_uart.o
    0x08003326   0x08003326   0x00000002   Code   RO         3804    i.HAL_UART_RxHalfCpltCallback  stm32f1xx_hal_uart.o
    0x08003328   0x08003328   0x000000be   Code   RO         3805    i.HAL_UART_Transmit  stm32f1xx_hal_uart.o
    0x080033e6   0x080033e6   0x00000004   Code   RO          813    i.HardFault_Handler  stm32f1xx_it.o
    0x080033ea   0x080033ea   0x0000003e   Code   RO         2361    i.I2C_IsAcknowledgeFailed  stm32f1xx_hal_i2c.o
    0x08003428   0x08003428   0x00000160   Code   RO         2372    i.I2C_RequestMemoryRead  stm32f1xx_hal_i2c.o
    0x08003588   0x08003588   0x000000be   Code   RO         2382    i.I2C_WaitOnFlagUntilTimeout  stm32f1xx_hal_i2c.o
    0x08003646   0x08003646   0x000000fa   Code   RO         2383    i.I2C_WaitOnMasterAddressFlagUntilTimeout  stm32f1xx_hal_i2c.o
    0x08003740   0x08003740   0x0000008a   Code   RO         2384    i.I2C_WaitOnRXNEFlagUntilTimeout  stm32f1xx_hal_i2c.o
    0x080037ca   0x080037ca   0x00000066   Code   RO         2387    i.I2C_WaitOnTXEFlagUntilTimeout  stm32f1xx_hal_i2c.o
    0x08003830   0x08003830   0x000000f4   Code   RO          193    i.Lowpassfilter     filter.o
    0x08003924   0x08003924   0x0000005c   Code   RO          239    i.M0_Set_Position_Velocity  foc.o
    0x08003980   0x08003980   0x00000074   Code   RO          613    i.MX_ADC1_Init      adc.o
    0x080039f4   0x080039f4   0x00000044   Code   RO          653    i.MX_DMA_Init       dma.o
    0x08003a38   0x08003a38   0x00000090   Code   RO          587    i.MX_GPIO_Init      gpio.o
    0x08003ac8   0x08003ac8   0x0000003c   Code   RO          679    i.MX_I2C2_Init      i2c.o
    0x08003b04   0x08003b04   0x000000c4   Code   RO          722    i.MX_TIM2_Init      tim.o
    0x08003bc8   0x08003bc8   0x00000038   Code   RO          769    i.MX_USART1_UART_Init  usart.o
    0x08003c00   0x08003c00   0x00000004   Code   RO          814    i.MemManage_Handler  stm32f1xx_it.o
    0x08003c04   0x08003c04   0x00000054   Code   RO          243    i.Motor_en          foc.o
    0x08003c58   0x08003c58   0x00000004   Code   RO          815    i.NMI_Handler       stm32f1xx_it.o
    0x08003c5c   0x08003c5c   0x00000140   Code   RO          416    i.PID_Controller    pid.o
    0x08003d9c   0x08003d9c   0x00000014   Code   RO          418    i.PID_Init          pid.o
    0x08003db0   0x08003db0   0x00000020   Code   RO          244    i.PWM_Channel1      foc.o
    0x08003dd0   0x08003dd0   0x00000020   Code   RO          245    i.PWM_Channel2      foc.o
    0x08003df0   0x08003df0   0x00000020   Code   RO          246    i.PWM_Channel3      foc.o
    0x08003e10   0x08003e10   0x00000002   Code   RO          816    i.PendSV_Handler    stm32f1xx_it.o
    0x08003e12   0x08003e12   0x00000002   PAD
    0x08003e14   0x08003e14   0x00000028   Code   RO         1486    i.RCC_Delay         stm32f1xx_hal_rcc.o
    0x08003e3c   0x08003e3c   0x00000002   Code   RO          817    i.SVC_Handler       stm32f1xx_it.o
    0x08003e3e   0x08003e3e   0x00000002   PAD
    0x08003e40   0x08003e40   0x000000c8   Code   RO          247    i.SetPhaseVoltage   foc.o
    0x08003f08   0x08003f08   0x000000c0   Code   RO          248    i.SetPwm            foc.o
    0x08003fc8   0x08003fc8   0x00000084   Code   RO          251    i.Set_Velocity      foc.o
    0x0800404c   0x0800404c   0x00000008   Code   RO          818    i.SysTick_Handler   stm32f1xx_it.o
    0x08004054   0x08004054   0x00000084   Code   RO          501    i.SystemClock_Config  main.o
    0x080040d8   0x080040d8   0x00000002   Code   RO         4141    i.SystemInit        system_stm32f1xx.o
    0x080040da   0x080040da   0x00000002   PAD
    0x080040dc   0x080040dc   0x00000084   Code   RO         2878    i.TIM_Base_SetConfig  stm32f1xx_hal_tim.o
    0x08004160   0x08004160   0x00000022   Code   RO         2879    i.TIM_CCxChannelCmd  stm32f1xx_hal_tim.o
    0x08004182   0x08004182   0x00000016   Code   RO         2889    i.TIM_ETR_SetConfig  stm32f1xx_hal_tim.o
    0x08004198   0x08004198   0x00000012   Code   RO         2890    i.TIM_ITRx_SetConfig  stm32f1xx_hal_tim.o
    0x080041aa   0x080041aa   0x00000002   PAD
    0x080041ac   0x080041ac   0x00000060   Code   RO         2891    i.TIM_OC1_SetConfig  stm32f1xx_hal_tim.o
    0x0800420c   0x0800420c   0x00000068   Code   RO         2892    i.TIM_OC2_SetConfig  stm32f1xx_hal_tim.o
    0x08004274   0x08004274   0x00000068   Code   RO         2893    i.TIM_OC3_SetConfig  stm32f1xx_hal_tim.o
    0x080042dc   0x080042dc   0x00000048   Code   RO         2894    i.TIM_OC4_SetConfig  stm32f1xx_hal_tim.o
    0x08004324   0x08004324   0x00000026   Code   RO         2896    i.TIM_TI1_ConfigInputStage  stm32f1xx_hal_tim.o
    0x0800434a   0x0800434a   0x00000028   Code   RO         2898    i.TIM_TI2_ConfigInputStage  stm32f1xx_hal_tim.o
    0x08004372   0x08004372   0x00000050   Code   RO         3811    i.UART_DMAError     stm32f1xx_hal_uart.o
    0x080043c2   0x080043c2   0x000000b4   Code   RO         3812    i.UART_DMAReceiveCplt  stm32f1xx_hal_uart.o
    0x08004476   0x08004476   0x00000024   Code   RO         3814    i.UART_DMARxHalfCplt  stm32f1xx_hal_uart.o
    0x0800449a   0x0800449a   0x0000006c   Code   RO         3820    i.UART_EndRxTransfer  stm32f1xx_hal_uart.o
    0x08004506   0x08004506   0x00000026   Code   RO         3822    i.UART_EndTxTransfer  stm32f1xx_hal_uart.o
    0x0800452c   0x0800452c   0x000000fc   Code   RO         3824    i.UART_SetConfig    stm32f1xx_hal_uart.o
    0x08004628   0x08004628   0x000000c8   Code   RO         3825    i.UART_Start_Receive_DMA  stm32f1xx_hal_uart.o
    0x080046f0   0x080046f0   0x0000008c   Code   RO         3828    i.UART_WaitOnFlagUntilTimeout  stm32f1xx_hal_uart.o
    0x0800477c   0x0800477c   0x00000004   Code   RO          819    i.UsageFault_Handler  stm32f1xx_it.o
    0x08004780   0x08004780   0x00000010   Code   RO         4352    i.__0printf$bare    mc_w.l(printfb.o)
    0x08004790   0x08004790   0x00000026   Code   RO         4645    i.__ARM_fpclassifyf  m_ws.l(fpclassifyf.o)
    0x080047b6   0x080047b6   0x00000002   PAD
    0x080047b8   0x080047b8   0x00000010   Code   RO         1793    i.__NVIC_GetPriorityGrouping  stm32f1xx_hal_cortex.o
    0x080047c8   0x080047c8   0x00000028   Code   RO         1794    i.__NVIC_SetPriority  stm32f1xx_hal_cortex.o
    0x080047f0   0x080047f0   0x00000006   Code   RO         4648    i.__mathlib_flt_infnan  m_ws.l(funder.o)
    0x080047f6   0x080047f6   0x00000008   Code   RO         4650    i.__mathlib_flt_invalid  m_ws.l(funder.o)
    0x080047fe   0x080047fe   0x0000000a   Code   RO         4653    i.__mathlib_flt_underflow  m_ws.l(funder.o)
    0x08004808   0x08004808   0x00000168   Code   RO         4661    i.__mathlib_rredf2  m_ws.l(rredf.o)
    0x08004970   0x08004970   0x0000000e   Code   RO         4721    i.__scatterload_copy  mc_w.l(handlers.o)
    0x0800497e   0x0800497e   0x00000002   Code   RO         4722    i.__scatterload_null  mc_w.l(handlers.o)
    0x08004980   0x08004980   0x0000000e   Code   RO         4723    i.__scatterload_zeroinit  mc_w.l(handlers.o)
    0x0800498e   0x0800498e   0x00000002   PAD
    0x08004990   0x08004990   0x0000000c   Code   RO         4697    i.__set_errno       mc_w.l(errno.o)
    0x0800499c   0x0800499c   0x00000028   Code   RO          921    i._constrain        control.o
    0x080049c4   0x080049c4   0x00000022   Code   RO         4359    i._printf_core      mc_w.l(printfb.o)
    0x080049e6   0x080049e6   0x00000002   PAD
    0x080049e8   0x080049e8   0x00000124   Code   RO         4313    i.asinf             m_ws.l(asinf.o)
    0x08004b0c   0x08004b0c   0x00000028   Code   RO          253    i.constrain         foc.o
    0x08004b34   0x08004b34   0x000000bc   Code   RO          922    i.control           control.o
    0x08004bf0   0x08004bf0   0x0000017c   Code   RO         4321    i.cosf              m_ws.l(cosf.o)
    0x08004d6c   0x08004d6c   0x00000058   Code   RO          254    i.electricAngle     foc.o
    0x08004dc4   0x08004dc4   0x0000006c   Code   RO         4329    i.fmodf             m_ws.l(fmodf.o)
    0x08004e30   0x08004e30   0x0000001c   Code   RO          503    i.fputc             main.o
    0x08004e4c   0x08004e4c   0x00000002   Code   RO          923    i.get_d             control.o
    0x08004e4e   0x08004e4e   0x00000002   Code   RO          924    i.get_vel           control.o
    0x08004e50   0x08004e50   0x00000148   Code   RO          504    i.main              main.o
    0x08004f98   0x08004f98   0x0000002c   Code   RO          255    i.normalizeAngle    foc.o
    0x08004fc4   0x08004fc4   0x00000080   Code   RO          925    i.pid               control.o
    0x08005044   0x08005044   0x00000340   Code   RO          926    i.predict_vel       control.o
    0x08005384   0x08005384   0x00000188   Code   RO         4337    i.sinf              m_ws.l(sinf.o)
    0x0800550c   0x0800550c   0x0000002c   Code   RO         4665    i.sqrtf             m_ws.l(sqrtf.o)
    0x08005538   0x08005538   0x00000012   Data   RO         1487    .constdata          stm32f1xx_hal_rcc.o
    0x0800554a   0x0800554a   0x00000012   Data   RO         1583    .constdata          stm32f1xx_hal_rcc_ex.o
    0x0800555c   0x0800555c   0x00000018   Data   RO         4142    .constdata          system_stm32f1xx.o
    0x08005574   0x08005574   0x00000020   Data   RO         4662    .constdata          m_ws.l(rredf.o)
    0x08005594   0x08005594   0x00000804   Data   RO         4305    .rodata.sinTable_f32  arm_cortexM3l_math.lib(arm_common_tables.o)
    0x08005d98   0x08005d98   0x00000020   Data   RO         4719    Region$$Table       anon$$obj.o


    Execution Region RW_IRAM1 (Exec base: 0x20000000, Load base: 0x08005db8, Size: 0x00000800, Max: 0x00005000, ABSOLUTE, COMPRESSED[0x00000058])

    Exec Addr    Load Addr    Size         Type   Attr      Idx    E Section Name        Object

    0x20000000   COMPRESSED   0x000000a0   Data   RW          258    .data               foc.o
    0x200000a0   COMPRESSED   0x0000003c   Data   RW          456    .data               current.o
    0x200000dc   COMPRESSED   0x00000030   Data   RW          506    .data               main.o
    0x2000010c   COMPRESSED   0x00000068   Data   RW          927    .data               control.o
    0x20000174   COMPRESSED   0x00000009   Data   RW         1323    .data               stm32f1xx_hal.o
    0x2000017d   COMPRESSED   0x00000003   PAD
    0x20000180   COMPRESSED   0x00000004   Data   RW         4143    .data               system_stm32f1xx.o
    0x20000184   COMPRESSED   0x00000004   Data   RW         4686    .data               mc_w.l(stdout.o)
    0x20000188   COMPRESSED   0x00000004   Data   RW         4698    .data               mc_w.l(errno.o)
    0x2000018c        -       0x00000084   Zero   RW          257    .bss                foc.o
    0x20000210        -       0x00000054   Zero   RW          505    .bss                main.o
    0x20000264        -       0x00000074   Zero   RW          614    .bss                adc.o
    0x200002d8        -       0x00000054   Zero   RW          680    .bss                i2c.o
    0x2000032c        -       0x00000048   Zero   RW          723    .bss                tim.o
    0x20000374        -       0x0000008c   Zero   RW          770    .bss                usart.o
    0x20000400        -       0x00000400   Zero   RW            1    STACK               startup_stm32f103xb.o


==============================================================================

Image component sizes


      Code (inc. data)   RO Data    RW Data    ZI Data      Debug   Object Name

       288         32          0          0        116       1719   adc.o
       408         38          0          0          0     458515   as5600.o
      1192        122          0        104          0       4388   control.o
       292         64          0         60          0       2519   current.o
        68          4          0          0          0        730   dma.o
       244         16          0          0          0       1096   filter.o
      1116        132          0        160        132      10681   foc.o
       144         10          0          0          0        883   gpio.o
       180         26          0          0         84       1569   i2c.o
       494         80          0         48         84       5185   main.o
       340         24          0          0          0       1540   pid.o
        36          8        236          0       1024        792   startup_stm32f103xb.o
       192         36          0          9          0       5809   stm32f1xx_hal.o
      1428         56          0          0          0       8226   stm32f1xx_hal_adc.o
       284          6          0          0          0       1442   stm32f1xx_hal_adc_ex.o
       304         22          0          0          0      29375   stm32f1xx_hal_cortex.o
       716          8          0          0          0       3435   stm32f1xx_hal_dma.o
       812         34          0          0          0       2644   stm32f1xx_hal_gpio.o
      2442         38          0          0          0       8618   stm32f1xx_hal_i2c.o
        84          8          0          0          0        874   stm32f1xx_hal_msp.o
      1748         98         18          0          0       5888   stm32f1xx_hal_rcc.o
       556         34         18          0          0       2341   stm32f1xx_hal_rcc_ex.o
      1606         46          0          0          0      11762   stm32f1xx_hal_tim.o
       132         14          0          0          0       1312   stm32f1xx_hal_tim_ex.o
      1394         18          0          0          0      10730   stm32f1xx_hal_uart.o
        66         12          0          0          0       4776   stm32f1xx_it.o
         2          0         24          4          0       1091   system_stm32f1xx.o
       324         20          0          0         72       2284   tim.o
       252         30          0          0        140       1713   usart.o

    ----------------------------------------------------------------------
     17164       1036        328        388       1652     591937   Object Totals
         0          0         32          0          0          0   (incl. Generated)
        20          0          0          3          0          0   (incl. Padding)

    ----------------------------------------------------------------------

      Code (inc. data)   RO Data    RW Data    ZI Data      Debug   Library Member Name

         0          0       2052          0          0       6294   arm_common_tables.o
       172          0          0          0          0        962   arm_cos_f32.o
       164          0          0          0          0        957   arm_sin_f32.o
       292         38          0          0          0        120   asinf.o
       380         52          0          0          0        124   cosf.o
       108          0          0          0          0         96   fmodf.o
        38          0          0          0          0         68   fpclassifyf.o
        24          0          0          0          0        204   funder.o
       360         16         32          0          0         88   rredf.o
       392         54          0          0          0        124   sinf.o
        44          0          0          0          0         80   sqrtf.o
        86          0          0          0          0          0   __dczerorl2.o
         0          0          0          0          0          0   entry.o
         0          0          0          0          0          0   entry10a.o
         0          0          0          0          0          0   entry11a.o
         8          4          0          0          0          0   entry2.o
         4          0          0          0          0          0   entry5.o
         0          0          0          0          0          0   entry7b.o
         0          0          0          0          0          0   entry8b.o
         8          4          0          0          0          0   entry9a.o
        12          6          0          4          0         68   errno.o
        30          0          0          0          0          0   handlers.o
        36          8          0          0          0         68   init.o
         0          0          0          0          0          0   iusefp.o
        30          0          0          0          0         68   llshl.o
        36          0          0          0          0         68   llsshr.o
        32          0          0          0          0         68   llushr.o
        36          0          0          0          0        108   memseta.o
        50          8          0          0          0        152   printfb.o
         0          0          0          4          0          0   stdout.o
        48          0          0          0          0         68   cdrcmple.o
        20          0          0          0          0         68   cfcmple.o
        20          0          0          0          0         68   cfrcmple.o
        56          0          0          0          0         88   d2f.o
       334          0          0          0          0        148   dadd.o
       222          0          0          0          0        100   ddiv.o
       186          0          0          0          0        176   depilogue.o
       228          0          0          0          0         96   dmul.o
        38          0          0          0          0         68   f2d.o
       176          0          0          0          0        140   fadd.o
        28          0          0          0          0         68   fcmplt.o
       124          0          0          0          0         88   fdiv.o
       110          0          0          0          0        168   fepilogue.o
        50          0          0          0          0         68   ffixi.o
        40          0          0          0          0         68   ffixui.o
        18          0          0          0          0         68   fflti.o
        10          0          0          0          0         68   ffltui.o
       100          0          0          0          0         76   fmul.o
        82          0          0          0          0         96   frem.o
        60          0          0          0          0         76   frnd.o
        24          0          0          0          0         68   fscalb.o
        94          0          0          0          0         96   fsqrt.o

    ----------------------------------------------------------------------
      4416        190       2084          8          0      11745   Library Totals
         6          0          0          0          0          0   (incl. Padding)

    ----------------------------------------------------------------------

      Code (inc. data)   RO Data    RW Data    ZI Data      Debug   Library Name

       336          0       2052          0          0       8213   arm_cortexM3l_math.lib
      1638        160         32          0          0        904   m_ws.l
       368         30          0          8          0        600   mc_w.l
      2068          0          0          0          0       2028   mf_w.l

    ----------------------------------------------------------------------
      4416        190       2084          8          0      11745   Library Totals

    ----------------------------------------------------------------------

==============================================================================


      Code (inc. data)   RO Data    RW Data    ZI Data      Debug   

     21580       1226       2412        396       1652     595214   Grand Totals
     21580       1226       2412         88       1652     595214   ELF Image Totals (compressed)
     21580       1226       2412         88          0          0   ROM Totals

==============================================================================

    Total RO  Size (Code + RO Data)                23992 (  23.43kB)
    Total RW  Size (RW Data + ZI Data)              2048 (   2.00kB)
    Total ROM Size (Code + RO Data + RW Data)      24080 (  23.52kB)

==============================================================================

