Component: ARM Compiler 5.06 update 6 (build 750) Tool: armlink [4d35ed]

==============================================================================

Section Cross References

    startup_stm32f103xb.o(RESET) refers to startup_stm32f103xb.o(STACK) for __initial_sp
    startup_stm32f103xb.o(RESET) refers to startup_stm32f103xb.o(.text) for Reset_Handler
    startup_stm32f103xb.o(RESET) refers to stm32f1xx_it.o(i.NMI_Handler) for NMI_Handler
    startup_stm32f103xb.o(RESET) refers to stm32f1xx_it.o(i.HardFault_Handler) for HardFault_Handler
    startup_stm32f103xb.o(RESET) refers to stm32f1xx_it.o(i.MemManage_Handler) for MemManage_Handler
    startup_stm32f103xb.o(RESET) refers to stm32f1xx_it.o(i.BusFault_Handler) for BusFault_Handler
    startup_stm32f103xb.o(RESET) refers to stm32f1xx_it.o(i.UsageFault_Handler) for UsageFault_Handler
    startup_stm32f103xb.o(RESET) refers to stm32f1xx_it.o(i.SVC_Handler) for SVC_Handler
    startup_stm32f103xb.o(RESET) refers to stm32f1xx_it.o(i.DebugMon_Handler) for DebugMon_Handler
    startup_stm32f103xb.o(RESET) refers to stm32f1xx_it.o(i.PendSV_Handler) for PendSV_Handler
    startup_stm32f103xb.o(RESET) refers to stm32f1xx_it.o(i.SysTick_Handler) for SysTick_Handler
    startup_stm32f103xb.o(RESET) refers to stm32f1xx_it.o(i.DMA1_Channel1_IRQHandler) for DMA1_Channel1_IRQHandler
    startup_stm32f103xb.o(.text) refers to system_stm32f1xx.o(i.SystemInit) for SystemInit
    startup_stm32f103xb.o(.text) refers to entry.o(.ARM.Collect$$$$00000000) for __main
    as5600.o(i.AS5600_Read_Reg) refers to stm32f1xx_hal_i2c.o(i.HAL_I2C_Mem_Read) for HAL_I2C_Mem_Read
    as5600.o(i.AS5600_Read_Reg) refers to i2c.o(.bss) for hi2c2
    as5600.o(i.AS5600_Write_Reg) refers to stm32f1xx_hal_i2c.o(i.HAL_I2C_Mem_Write) for HAL_I2C_Mem_Write
    as5600.o(i.AS5600_Write_Reg) refers to i2c.o(.bss) for hi2c2
    as5600.o(i.AS5600_Write_Regs) refers to stm32f1xx_hal_i2c.o(i.HAL_I2C_Mem_Write) for HAL_I2C_Mem_Write
    as5600.o(i.AS5600_Write_Regs) refers to i2c.o(.bss) for hi2c2
    as5600.o(i.GetAngle) refers to as5600.o(i.GetAngle_Without_Track) for GetAngle_Without_Track
    as5600.o(i.GetAngle) refers to fadd.o(.text) for __aeabi_fsub
    as5600.o(i.GetAngle) refers to f2d.o(.text) for __aeabi_f2d
    as5600.o(i.GetAngle) refers to cdrcmple.o(.text) for __aeabi_cdrcmple
    as5600.o(i.GetAngle) refers to cfrcmple.o(.text) for __aeabi_cfrcmple
    as5600.o(i.GetAngle) refers to fflti.o(.text) for __aeabi_i2f
    as5600.o(i.GetAngle) refers to fmul.o(.text) for __aeabi_fmul
    as5600.o(i.GetAngle) refers to as5600.o(.data) for angle_d
    as5600.o(i.GetAngle_Without_Track) refers to as5600.o(i.AS5600_Read_Reg) for AS5600_Read_Reg
    as5600.o(i.GetAngle_Without_Track) refers to fflti.o(.text) for __aeabi_i2f
    as5600.o(i.GetAngle_Without_Track) refers to fmul.o(.text) for __aeabi_fmul
    as5600.o(i.GetAngle_Without_Track) refers to fdiv.o(.text) for __aeabi_fdiv
    as5600.o(i.GetAngle_Without_Track) refers to as5600.o(.data) for angle_d
    as5600.o(i.GetVelocity) refers to fdiv.o(.text) for __aeabi_fdiv
    as5600.o(i.GetVelocity) refers to fflti.o(.text) for __aeabi_i2f
    as5600.o(i.GetVelocity) refers to fmul.o(.text) for __aeabi_fmul
    as5600.o(i.GetVelocity) refers to fadd.o(.text) for __aeabi_frsub
    as5600.o(i.GetVelocity) refers to as5600.o(i.GetAngle) for GetAngle
    as5600.o(i.GetVelocity) refers to as5600.o(.data) for Last_Vel_ts
    as5600.o(i.GetVelocity) refers to main.o(.data) for reload_value
    filter.o(i.ApplyFilters) refers to filter.o(i.Lowpassfilter) for Lowpassfilter
    filter.o(i.ApplyFilters) refers to filter.o(i.KalmanFilter_Init) for KalmanFilter_Init
    filter.o(i.ApplyFilters) refers to filter.o(i.KalmanFilter_Update) for KalmanFilter_Update
    filter.o(i.ApplyFilters) refers to filter.o(.data) for kalman_initialized
    filter.o(i.ApplyFilters) refers to filter.o(.bss) for kalman_filter
    filter.o(i.KalmanFilter_Update) refers to fadd.o(.text) for __aeabi_fadd
    filter.o(i.KalmanFilter_Update) refers to fdiv.o(.text) for __aeabi_fdiv
    filter.o(i.KalmanFilter_Update) refers to fmul.o(.text) for __aeabi_fmul
    filter.o(i.Lowpassfilter) refers to fdiv.o(.text) for __aeabi_fdiv
    filter.o(i.Lowpassfilter) refers to ffltui.o(.text) for __aeabi_ui2f
    filter.o(i.Lowpassfilter) refers to fmul.o(.text) for __aeabi_fmul
    filter.o(i.Lowpassfilter) refers to fadd.o(.text) for __aeabi_frsub
    filter.o(i.Lowpassfilter) refers to filter.o(.data) for Last_Timesamp
    filter.o(i.Lowpassfilter) refers to main.o(.data) for reload_value
    filter.o(i.Lowpassfilter_sim) refers to f2d.o(.text) for __aeabi_f2d
    filter.o(i.Lowpassfilter_sim) refers to dmul.o(.text) for __aeabi_dmul
    filter.o(i.Lowpassfilter_sim) refers to dadd.o(.text) for __aeabi_dadd
    filter.o(i.Lowpassfilter_sim) refers to d2f.o(.text) for __aeabi_d2f
    filter.o(i.Lowpassfilter_sim) refers to filter.o(.data) for y
[...]
    Removing arm_common_tables.o(.rodata.armBitRevIndexTableF64_32), (48 bytes).
    Removing arm_common_tables.o(.rodata.armBitRevIndexTableF64_64), (112 bytes).
    Removing arm_common_tables.o(.rodata.armBitRevIndexTableF64_128), (224 bytes).
    Removing arm_common_tables.o(.rodata.armBitRevIndexTableF64_256), (480 bytes).
    Removing arm_common_tables.o(.rodata.armBitRevIndexTableF64_512), (960 bytes).
    Removing arm_common_tables.o(.rodata.armBitRevIndexTableF64_1024), (1984 bytes).
    Removing arm_common_tables.o(.rodata.armBitRevIndexTableF64_2048), (3968 bytes).
    Removing arm_common_tables.o(.rodata.armBitRevIndexTableF64_4096), (8064 bytes).
    Removing arm_common_tables.o(.rodata.armBitRevIndexTable16), (40 bytes).
    Removing arm_common_tables.o(.rodata.armBitRevIndexTable32), (96 bytes).
    Removing arm_common_tables.o(.rodata.armBitRevIndexTable64), (112 bytes).
    Removing arm_common_tables.o(.rodata.armBitRevIndexTable128), (416 bytes).
    Removing arm_common_tables.o(.rodata.armBitRevIndexTable256), (880 bytes).
    Removing arm_common_tables.o(.rodata.armBitRevIndexTable512), (896 bytes).
    Removing arm_common_tables.o(.rodata.armBitRevIndexTable1024), (3600 bytes).
    Removing arm_common_tables.o(.rodata.armBitRevIndexTable2048), (7616 bytes).
    Removing arm_common_tables.o(.rodata.armBitRevIndexTable4096), (8064 bytes).
    Removing arm_common_tables.o(.rodata.armBitRevIndexTable_fixed_16), (24 bytes).
    Removing arm_common_tables.o(.rodata.armBitRevIndexTable_fixed_32), (48 bytes).
    Removing arm_common_tables.o(.rodata.armBitRevIndexTable_fixed_64), (112 bytes).
    Removing arm_common_tables.o(.rodata.armBitRevIndexTable_fixed_128), (224 bytes).
    Removing arm_common_tables.o(.rodata.armBitRevIndexTable_fixed_256), (480 bytes).
    Removing arm_common_tables.o(.rodata.armBitRevIndexTable_fixed_512), (960 bytes).
    Removing arm_common_tables.o(.rodata.armBitRevIndexTable_fixed_1024), (1984 bytes).
    Removing arm_common_tables.o(.rodata.armBitRevIndexTable_fixed_2048), (3968 bytes).
    Removing arm_common_tables.o(.rodata.armBitRevIndexTable_fixed_4096), (8064 bytes).
    Removing arm_common_tables.o(.rodata.twiddleCoefF64_rfft_32), (256 bytes).
    Removing arm_common_tables.o(.rodata.twiddleCoefF64_rfft_64), (512 bytes).
    Removing arm_common_tables.o(.rodata.twiddleCoefF64_rfft_128), (1024 bytes).
    Removing arm_common_tables.o(.rodata.twiddleCoefF64_rfft_256), (2048 bytes).
    Removing arm_common_tables.o(.rodata.twiddleCoefF64_rfft_512), (4096 bytes).
    Removing arm_common_tables.o(.rodata.twiddleCoefF64_rfft_1024), (8192 bytes).
    Removing arm_common_tables.o(.rodata.twiddleCoefF64_rfft_2048), (16384 bytes).
    Removing arm_common_tables.o(.rodata.twiddleCoefF64_rfft_4096), (32768 bytes).
    Removing arm_common_tables.o(.rodata.twiddleCoef_rfft_32), (128 bytes).
    Removing arm_common_tables.o(.rodata.twiddleCoef_rfft_64), (256 bytes).
    Removing arm_common_tables.o(.rodata.twiddleCoef_rfft_128), (512 bytes).
    Removing arm_common_tables.o(.rodata.twiddleCoef_rfft_256), (1024 bytes).
    Removing arm_common_tables.o(.rodata.twiddleCoef_rfft_512), (2048 bytes).
    Removing arm_common_tables.o(.rodata.twiddleCoef_rfft_1024), (4096 bytes).
    Removing arm_common_tables.o(.rodata.twiddleCoef_rfft_2048), (8192 bytes).
    Removing arm_common_tables.o(.rodata.twiddleCoef_rfft_4096), (16384 bytes).
    Removing arm_common_tables.o(.rodata.realCoefA), (32768 bytes).
    Removing arm_common_tables.o(.rodata.realCoefB), (32768 bytes).
    Removing arm_common_tables.o(.rodata.realCoefAQ31), (32768 bytes).
    Removing arm_common_tables.o(.rodata.realCoefBQ31), (32768 bytes).
    Removing arm_common_tables.o(.rodata.realCoefAQ15), (16384 bytes).
    Removing arm_common_tables.o(.rodata.realCoefBQ15), (16384 bytes).
    Removing arm_common_tables.o(.rodata.Weights_128), (1024 bytes).
    Removing arm_common_tables.o(.rodata.cos_factors_128), (512 bytes).
    Removing arm_common_tables.o(.rodata.Weights_512), (4096 bytes).
    Removing arm_common_tables.o(.rodata.cos_factors_512), (2048 bytes).
    Removing arm_common_tables.o(.rodata.Weights_2048), (16384 bytes).
    Removing arm_common_tables.o(.rodata.cos_factors_2048), (8192 bytes).
    Removing arm_common_tables.o(.rodata.Weights_8192), (65536 bytes).
    Removing arm_common_tables.o(.rodata.cos_factors_8192), (32768 bytes).
    Removing arm_common_tables.o(.rodata.WeightsQ15_128), (512 bytes).
    Removing arm_common_tables.o(.rodata.cos_factorsQ15_128), (256 bytes).
    Removing arm_common_tables.o(.rodata.WeightsQ15_512), (2048 bytes).
    Removing arm_common_tables.o(.rodata.cos_factorsQ15_512), (1024 bytes).
    Removing arm_common_tables.o(.rodata.WeightsQ15_2048), (8192 bytes).
    Removing arm_common_tables.o(.rodata.cos_factorsQ15_2048), (4096 bytes).
    Removing arm_common_tables.o(.rodata.WeightsQ15_8192), (32768 bytes).
    Removing arm_common_tables.o(.rodata.cos_factorsQ15_8192), (16384 bytes).
    Removing arm_common_tables.o(.rodata.WeightsQ31_128), (1024 bytes).
    Removing arm_common_tables.o(.rodata.cos_factorsQ31_128), (512 bytes).
    Removing arm_common_tables.o(.rodata.WeightsQ31_512), (4096 bytes).
    Removing arm_common_tables.o(.rodata.cos_factorsQ31_512), (2048 bytes).
    Removing arm_common_tables.o(.rodata.WeightsQ31_2048), (16384 bytes).
    Removing arm_common_tables.o(.rodata.cos_factorsQ31_2048), (8192 bytes).
    Removing arm_common_tables.o(.rodata.WeightsQ31_8192), (65536 bytes).
    Removing arm_common_tables.o(.rodata.cos_factorsQ31_8192), (32768 bytes).
    Removing arm_common_tables.o(.rodata.armRecipTableQ15), (128 bytes).
    Removing arm_common_tables.o(.rodata.armRecipTableQ31), (256 bytes).
    Removing arm_common_tables.o(.rodata.sinTable_q31), (2052 bytes).
    Removing arm_common_tables.o(.rodata.sinTable_q15), (1026 bytes).
    Removing dadd.o(.text), (334 bytes).
    Removing ddiv.o(.text), (222 bytes).
    Removing dfltui.o(.text), (26 bytes).
    Removing cdcmple.o(.text), (48 bytes).
    Removing cdrcmple.o(.text), (48 bytes).
    Removing fscalb.o(.text), (24 bytes).

666 unused section(s) (total 973710 bytes) removed from the image.

==============================================================================

Image Symbol Table

    Local Symbols

    Symbol Name                              Value     Ov Type        Size  Object(Section)

    ../Core/Src/adc.c                        0x00000000   Number         0  adc.o ABSOLUTE
    ../Core/Src/dma.c                        0x00000000   Number         0  dma.o ABSOLUTE
    ../Core/Src/gpio.c                       0x00000000   Number         0  gpio.o ABSOLUTE
    ../Core/Src/i2c.c                        0x00000000   Number         0  i2c.o ABSOLUTE
    ../Core/Src/main.c                       0x00000000   Number         0  main.o ABSOLUTE
    ../Core/Src/stm32f1xx_hal_msp.c          0x00000000   Number         0  stm32f1xx_hal_msp.o ABSOLUTE
    ../Core/Src/stm32f1xx_it.c               0x00000000   Number         0  stm32f1xx_it.o ABSOLUTE
    ../Core/Src/system_stm32f1xx.c           0x00000000   Number         0  system_stm32f1xx.o ABSOLUTE
    ../Core/Src/tim.c                        0x00000000   Number         0  tim.o ABSOLUTE
    ../Core/Src/usart.c                      0x00000000   Number         0  usart.o ABSOLUTE
    ../Drivers/STM32F1xx_HAL_Driver/Src/stm32f1xx_hal.c 0x00000000   Number         0  stm32f1xx_hal.o ABSOLUTE
    ../Drivers/STM32F1xx_HAL_Driver/Src/stm32f1xx_hal_adc.c 0x00000000   Number         0  stm32f1xx_hal_adc.o ABSOLUTE
    ../Drivers/STM32F1xx_HAL_Driver/Src/stm32f1xx_hal_adc_ex.c 0x00000000   Number         0  stm32f1xx_hal_adc_ex.o ABSOLUTE
    ../Drivers/STM32F1xx_HAL_Driver/Src/stm32f1xx_hal_cortex.c 0x00000000   Number         0  stm32f1xx_hal_cortex.o ABSOLUTE
    ../Drivers/STM32F1xx_HAL_Driver/Src/stm32f1xx_hal_dma.c 0x00000000   Number         0  stm32f1xx_hal_dma.o ABSOLUTE
    ../Drivers/STM32F1xx_HAL_Driver/Src/stm32f1xx_hal_exti.c 0x00000000   Number         0  stm32f1xx_hal_exti.o ABSOLUTE
    ../Drivers/STM32F1xx_HAL_Driver/Src/stm32f1xx_hal_flash.c 0x00000000   Number         0  stm32f1xx_hal_flash.o ABSOLUTE
    ../Drivers/STM32F1xx_HAL_Driver/Src/stm32f1xx_hal_flash_ex.c 0x00000000   Number         0  stm32f1xx_hal_flash_ex.o ABSOLUTE
    ../Drivers/STM32F1xx_HAL_Driver/Src/stm32f1xx_hal_gpio.c 0x00000000   Number         0  stm32f1xx_hal_gpio.o ABSOLUTE
    ../Drivers/STM32F1xx_HAL_Driver/Src/stm32f1xx_hal_gpio_ex.c 0x00000000   Number         0  stm32f1xx_hal_gpio_ex.o ABSOLUTE
    ../Drivers/STM32F1xx_HAL_Driver/Src/stm32f1xx_hal_i2c.c 0x00000000   Number         0  stm32f1xx_hal_i2c.o ABSOLUTE
    ../Drivers/STM32F1xx_HAL_Driver/Src/stm32f1xx_hal_pwr.c 0x00000000   Number         0  stm32f1xx_hal_pwr.o ABSOLUTE
    ../Drivers/STM32F1xx_HAL_Driver/Src/stm32f1xx_hal_rcc.c 0x00000000   Number         0  stm32f1xx_hal_rcc.o ABSOLUTE
    ../Drivers/STM32F1xx_HAL_Driver/Src/stm32f1xx_hal_rcc_ex.c 0x00000000   Number         0  stm32f1xx_hal_rcc_ex.o ABSOLUTE
    ../Drivers/STM32F1xx_HAL_Driver/Src/stm32f1xx_hal_tim.c 0x00000000   Number         0  stm32f1xx_hal_tim.o ABSOLUTE
    ../Drivers/STM32F1xx_HAL_Driver/Src/stm32f1xx_hal_tim_ex.c 0x00000000   Number         0  stm32f1xx_hal_tim_ex.o ABSOLUTE
    ../Drivers/STM32F1xx_HAL_Driver/Src/stm32f1xx_hal_uart.c 0x00000000   Number         0  stm32f1xx_hal_uart.o ABSOLUTE
    ../clib/microlib/errno.c                 0x00000000   Number         0  errno.o ABSOLUTE
    ../clib/microlib/init/entry.s            0x00000000   Number         0  entry11b.o ABSOLUTE
    ../clib/microlib/init/entry.s            0x00000000   Number         0  entry7a.o ABSOLUTE
    ../clib/microlib/init/entry.s            0x00000000   Number         0  entry.o ABSOLUTE
    ../clib/microlib/init/entry.s            0x00000000   Number         0  entry8b.o ABSOLUTE
    ../clib/microlib/init/entry.s            0x00000000   Number         0  entry5.o ABSOLUTE
    ../clib/microlib/init/entry.s            0x00000000   Number         0  entry11a.o ABSOLUTE
    ../clib/microlib/init/entry.s            0x00000000   Number         0  entry10b.o ABSOLUTE
    ../clib/microlib/init/entry.s            0x00000000   Number         0  entry9a.o ABSOLUTE
    ../clib/microlib/init/entry.s            0x00000000   Number         0  entry2.o ABSOLUTE
    ../clib/microlib/init/entry.s            0x00000000   Number         0  entry9b.o ABSOLUTE
    ../clib/microlib/init/entry.s            0x00000000   Number         0  entry7b.o ABSOLUTE
    ../clib/microlib/init/entry.s            0x00000000   Number         0  entry10a.o ABSOLUTE
    ../clib/microlib/init/entry.s            0x00000000   Number         0  entry8a.o ABSOLUTE
    ../clib/microlib/longlong.c              0x00000000   Number         0  llushr.o ABSOLUTE
    ../clib/microlib/longlong.c              0x00000000   Number         0  llsshr.o ABSOLUTE
    ../clib/microlib/longlong.c              0x00000000   Number         0  llshl.o ABSOLUTE
    ../clib/microlib/string/memset.c         0x00000000   Number         0  memseta.o ABSOLUTE
    ../clib/microlib/stubs.s                 0x00000000   Number         0  iusefp.o ABSOLUTE
    ../fplib/microlib/d2f.c                  0x00000000   Number         0  d2f.o ABSOLUTE
    ../fplib/microlib/f2d.c                  0x00000000   Number         0  f2d.o ABSOLUTE
    ../fplib/microlib/fpadd.c                0x00000000   Number         0  dadd.o ABSOLUTE
    ../fplib/microlib/fpadd.c                0x00000000   Number         0  fadd.o ABSOLUTE
    ../fplib/microlib/fpcmp.c                0x00000000   Number         0  fcmplt.o ABSOLUTE
    ../fplib/microlib/fpdiv.c                0x00000000   Number         0  fdiv.o ABSOLUTE
    ../fplib/microlib/fpdiv.c                0x00000000   Number         0  ddiv.o ABSOLUTE
    ../fplib/microlib/fpepilogue.c           0x00000000   Number         0  fepilogue.o ABSOLUTE
    ../fplib/microlib/fpepilogue.c           0x00000000   Number         0  depilogue.o ABSOLUTE
    ../fplib/microlib/fpfix.c                0x00000000   Number         0  ffixi.o ABSOLUTE
    ../fplib/microlib/fpfix.c                0x00000000   Number         0  ffixui.o ABSOLUTE
    ../fplib/microlib/fpflt.c                0x00000000   Number         0  dfltui.o ABSOLUTE
    ../fplib/microlib/fpflt.c                0x00000000   Number         0  ffltui.o ABSOLUTE
    ../fplib/microlib/fpflt.c                0x00000000   Number         0  fflti.o ABSOLUTE
    ../fplib/microlib/fpmul.c                0x00000000   Number         0  fmul.o ABSOLUTE
    ../fplib/microlib/fpmul.c                0x00000000   Number         0  dmul.o ABSOLUTE
    ../fplib/microlib/fprem.c                0x00000000   Number         0  frem.o ABSOLUTE
    ../fplib/microlib/fpscalb.c              0x00000000   Number         0  fscalb.o ABSOLUTE
    ../mathlib/fmodf.c                       0x00000000   Number         0  fmodf.o ABSOLUTE
    ../mathlib/fmodf.c                       0x00000000   Number         0  fmodf_x.o ABSOLUTE
    ../mathlib/funder.c                      0x00000000   Number         0  funder.o ABSOLUTE
    ..\Core\Src\adc.c                        0x00000000   Number         0  adc.o ABSOLUTE
    ..\Core\Src\dma.c                        0x00000000   Number         0  dma.o ABSOLUTE
    ..\Core\Src\gpio.c                       0x00000000   Number         0  gpio.o ABSOLUTE
    ..\Core\Src\i2c.c                        0x00000000   Number         0  i2c.o ABSOLUTE
    ..\Core\Src\main.c                       0x00000000   Number         0  main.o ABSOLUTE
    ..\Core\Src\stm32f1xx_hal_msp.c          0x00000000   Number         0  stm32f1xx_hal_msp.o ABSOLUTE
    ..\Core\Src\stm32f1xx_it.c               0x00000000   Number         0  stm32f1xx_it.o ABSOLUTE
    ..\Core\Src\system_stm32f1xx.c           0x00000000   Number         0  system_stm32f1xx.o ABSOLUTE
    ..\Core\Src\tim.c                        0x00000000   Number         0  tim.o ABSOLUTE
    ..\Core\Src\usart.c                      0x00000000   Number         0  usart.o ABSOLUTE
    ..\Drivers\STM32F1xx_HAL_Driver\Src\stm32f1xx_hal.c 0x00000000   Number         0  stm32f1xx_hal.o ABSOLUTE
    ..\Drivers\STM32F1xx_HAL_Driver\Src\stm32f1xx_hal_adc.c 0x00000000   Number         0  stm32f1xx_hal_adc.o ABSOLUTE
    ..\Drivers\STM32F1xx_HAL_Driver\Src\stm32f1xx_hal_adc_ex.c 0x00000000   Number         0  stm32f1xx_hal_adc_ex.o ABSOLUTE
    ..\Drivers\STM32F1xx_HAL_Driver\Src\stm32f1xx_hal_cortex.c 0x00000000   Number         0  stm32f1xx_hal_cortex.o ABSOLUTE
    ..\Drivers\STM32F1xx_HAL_Driver\Src\stm32f1xx_hal_dma.c 0x00000000   Number         0  stm32f1xx_hal_dma.o ABSOLUTE
    ..\Drivers\STM32F1xx_HAL_Driver\Src\stm32f1xx_hal_exti.c 0x00000000   Number         0  stm32f1xx_hal_exti.o ABSOLUTE
    ..\Drivers\STM32F1xx_HAL_Driver\Src\stm32f1xx_hal_flash.c 0x00000000   Number         0  stm32f1xx_hal_flash.o ABSOLUTE
    ..\Drivers\STM32F1xx_HAL_Driver\Src\stm32f1xx_hal_flash_ex.c 0x00000000   Number         0  stm32f1xx_hal_flash_ex.o ABSOLUTE
    ..\Drivers\STM32F1xx_HAL_Driver\Src\stm32f1xx_hal_gpio.c 0x00000000   Number         0  stm32f1xx_hal_gpio.o ABSOLUTE
    ..\Drivers\STM32F1xx_HAL_Driver\Src\stm32f1xx_hal_gpio_ex.c 0x00000000   Number         0  stm32f1xx_hal_gpio_ex.o ABSOLUTE
    ..\Drivers\STM32F1xx_HAL_Driver\Src\stm32f1xx_hal_i2c.c 0x00000000   Number         0  stm32f1xx_hal_i2c.o ABSOLUTE
    ..\Drivers\STM32F1xx_HAL_Driver\Src\stm32f1xx_hal_pwr.c 0x00000000   Number         0  stm32f1xx_hal_pwr.o ABSOLUTE
    ..\Drivers\STM32F1xx_HAL_Driver\Src\stm32f1xx_hal_rcc.c 0x00000000   Number         0  stm32f1xx_hal_rcc.o ABSOLUTE
    ..\Drivers\STM32F1xx_HAL_Driver\Src\stm32f1xx_hal_rcc_ex.c 0x00000000   Number         0  stm32f1xx_hal_rcc_ex.o ABSOLUTE
    ..\Drivers\STM32F1xx_HAL_Driver\Src\stm32f1xx_hal_tim.c 0x00000000   Number         0  stm32f1xx_hal_tim.o ABSOLUTE
    ..\Drivers\STM32F1xx_HAL_Driver\Src\stm32f1xx_hal_tim_ex.c 0x00000000   Number         0  stm32f1xx_hal_tim_ex.o ABSOLUTE
    ..\Drivers\STM32F1xx_HAL_Driver\Src\stm32f1xx_hal_uart.c 0x00000000   Number         0  stm32f1xx_hal_uart.o ABSOLUTE
    AS5600.c                                 0x00000000   Number         0  as5600.o ABSOLUTE
    AS5600.c                                 0x00000000   Number         0  as5600.o ABSOLUTE
    arm_common_tables.c                      0x00000000   Number         0  arm_common_tables.o ABSOLUTE
    arm_cos_f32.c                            0x00000000   Number         0  arm_cos_f32.o ABSOLUTE
    arm_sin_f32.c                            0x00000000   Number         0  arm_sin_f32.o ABSOLUTE
    cdcmple.s                                0x00000000   Number         0  cdcmple.o ABSOLUTE
    cdrcmple.s                               0x00000000   Number         0  cdrcmple.o ABSOLUTE
    cfcmple.s                                0x00000000   Number         0  cfcmple.o ABSOLUTE
    cfrcmple.s                               0x00000000   Number         0  cfrcmple.o ABSOLUTE
    current.c                                0x00000000   Number         0  current.o ABSOLUTE
    current.c                                0x00000000   Number         0  current.o ABSOLUTE
    dc.s                                     0x00000000   Number         0  dc.o ABSOLUTE
    filter.c                                 0x00000000   Number         0  filter.o ABSOLUTE
    filter.c                                 0x00000000   Number         0  filter.o ABSOLUTE
    foc.c                                    0x00000000   Number         0  foc.o ABSOLUTE
    foc.c                                    0x00000000   Number         0  foc.o ABSOLUTE
    handlers.s                               0x00000000   Number         0  handlers.o ABSOLUTE
    init.s                                   0x00000000   Number         0  init.o ABSOLUTE
    pid.c                                    0x00000000   Number         0  pid.o ABSOLUTE
    pid.c                                    0x00000000   Number         0  pid.o ABSOLUTE
    startup_stm32f103xb.s                    0x00000000   Number         0  startup_stm32f103xb.o ABSOLUTE
    RESET                                    0x08000000   Section      236  startup_stm32f103xb.o(RESET)
    .ARM.Collect$$$$00000000                 0x080000ec   Section        0  entry.o(.ARM.Collect$$$$00000000)
    .ARM.Collect$$$$00000001                 0x080000ec   Section        4  entry2.o(.ARM.Collect$$$$00000001)
    .ARM.Collect$$$$00000004                 0x080000f0   Section        4  entry5.o(.ARM.Collect$$$$00000004)
    .ARM.Collect$$$$00000008                 0x080000f4   Section        0  entry7b.o(.ARM.Collect$$$$00000008)
    .ARM.Collect$$$$0000000A                 0x080000f4   Section        0  entry8b.o(.ARM.Collect$$$$0000000A)
    .ARM.Collect$$$$0000000B                 0x080000f4   Section        8  entry9a.o(.ARM.Collect$$$$0000000B)
    .ARM.Collect$$$$0000000D                 0x080000fc   Section        0  entry10a.o(.ARM.Collect$$$$0000000D)
    .ARM.Collect$$$$0000000F                 0x080000fc   Section        0  entry11a.o(.ARM.Collect$$$$0000000F)
    .ARM.Collect$$$$00002712                 0x080000fc   Section        4  entry2.o(.ARM.Collect$$$$00002712)
    __lit__00000000                          0x080000fc   Data           4  entry2.o(.ARM.Collect$$$$00002712)
    .text                                    0x08000100   Section       36  startup_stm32f103xb.o(.text)
    .text                                    0x08000124   Section        0  llushr.o(.text)
    .text                                    0x08000144   Section        0  memseta.o(.text)
    .text                                    0x08000168   Section        0  fadd.o(.text)
    .text                                    0x08000218   Section        0  fmul.o(.text)
    .text                                    0x0800027c   Section        0  fdiv.o(.text)
    .text                                    0x080002f8   Section        0  dmul.o(.text)
    .text                                    0x080003dc   Section        0  fcmplt.o(.text)
    .text                                    0x080003f8   Section        0  fflti.o(.text)
    .text                                    0x0800040a   Section        0  ffltui.o(.text)
    .text                                    0x08000414   Section        0  ffixi.o(.text)
    .text                                    0x08000446   Section        0  ffixui.o(.text)
    .text                                    0x0800046e   Section        0  f2d.o(.text)
    .text                                    0x08000494   Section        0  d2f.o(.text)
    .text                                    0x080004cc   Section       20  cfcmple.o(.text)
    .text                                    0x080004e0   Section       20  cfrcmple.o(.text)
    .text                                    0x080004f4   Section        0  llshl.o(.text)
    .text                                    0x08000512   Section        0  fepilogue.o(.text)
    .text                                    0x08000512   Section        0  iusefp.o(.text)
    .text                                    0x08000580   Section        0  frem.o(.text)
    .text                                    0x080005d2   Section        0  depilogue.o(.text)
    .text                                    0x0800068c   Section       36  init.o(.text)
    [Anonymous Symbol]                       0x080006b0   Section        0  arm_cos_f32.o(.text.arm_cos_f32)
    [Anonymous Symbol]                       0x0800075c   Section        0  arm_sin_f32.o(.text.arm_sin_f32)
    i.ADC_ConversionStop_Disable             0x08000800   Section        0  stm32f1xx_hal_adc.o(i.ADC_ConversionStop_Disable)
    i.ADC_DMAConvCplt                        0x0800085c   Section        0  stm32f1xx_hal_adc.o(i.ADC_DMAConvCplt)
    i.ADC_DMAError                           0x080008ae   Section        0  stm32f1xx_hal_adc.o(i.ADC_DMAError)
    i.ADC_DMAHalfConvCplt                    0x080008cc   Section        0  stm32f1xx_hal_adc.o(i.ADC_DMAHalfConvCplt)
    i.ADC_Enable                             0x080008dc   Section        0  stm32f1xx_hal_adc.o(i.ADC_Enable)
    i.AS5600_Read_Reg                        0x0800096c   Section        0  as5600.o(i.AS5600_Read_Reg)
    i.BusFault_Handler                       0x08000990   Section        0  stm32f1xx_it.o(i.BusFault_Handler)
    i.Check_Sensor                           0x08000994   Section        0  foc.o(i.Check_Sensor)
    i.CurrSense_Init                         0x080009d0   Section        0  current.o(i.CurrSense_Init)
    i.DMA1_Channel1_IRQHandler               0x08000a54   Section        0  stm32f1xx_it.o(i.DMA1_Channel1_IRQHandler)
    i.DMA_SetConfig                          0x08000a64   Section        0  stm32f1xx_hal_dma.o(i.DMA_SetConfig)
    DMA_SetConfig                            0x08000a65   Thumb Code    44  stm32f1xx_hal_dma.o(i.DMA_SetConfig)
    i.DebugMon_Handler                       0x08000a90   Section        0  stm32f1xx_it.o(i.DebugMon_Handler)
    i.DriftOffsets                           0x08000a94   Section        0  current.o(i.DriftOffsets)
    i.Error_Handler                          0x08000b34   Section        0  main.o(i.Error_Handler)
    i.FOC_Init                               0x08000b3c   Section        0  foc.o(i.FOC_Init)
    i.GetAngle_Without_Track                 0x08000b70   Section        0  as5600.o(i.GetAngle_Without_Track)
    i.GetPhaseCurrent                        0x08000bb8   Section        0  current.o(i.GetPhaseCurrent)
    i.HAL_ADCEx_Calibration_Start            0x08000c54   Section        0  stm32f1xx_hal_adc_ex.o(i.HAL_ADCEx_Calibration_Start)
    i.HAL_ADC_ConfigChannel                  0x08000d70   Section        0  stm32f1xx_hal_adc.o(i.HAL_ADC_ConfigChannel)
    i.HAL_ADC_ConvCpltCallback               0x08000ed0   Section        0  stm32f1xx_hal_adc.o(i.HAL_ADC_ConvCpltCallback)
    i.HAL_ADC_ConvHalfCpltCallback           0x08000ed2   Section        0  stm32f1xx_hal_adc.o(i.HAL_ADC_ConvHalfCpltCallback)
    i.HAL_ADC_ErrorCallback                  0x08000ed4   Section        0  stm32f1xx_hal_adc.o(i.HAL_ADC_ErrorCallback)
    i.HAL_ADC_Init                           0x08000ed8   Section        0  stm32f1xx_hal_adc.o(i.HAL_ADC_Init)
    i.HAL_ADC_MspInit                        0x0800101c   Section        0  adc.o(i.HAL_ADC_MspInit)
    i.HAL_ADC_Start_DMA                      0x080010c8   Section        0  stm32f1xx_hal_adc.o(i.HAL_ADC_Start_DMA)
    i.HAL_DMA_IRQHandler                     0x08001248   Section        0  stm32f1xx_hal_dma.o(i.HAL_DMA_IRQHandler)
    i.HAL_DMA_Init                           0x080013e4   Section        0  stm32f1xx_hal_dma.o(i.HAL_DMA_Init)
    i.HAL_DMA_Start_IT                       0x0800144c   Section        0  stm32f1xx_hal_dma.o(i.HAL_DMA_Start_IT)
    i.HAL_Delay                              0x080014e8   Section        0  stm32f1xx_hal.o(i.HAL_Delay)
    i.HAL_GPIO_Init                          0x08001510   Section        0  stm32f1xx_hal_gpio.o(i.HAL_GPIO_Init)
    i.HAL_GPIO_WritePin                      0x08001830   Section        0  stm32f1xx_hal_gpio.o(i.HAL_GPIO_WritePin)
    i.HAL_GetTick                            0x0800183c   Section        0  stm32f1xx_hal.o(i.HAL_GetTick)
    i.HAL_I2C_Init                           0x08001848   Section        0  stm32f1xx_hal_i2c.o(i.HAL_I2C_Init)
    i.HAL_I2C_Mem_Read                       0x08001a18   Section        0  stm32f1xx_hal_i2c.o(i.HAL_I2C_Mem_Read)
    i.HAL_I2C_MspInit                        0x08001d8c   Section        0  i2c.o(i.HAL_I2C_MspInit)
    i.HAL_IncTick                            0x08001e04   Section        0  stm32f1xx_hal.o(i.HAL_IncTick)
    i.HAL_Init                               0x08001e1c   Section        0  stm32f1xx_hal.o(i.HAL_Init)
    i.HAL_InitTick                           0x08001e44   Section        0  stm32f1xx_hal.o(i.HAL_InitTick)
    i.HAL_MspInit                            0x08001e90   Section        0  stm32f1xx_hal_msp.o(i.HAL_MspInit)
    i.HAL_NVIC_EnableIRQ                     0x08001ee4   Section        0  stm32f1xx_hal_cortex.o(i.HAL_NVIC_EnableIRQ)
    i.HAL_NVIC_SetPriority                   0x08001f04   Section        0  stm32f1xx_hal_cortex.o(i.HAL_NVIC_SetPriority)
    i.HAL_NVIC_SetPriorityGrouping           0x08001f80   Section        0  stm32f1xx_hal_cortex.o(i.HAL_NVIC_SetPriorityGrouping)
    i.HAL_RCCEx_GetPeriphCLKFreq             0x08001fa8   Section        0  stm32f1xx_hal_rcc_ex.o(i.HAL_RCCEx_GetPeriphCLKFreq)
    i.HAL_RCCEx_PeriphCLKConfig              0x080020a4   Section        0  stm32f1xx_hal_rcc_ex.o(i.HAL_RCCEx_PeriphCLKConfig)
    i.HAL_RCC_ClockConfig                    0x080021d4   Section        0  stm32f1xx_hal_rcc.o(i.HAL_RCC_ClockConfig)
    i.HAL_RCC_GetHCLKFreq                    0x08002360   Section        0  stm32f1xx_hal_rcc.o(i.HAL_RCC_GetHCLKFreq)
    i.HAL_RCC_GetPCLK1Freq                   0x0800236c   Section        0  stm32f1xx_hal_rcc.o(i.HAL_RCC_GetPCLK1Freq)
    i.HAL_RCC_GetPCLK2Freq                   0x0800238c   Section        0  stm32f1xx_hal_rcc.o(i.HAL_RCC_GetPCLK2Freq)
    i.HAL_RCC_GetSysClockFreq                0x080023ac   Section        0  stm32f1xx_hal_rcc.o(i.HAL_RCC_GetSysClockFreq)
    i.HAL_RCC_OscConfig                      0x0800241c   Section        0  stm32f1xx_hal_rcc.o(i.HAL_RCC_OscConfig)
    i.HAL_SYSTICK_Config                     0x08002880   Section        0  stm32f1xx_hal_cortex.o(i.HAL_SYSTICK_Config)
    i.HAL_TIMEx_MasterConfigSynchronization  0x080028b4   Section        0  stm32f1xx_hal_tim_ex.o(i.HAL_TIMEx_MasterConfigSynchronization)
    i.HAL_TIM_Base_Init                      0x08002938   Section        0  stm32f1xx_hal_tim.o(i.HAL_TIM_Base_Init)
    i.HAL_TIM_Base_MspInit                   0x080029a0   Section        0  tim.o(i.HAL_TIM_Base_MspInit)
    i.HAL_TIM_ConfigClockSource              0x080029cc   Section        0  stm32f1xx_hal_tim.o(i.HAL_TIM_ConfigClockSource)
    i.HAL_TIM_MspPostInit                    0x08002ad8   Section        0  tim.o(i.HAL_TIM_MspPostInit)
    i.HAL_TIM_PWM_ConfigChannel              0x08002b2c   Section        0  stm32f1xx_hal_tim.o(i.HAL_TIM_PWM_ConfigChannel)
    i.HAL_TIM_PWM_Init                       0x08002c30   Section        0  stm32f1xx_hal_tim.o(i.HAL_TIM_PWM_Init)
    i.HAL_TIM_PWM_MspInit                    0x08002c96   Section        0  stm32f1xx_hal_tim.o(i.HAL_TIM_PWM_MspInit)
    i.HAL_TIM_PWM_Start                      0x08002c98   Section        0  stm32f1xx_hal_tim.o(i.HAL_TIM_PWM_Start)
    i.HAL_UART_Init                          0x08002d6c   Section        0  stm32f1xx_hal_uart.o(i.HAL_UART_Init)
    i.HAL_UART_MspInit                       0x08002de4   Section        0  usart.o(i.HAL_UART_MspInit)
    i.HardFault_Handler                      0x08002e6c   Section        0  stm32f1xx_it.o(i.HardFault_Handler)
    i.I2C_IsAcknowledgeFailed                0x08002e70   Section        0  stm32f1xx_hal_i2c.o(i.I2C_IsAcknowledgeFailed)
    I2C_IsAcknowledgeFailed                  0x08002e71   Thumb Code    62  stm32f1xx_hal_i2c.o(i.I2C_IsAcknowledgeFailed)
    i.I2C_RequestMemoryRead                  0x08002eb0   Section        0  stm32f1xx_hal_i2c.o(i.I2C_RequestMemoryRead)
    I2C_RequestMemoryRead                    0x08002eb1   Thumb Code   348  stm32f1xx_hal_i2c.o(i.I2C_RequestMemoryRead)
    i.I2C_WaitOnFlagUntilTimeout             0x08003010   Section        0  stm32f1xx_hal_i2c.o(i.I2C_WaitOnFlagUntilTimeout)
    I2C_WaitOnFlagUntilTimeout               0x08003011   Thumb Code   190  stm32f1xx_hal_i2c.o(i.I2C_WaitOnFlagUntilTimeout)
    i.I2C_WaitOnMasterAddressFlagUntilTimeout 0x080030ce   Section        0  stm32f1xx_hal_i2c.o(i.I2C_WaitOnMasterAddressFlagUntilTimeout)
    I2C_WaitOnMasterAddressFlagUntilTimeout  0x080030cf   Thumb Code   250  stm32f1xx_hal_i2c.o(i.I2C_WaitOnMasterAddressFlagUntilTimeout)
    i.I2C_WaitOnRXNEFlagUntilTimeout         0x080031c8   Section        0  stm32f1xx_hal_i2c.o(i.I2C_WaitOnRXNEFlagUntilTimeout)
    I2C_WaitOnRXNEFlagUntilTimeout           0x080031c9   Thumb Code   138  stm32f1xx_hal_i2c.o(i.I2C_WaitOnRXNEFlagUntilTimeout)
    i.I2C_WaitOnTXEFlagUntilTimeout          0x08003252   Section        0  stm32f1xx_hal_i2c.o(i.I2C_WaitOnTXEFlagUntilTimeout)
    I2C_WaitOnTXEFlagUntilTimeout            0x08003253   Thumb Code   102  stm32f1xx_hal_i2c.o(i.I2C_WaitOnTXEFlagUntilTimeout)
    i.Lowpassfilter                          0x080032b8   Section        0  filter.o(i.Lowpassfilter)
    i.MX_ADC1_Init                           0x080033b8   Section        0  adc.o(i.MX_ADC1_Init)
    i.MX_DMA_Init                            0x0800342c   Section        0  dma.o(i.MX_DMA_Init)
    i.MX_GPIO_Init                           0x08003460   Section        0  gpio.o(i.MX_GPIO_Init)
    i.MX_I2C2_Init                           0x080034f0   Section        0  i2c.o(i.MX_I2C2_Init)
    i.MX_TIM2_Init                           0x0800352c   Section        0  tim.o(i.MX_TIM2_Init)
    i.MX_USART1_UART_Init                    0x080035f0   Section        0  usart.o(i.MX_USART1_UART_Init)
    i.MemManage_Handler                      0x08003628   Section        0  stm32f1xx_it.o(i.MemManage_Handler)
    i.Motor_en                               0x0800362c   Section        0  foc.o(i.Motor_en)
    i.NMI_Handler                            0x08003680   Section        0  stm32f1xx_it.o(i.NMI_Handler)
    i.PID_Controller1                        0x08003684   Section        0  pid.o(i.PID_Controller1)
    i.PID_Init                               0x080037c4   Section        0  pid.o(i.PID_Init)
    i.PWM_Channel1                           0x080037d8   Section        0  foc.o(i.PWM_Channel1)
    i.PWM_Channel2                           0x080037f8   Section        0  foc.o(i.PWM_Channel2)
    i.PWM_Channel3                           0x08003818   Section        0  foc.o(i.PWM_Channel3)
    i.PendSV_Handler                         0x08003838   Section        0  stm32f1xx_it.o(i.PendSV_Handler)
    i.RCC_Delay                              0x0800383c   Section        0  stm32f1xx_hal_rcc.o(i.RCC_Delay)
    RCC_Delay                                0x0800383d   Thumb Code    36  stm32f1xx_hal_rcc.o(i.RCC_Delay)
    i.SVC_Handler                            0x08003864   Section        0  stm32f1xx_it.o(i.SVC_Handler)
    i.SetPhaseVoltage                        0x08003868   Section        0  foc.o(i.SetPhaseVoltage)
    i.SetPwm                                 0x08003960   Section        0  foc.o(i.SetPwm)
    i.Set_CurTorque                          0x08003a34   Section        0  foc.o(i.Set_CurTorque)
    i.SysTick_Handler                        0x08003ab0   Section        0  stm32f1xx_it.o(i.SysTick_Handler)
    i.SystemClock_Config                     0x08003ab8   Section        0  main.o(i.SystemClock_Config)
    i.SystemInit                             0x08003b3c   Section        0  system_stm32f1xx.o(i.SystemInit)
    i.TIM_Base_SetConfig                     0x08003b40   Section        0  stm32f1xx_hal_tim.o(i.TIM_Base_SetConfig)
    i.TIM_CCxChannelCmd                      0x08003bc4   Section        0  stm32f1xx_hal_tim.o(i.TIM_CCxChannelCmd)
    i.TIM_ETR_SetConfig                      0x08003be6   Section        0  stm32f1xx_hal_tim.o(i.TIM_ETR_SetConfig)
    i.TIM_ITRx_SetConfig                     0x08003bfc   Section        0  stm32f1xx_hal_tim.o(i.TIM_ITRx_SetConfig)
    TIM_ITRx_SetConfig                       0x08003bfd   Thumb Code    18  stm32f1xx_hal_tim.o(i.TIM_ITRx_SetConfig)
    i.TIM_OC1_SetConfig                      0x08003c10   Section        0  stm32f1xx_hal_tim.o(i.TIM_OC1_SetConfig)
    TIM_OC1_SetConfig                        0x08003c11   Thumb Code    90  stm32f1xx_hal_tim.o(i.TIM_OC1_SetConfig)
    i.TIM_OC2_SetConfig                      0x08003c70   Section        0  stm32f1xx_hal_tim.o(i.TIM_OC2_SetConfig)
    i.TIM_OC3_SetConfig                      0x08003cd8   Section        0  stm32f1xx_hal_tim.o(i.TIM_OC3_SetConfig)
    TIM_OC3_SetConfig                        0x08003cd9   Thumb Code    98  stm32f1xx_hal_tim.o(i.TIM_OC3_SetConfig)
    i.TIM_OC4_SetConfig                      0x08003d40   Section        0  stm32f1xx_hal_tim.o(i.TIM_OC4_SetConfig)
    TIM_OC4_SetConfig                        0x08003d41   Thumb Code    68  stm32f1xx_hal_tim.o(i.TIM_OC4_SetConfig)
    i.TIM_TI1_ConfigInputStage               0x08003d88   Section        0  stm32f1xx_hal_tim.o(i.TIM_TI1_ConfigInputStage)
    TIM_TI1_ConfigInputStage                 0x08003d89   Thumb Code    38  stm32f1xx_hal_tim.o(i.TIM_TI1_ConfigInputStage)
    i.TIM_TI2_ConfigInputStage               0x08003dae   Section        0  stm32f1xx_hal_tim.o(i.TIM_TI2_ConfigInputStage)
    TIM_TI2_ConfigInputStage                 0x08003daf   Thumb Code    40  stm32f1xx_hal_tim.o(i.TIM_TI2_ConfigInputStage)
    i.UART_SetConfig                         0x08003dd8   Section        0  stm32f1xx_hal_uart.o(i.UART_SetConfig)
    UART_SetConfig                           0x08003dd9   Thumb Code   248  stm32f1xx_hal_uart.o(i.UART_SetConfig)
    i.UsageFault_Handler                     0x08003ed4   Section        0  stm32f1xx_it.o(i.UsageFault_Handler)
    i.__NVIC_GetPriorityGrouping             0x08003ed8   Section        0  stm32f1xx_hal_cortex.o(i.__NVIC_GetPriorityGrouping)
    __NVIC_GetPriorityGrouping               0x08003ed9   Thumb Code    10  stm32f1xx_hal_cortex.o(i.__NVIC_GetPriorityGrouping)
    i.__NVIC_SetPriority                     0x08003ee8   Section        0  stm32f1xx_hal_cortex.o(i.__NVIC_SetPriority)
    __NVIC_SetPriority                       0x08003ee9   Thumb Code    32  stm32f1xx_hal_cortex.o(i.__NVIC_SetPriority)
    i.__mathlib_flt_invalid                  0x08003f10   Section        0  funder.o(i.__mathlib_flt_invalid)
    i.__scatterload_copy                     0x08003f18   Section       14  handlers.o(i.__scatterload_copy)
    i.__scatterload_null                     0x08003f26   Section        2  handlers.o(i.__scatterload_null)
    i.__scatterload_zeroinit                 0x08003f28   Section       14  handlers.o(i.__scatterload_zeroinit)
    i.__set_errno                            0x08003f38   Section        0  errno.o(i.__set_errno)
    i._constrain                             0x08003f44   Section        0  pid.o(i._constrain)
    i.cal_Iq_Id                              0x08003f6c   Section        0  foc.o(i.cal_Iq_Id)
    i.constrain                              0x08003fd0   Section        0  foc.o(i.constrain)
    i.electricAngle                          0x08003ff8   Section        0  foc.o(i.electricAngle)
    i.fmodf                                  0x08004048   Section        0  fmodf.o(i.fmodf)
    i.main                                   0x080040b4   Section        0  main.o(i.main)
    i.normalizeAngle                         0x08004158   Section        0  foc.o(i.normalizeAngle)
    .constdata                               0x08004184   Section       18  stm32f1xx_hal_rcc.o(.constdata)
    aPLLMULFactorTable                       0x08004184   Data          16  stm32f1xx_hal_rcc.o(.constdata)
    aPredivFactorTable                       0x08004194   Data           2  stm32f1xx_hal_rcc.o(.constdata)
    .constdata                               0x08004196   Section       18  stm32f1xx_hal_rcc_ex.o(.constdata)
    aPLLMULFactorTable                       0x08004196   Data          16  stm32f1xx_hal_rcc_ex.o(.constdata)
    aPredivFactorTable                       0x080041a6   Data           2  stm32f1xx_hal_rcc_ex.o(.constdata)
    .constdata                               0x080041a8   Section       24  system_stm32f1xx.o(.constdata)
    .data                                    0x20000000   Section       28  as5600.o(.data)
    .data                                    0x2000001c   Section       64  filter.o(.data)
    kalman_initialized                       0x20000058   Data           4  filter.o(.data)
    .data                                    0x20000060   Section       80  foc.o(.data)
    .data                                    0x200000b0   Section       48  current.o(.data)
    .data                                    0x200000e0   Section       16  main.o(.data)
    .data                                    0x200000f0   Section        9  stm32f1xx_hal.o(.data)
    .data                                    0x200000fc   Section        4  system_stm32f1xx.o(.data)
    .data                                    0x20000100   Section        4  errno.o(.data)
    _errno                                   0x20000100   Data           4  errno.o(.data)
    .bss                                     0x20000104   Section       16  foc.o(.bss)
    .bss                                     0x20000114   Section       84  main.o(.bss)
    .bss                                     0x20000168   Section      116  adc.o(.bss)
    .bss                                     0x200001dc   Section       84  i2c.o(.bss)
    .bss                                     0x20000230   Section       72  tim.o(.bss)
    .bss                                     0x20000278   Section       72  usart.o(.bss)
    STACK                                    0x200002c0   Section     1024  startup_stm32f103xb.o(STACK)

    Global Symbols

    Symbol Name                              Value     Ov Type        Size  Object(Section)

    BuildAttributes$$THM_ISAv4$P$D$K$B$S$PE$A:L22UL41UL21$X:L11$S22US41US21$IEEE1$IW$USESV6$~STKCKD$USESV7$~SHL$OTIME$ROPI$IEEEX$EBA8$MICROLIB$REQ8$PRES8$EABIv2 0x00000000   Number         0  anon$$obj.o ABSOLUTE
    __ARM_use_no_argv                        0x00000000   Number         0  main.o ABSOLUTE
    __cpp_initialize__aeabi_                  - Undefined Weak Reference
    __cxa_finalize                            - Undefined Weak Reference
    __decompress                              - Undefined Weak Reference
    _clock_init                               - Undefined Weak Reference
    _microlib_exit                            - Undefined Weak Reference
    __Vectors_Size                           0x000000ec   Number         0  startup_stm32f103xb.o ABSOLUTE
    __Vectors                                0x08000000   Data           4  startup_stm32f103xb.o(RESET)
    __Vectors_End                            0x080000ec   Data           0  startup_stm32f103xb.o(RESET)
    __main                                   0x080000ed   Thumb Code     0  entry.o(.ARM.Collect$$$$00000000)
    _main_stk                                0x080000ed   Thumb Code     0  entry2.o(.ARM.Collect$$$$00000001)
    _main_scatterload                        0x080000f1   Thumb Code     0  entry5.o(.ARM.Collect$$$$00000004)
    __main_after_scatterload                 0x080000f5   Thumb Code     0  entry5.o(.ARM.Collect$$$$00000004)
    _main_clock                              0x080000f5   Thumb Code     0  entry7b.o(.ARM.Collect$$$$00000008)
    _main_cpp_init                           0x080000f5   Thumb Code     0  entry8b.o(.ARM.Collect$$$$0000000A)
    _main_init                               0x080000f5   Thumb Code     0  entry9a.o(.ARM.Collect$$$$0000000B)
    __rt_final_cpp                           0x080000fd   Thumb Code     0  entry10a.o(.ARM.Collect$$$$0000000D)
    __rt_final_exit                          0x080000fd   Thumb Code     0  entry11a.o(.ARM.Collect$$$$0000000F)
    Reset_Handler                            0x08000101   Thumb Code     8  startup_stm32f103xb.o(.text)
    ADC1_2_IRQHandler                        0x0800011b   Thumb Code     0  startup_stm32f103xb.o(.text)
    CAN1_RX1_IRQHandler                      0x0800011b   Thumb Code     0  startup_stm32f103xb.o(.text)
    CAN1_SCE_IRQHandler                      0x0800011b   Thumb Code     0  startup_stm32f103xb.o(.text)
    DMA1_Channel2_IRQHandler                 0x0800011b   Thumb Code     0  startup_stm32f103xb.o(.text)
    DMA1_Channel3_IRQHandler                 0x0800011b   Thumb Code     0  startup_stm32f103xb.o(.text)
    DMA1_Channel4_IRQHandler                 0x0800011b   Thumb Code     0  startup_stm32f103xb.o(.text)
    DMA1_Channel5_IRQHandler                 0x0800011b   Thumb Code     0  startup_stm32f103xb.o(.text)
    DMA1_Channel6_IRQHandler                 0x0800011b   Thumb Code     0  startup_stm32f103xb.o(.text)
    DMA1_Channel7_IRQHandler                 0x0800011b   Thumb Code     0  startup_stm32f103xb.o(.text)
    EXTI0_IRQHandler                         0x0800011b   Thumb Code     0  startup_stm32f103xb.o(.text)
    EXTI15_10_IRQHandler                     0x0800011b   Thumb Code     0  startup_stm32f103xb.o(.text)
    EXTI1_IRQHandler                         0x0800011b   Thumb Code     0  startup_stm32f103xb.o(.text)
    EXTI2_IRQHandler                         0x0800011b   Thumb Code     0  startup_stm32f103xb.o(.text)
    EXTI3_IRQHandler                         0x0800011b   Thumb Code     0  startup_stm32f103xb.o(.text)
    EXTI4_IRQHandler                         0x0800011b   Thumb Code     0  startup_stm32f103xb.o(.text)
    EXTI9_5_IRQHandler                       0x0800011b   Thumb Code     0  startup_stm32f103xb.o(.text)
    FLASH_IRQHandler                         0x0800011b   Thumb Code     0  startup_stm32f103xb.o(.text)
    I2C1_ER_IRQHandler                       0x0800011b   Thumb Code     0  startup_stm32f103xb.o(.text)
    I2C1_EV_IRQHandler                       0x0800011b   Thumb Code     0  startup_stm32f103xb.o(.text)
    I2C2_ER_IRQHandler                       0x0800011b   Thumb Code     0  startup_stm32f103xb.o(.text)
    I2C2_EV_IRQHandler                       0x0800011b   Thumb Code     0  startup_stm32f103xb.o(.text)
    PVD_IRQHandler                           0x0800011b   Thumb Code     0  startup_stm32f103xb.o(.text)
    RCC_IRQHandler                           0x0800011b   Thumb Code     0  startup_stm32f103xb.o(.text)
    RTC_Alarm_IRQHandler                     0x0800011b   Thumb Code     0  startup_stm32f103xb.o(.text)
    RTC_IRQHandler                           0x0800011b   Thumb Code     0  startup_stm32f103xb.o(.text)
    SPI1_IRQHandler                          0x0800011b   Thumb Code     0  startup_stm32f103xb.o(.text)
    SPI2_IRQHandler                          0x0800011b   Thumb Code     0  startup_stm32f103xb.o(.text)
    TAMPER_IRQHandler                        0x0800011b   Thumb Code     0  startup_stm32f103xb.o(.text)
    TIM1_BRK_IRQHandler                      0x0800011b   Thumb Code     0  startup_stm32f103xb.o(.text)
    TIM1_CC_IRQHandler                       0x0800011b   Thumb Code     0  startup_stm32f103xb.o(.text)
    TIM1_TRG_COM_IRQHandler                  0x0800011b   Thumb Code     0  startup_stm32f103xb.o(.text)
    TIM1_UP_IRQHandler                       0x0800011b   Thumb Code     0  startup_stm32f103xb.o(.text)
    TIM2_IRQHandler                          0x0800011b   Thumb Code     0  startup_stm32f103xb.o(.text)
    TIM3_IRQHandler                          0x0800011b   Thumb Code     0  startup_stm32f103xb.o(.text)
    TIM4_IRQHandler                          0x0800011b   Thumb Code     0  startup_stm32f103xb.o(.text)
    USART1_IRQHandler                        0x0800011b   Thumb Code     0  startup_stm32f103xb.o(.text)
    USART2_IRQHandler                        0x0800011b   Thumb Code     0  startup_stm32f103xb.o(.text)
    USART3_IRQHandler                        0x0800011b   Thumb Code     0  startup_stm32f103xb.o(.text)
    USBWakeUp_IRQHandler                     0x0800011b   Thumb Code     0  startup_stm32f103xb.o(.text)
    USB_HP_CAN1_TX_IRQHandler                0x0800011b   Thumb Code     0  startup_stm32f103xb.o(.text)
    USB_LP_CAN1_RX0_IRQHandler               0x0800011b   Thumb Code     0  startup_stm32f103xb.o(.text)
    WWDG_IRQHandler                          0x0800011b   Thumb Code     0  startup_stm32f103xb.o(.text)
    __aeabi_llsr                             0x08000125   Thumb Code    32  llushr.o(.text)
    _ll_ushift_r                             0x08000125   Thumb Code     0  llushr.o(.text)
    __aeabi_memset                           0x08000145   Thumb Code    14  memseta.o(.text)
    __aeabi_memset4                          0x08000145   Thumb Code     0  memseta.o(.text)
    __aeabi_memset8                          0x08000145   Thumb Code     0  memseta.o(.text)
    __aeabi_memclr                           0x08000153   Thumb Code     4  memseta.o(.text)
    __aeabi_memclr4                          0x08000153   Thumb Code     0  memseta.o(.text)
    __aeabi_memclr8                          0x08000153   Thumb Code     0  memseta.o(.text)
    _memset$wrapper                          0x08000157   Thumb Code    18  memseta.o(.text)
    __aeabi_fadd                             0x08000169   Thumb Code   164  fadd.o(.text)
    __aeabi_fsub                             0x0800020d   Thumb Code     6  fadd.o(.text)
    __aeabi_frsub                            0x08000213   Thumb Code     6  fadd.o(.text)
    __aeabi_fmul                             0x08000219   Thumb Code   100  fmul.o(.text)
    __aeabi_fdiv                             0x0800027d   Thumb Code   124  fdiv.o(.text)
    __aeabi_dmul                             0x080002f9   Thumb Code   228  dmul.o(.text)
    __aeabi_fcmplt                           0x080003dd   Thumb Code    28  fcmplt.o(.text)
    __aeabi_i2f                              0x080003f9   Thumb Code    18  fflti.o(.text)
    __aeabi_ui2f                             0x0800040b   Thumb Code    10  ffltui.o(.text)
    __aeabi_f2iz                             0x08000415   Thumb Code    50  ffixi.o(.text)
    __aeabi_f2uiz                            0x08000447   Thumb Code    40  ffixui.o(.text)
    __aeabi_f2d                              0x0800046f   Thumb Code    38  f2d.o(.text)
    __aeabi_d2f                              0x08000495   Thumb Code    56  d2f.o(.text)
    __aeabi_cfcmpeq                          0x080004cd   Thumb Code     0  cfcmple.o(.text)
    __aeabi_cfcmple                          0x080004cd   Thumb Code    20  cfcmple.o(.text)
    __aeabi_cfrcmple                         0x080004e1   Thumb Code    20  cfrcmple.o(.text)
    __aeabi_llsl                             0x080004f5   Thumb Code    30  llshl.o(.text)
    _ll_shift_l                              0x080004f5   Thumb Code     0  llshl.o(.text)
    __I$use$fp                               0x08000513   Thumb Code     0  iusefp.o(.text)
    _float_round                             0x08000513   Thumb Code    18  fepilogue.o(.text)
    _float_epilogue                          0x08000525   Thumb Code    92  fepilogue.o(.text)
    _frem                                    0x08000581   Thumb Code    82  frem.o(.text)
    _double_round                            0x080005d3   Thumb Code    30  depilogue.o(.text)
    _double_epilogue                         0x080005f1   Thumb Code   156  depilogue.o(.text)
    __scatterload                            0x0800068d   Thumb Code    28  init.o(.text)
    __scatterload_rt2                        0x0800068d   Thumb Code     0  init.o(.text)
    arm_cos_f32                              0x080006b1   Thumb Code   172  arm_cos_f32.o(.text.arm_cos_f32)
    arm_sin_f32                              0x0800075d   Thumb Code   164  arm_sin_f32.o(.text.arm_sin_f32)
    ADC_ConversionStop_Disable               0x08000801   Thumb Code    92  stm32f1xx_hal_adc.o(i.ADC_ConversionStop_Disable)
    ADC_DMAConvCplt                          0x0800085d   Thumb Code    82  stm32f1xx_hal_adc.o(i.ADC_DMAConvCplt)
    ADC_DMAError                             0x080008af   Thumb Code    30  stm32f1xx_hal_adc.o(i.ADC_DMAError)
    ADC_DMAHalfConvCplt                      0x080008cd   Thumb Code    14  stm32f1xx_hal_adc.o(i.ADC_DMAHalfConvCplt)
    ADC_Enable                               0x080008dd   Thumb Code   134  stm32f1xx_hal_adc.o(i.ADC_Enable)
    AS5600_Read_Reg                          0x0800096d   Thumb Code    30  as5600.o(i.AS5600_Read_Reg)
    BusFault_Handler                         0x08000991   Thumb Code     4  stm32f1xx_it.o(i.BusFault_Handler)
    Check_Sensor                             0x08000995   Thumb Code    48  foc.o(i.Check_Sensor)
    CurrSense_Init                           0x080009d1   Thumb Code    90  current.o(i.CurrSense_Init)
    DMA1_Channel1_IRQHandler                 0x08000a55   Thumb Code    10  stm32f1xx_it.o(i.DMA1_Channel1_IRQHandler)
    DebugMon_Handler                         0x08000a91   Thumb Code     2  stm32f1xx_it.o(i.DebugMon_Handler)
    DriftOffsets                             0x08000a95   Thumb Code   140  current.o(i.DriftOffsets)
    Error_Handler                            0x08000b35   Thumb Code     6  main.o(i.Error_Handler)
    FOC_Init                                 0x08000b3d   Thumb Code    42  foc.o(i.FOC_Init)
    GetAngle_Without_Track                   0x08000b71   Thumb Code    64  as5600.o(i.GetAngle_Without_Track)
    GetPhaseCurrent                          0x08000bb9   Thumb Code   128  current.o(i.GetPhaseCurrent)
    HAL_ADCEx_Calibration_Start              0x08000c55   Thumb Code   278  stm32f1xx_hal_adc_ex.o(i.HAL_ADCEx_Calibration_Start)
    HAL_ADC_ConfigChannel                    0x08000d71   Thumb Code   338  stm32f1xx_hal_adc.o(i.HAL_ADC_ConfigChannel)
    HAL_ADC_ConvCpltCallback                 0x08000ed1   Thumb Code     2  stm32f1xx_hal_adc.o(i.HAL_ADC_ConvCpltCallback)
    HAL_ADC_ConvHalfCpltCallback             0x08000ed3   Thumb Code     2  stm32f1xx_hal_adc.o(i.HAL_ADC_ConvHalfCpltCallback)
    HAL_ADC_ErrorCallback                    0x08000ed5   Thumb Code     2  stm32f1xx_hal_adc.o(i.HAL_ADC_ErrorCallback)
    HAL_ADC_Init                             0x08000ed9   Thumb Code   314  stm32f1xx_hal_adc.o(i.HAL_ADC_Init)
    HAL_ADC_MspInit                          0x0800101d   Thumb Code   150  adc.o(i.HAL_ADC_MspInit)
    HAL_ADC_Start_DMA                        0x080010c9   Thumb Code   362  stm32f1xx_hal_adc.o(i.HAL_ADC_Start_DMA)
    HAL_DMA_IRQHandler                       0x08001249   Thumb Code   408  stm32f1xx_hal_dma.o(i.HAL_DMA_IRQHandler)
    HAL_DMA_Init                             0x080013e5   Thumb Code   100  stm32f1xx_hal_dma.o(i.HAL_DMA_Init)
    HAL_DMA_Start_IT                         0x0800144d   Thumb Code   156  stm32f1xx_hal_dma.o(i.HAL_DMA_Start_IT)
    HAL_Delay                                0x080014e9   Thumb Code    36  stm32f1xx_hal.o(i.HAL_Delay)
    HAL_GPIO_Init                            0x08001511   Thumb Code   766  stm32f1xx_hal_gpio.o(i.HAL_GPIO_Init)
    HAL_GPIO_WritePin                        0x08001831   Thumb Code    12  stm32f1xx_hal_gpio.o(i.HAL_GPIO_WritePin)
    HAL_GetTick                              0x0800183d   Thumb Code     6  stm32f1xx_hal.o(i.HAL_GetTick)
    HAL_I2C_Init                             0x08001849   Thumb Code   446  stm32f1xx_hal_i2c.o(i.HAL_I2C_Init)
    HAL_I2C_Mem_Read                         0x08001a19   Thumb Code   868  stm32f1xx_hal_i2c.o(i.HAL_I2C_Mem_Read)
    HAL_I2C_MspInit                          0x08001d8d   Thumb Code   106  i2c.o(i.HAL_I2C_MspInit)
    HAL_IncTick                              0x08001e05   Thumb Code    16  stm32f1xx_hal.o(i.HAL_IncTick)
    HAL_Init                                 0x08001e1d   Thumb Code    34  stm32f1xx_hal.o(i.HAL_Init)
    HAL_InitTick                             0x08001e45   Thumb Code    64  stm32f1xx_hal.o(i.HAL_InitTick)
    HAL_MspInit                              0x08001e91   Thumb Code    76  stm32f1xx_hal_msp.o(i.HAL_MspInit)
    HAL_NVIC_EnableIRQ                       0x08001ee5   Thumb Code    32  stm32f1xx_hal_cortex.o(i.HAL_NVIC_EnableIRQ)
    HAL_NVIC_SetPriority                     0x08001f05   Thumb Code   124  stm32f1xx_hal_cortex.o(i.HAL_NVIC_SetPriority)
    HAL_NVIC_SetPriorityGrouping             0x08001f81   Thumb Code    32  stm32f1xx_hal_cortex.o(i.HAL_NVIC_SetPriorityGrouping)
    HAL_RCCEx_GetPeriphCLKFreq               0x08001fa9   Thumb Code   232  stm32f1xx_hal_rcc_ex.o(i.HAL_RCCEx_GetPeriphCLKFreq)
    HAL_RCCEx_PeriphCLKConfig                0x080020a5   Thumb Code   290  stm32f1xx_hal_rcc_ex.o(i.HAL_RCCEx_PeriphCLKConfig)
    HAL_RCC_ClockConfig                      0x080021d5   Thumb Code   376  stm32f1xx_hal_rcc.o(i.HAL_RCC_ClockConfig)
    HAL_RCC_GetHCLKFreq                      0x08002361   Thumb Code     6  stm32f1xx_hal_rcc.o(i.HAL_RCC_GetHCLKFreq)
    HAL_RCC_GetPCLK1Freq                     0x0800236d   Thumb Code    22  stm32f1xx_hal_rcc.o(i.HAL_RCC_GetPCLK1Freq)
    HAL_RCC_GetPCLK2Freq                     0x0800238d   Thumb Code    22  stm32f1xx_hal_rcc.o(i.HAL_RCC_GetPCLK2Freq)
    HAL_RCC_GetSysClockFreq                  0x080023ad   Thumb Code    92  stm32f1xx_hal_rcc.o(i.HAL_RCC_GetSysClockFreq)
    HAL_RCC_OscConfig                        0x0800241d   Thumb Code  1114  stm32f1xx_hal_rcc.o(i.HAL_RCC_OscConfig)
    HAL_SYSTICK_Config                       0x08002881   Thumb Code    52  stm32f1xx_hal_cortex.o(i.HAL_SYSTICK_Config)
    HAL_TIMEx_MasterConfigSynchronization    0x080028b5   Thumb Code   118  stm32f1xx_hal_tim_ex.o(i.HAL_TIMEx_MasterConfigSynchronization)
    HAL_TIM_Base_Init                        0x08002939   Thumb Code   102  stm32f1xx_hal_tim.o(i.HAL_TIM_Base_Init)
    HAL_TIM_Base_MspInit                     0x080029a1   Thumb Code    40  tim.o(i.HAL_TIM_Base_MspInit)
    HAL_TIM_ConfigClockSource                0x080029cd   Thumb Code   268  stm32f1xx_hal_tim.o(i.HAL_TIM_ConfigClockSource)
    HAL_TIM_MspPostInit                      0x08002ad9   Thumb Code    74  tim.o(i.HAL_TIM_MspPostInit)
    HAL_TIM_PWM_ConfigChannel                0x08002b2d   Thumb Code   260  stm32f1xx_hal_tim.o(i.HAL_TIM_PWM_ConfigChannel)
    HAL_TIM_PWM_Init                         0x08002c31   Thumb Code   102  stm32f1xx_hal_tim.o(i.HAL_TIM_PWM_Init)
    HAL_TIM_PWM_MspInit                      0x08002c97   Thumb Code     2  stm32f1xx_hal_tim.o(i.HAL_TIM_PWM_MspInit)
    HAL_TIM_PWM_Start                        0x08002c99   Thumb Code   198  stm32f1xx_hal_tim.o(i.HAL_TIM_PWM_Start)
    HAL_UART_Init                            0x08002d6d   Thumb Code   118  stm32f1xx_hal_uart.o(i.HAL_UART_Init)
    HAL_UART_MspInit                         0x08002de5   Thumb Code   122  usart.o(i.HAL_UART_MspInit)
    HardFault_Handler                        0x08002e6d   Thumb Code     4  stm32f1xx_it.o(i.HardFault_Handler)
    Lowpassfilter                            0x080032b9   Thumb Code   222  filter.o(i.Lowpassfilter)
    MX_ADC1_Init                             0x080033b9   Thumb Code   106  adc.o(i.MX_ADC1_Init)
    MX_DMA_Init                              0x0800342d   Thumb Code    48  dma.o(i.MX_DMA_Init)
    MX_GPIO_Init                             0x08003461   Thumb Code   134  gpio.o(i.MX_GPIO_Init)
    MX_I2C2_Init                             0x080034f1   Thumb Code    48  i2c.o(i.MX_I2C2_Init)
    MX_TIM2_Init                             0x0800352d   Thumb Code   190  tim.o(i.MX_TIM2_Init)
    MX_USART1_UART_Init                      0x080035f1   Thumb Code    46  usart.o(i.MX_USART1_UART_Init)
    MemManage_Handler                        0x08003629   Thumb Code     4  stm32f1xx_it.o(i.MemManage_Handler)
    Motor_en                                 0x0800362d   Thumb Code    76  foc.o(i.Motor_en)
    NMI_Handler                              0x08003681   Thumb Code     4  stm32f1xx_it.o(i.NMI_Handler)
    PID_Controller1                          0x08003685   Thumb Code   296  pid.o(i.PID_Controller1)
    PID_Init                                 0x080037c5   Thumb Code    20  pid.o(i.PID_Init)
    PWM_Channel1                             0x080037d9   Thumb Code    28  foc.o(i.PWM_Channel1)
    PWM_Channel2                             0x080037f9   Thumb Code    28  foc.o(i.PWM_Channel2)
    PWM_Channel3                             0x08003819   Thumb Code    28  foc.o(i.PWM_Channel3)
    PendSV_Handler                           0x08003839   Thumb Code     2  stm32f1xx_it.o(i.PendSV_Handler)
    SVC_Handler                              0x08003865   Thumb Code     2  stm32f1xx_it.o(i.SVC_Handler)
    SetPhaseVoltage                          0x08003869   Thumb Code   220  foc.o(i.SetPhaseVoltage)
    SetPwm                                   0x08003961   Thumb Code   188  foc.o(i.SetPwm)
    Set_CurTorque                            0x08003a35   Thumb Code   106  foc.o(i.Set_CurTorque)
    SysTick_Handler                          0x08003ab1   Thumb Code     8  stm32f1xx_it.o(i.SysTick_Handler)
    SystemClock_Config                       0x08003ab9   Thumb Code   132  main.o(i.SystemClock_Config)
    SystemInit                               0x08003b3d   Thumb Code     2  system_stm32f1xx.o(i.SystemInit)
    TIM_Base_SetConfig                       0x08003b41   Thumb Code   120  stm32f1xx_hal_tim.o(i.TIM_Base_SetConfig)
    TIM_CCxChannelCmd                        0x08003bc5   Thumb Code    34  stm32f1xx_hal_tim.o(i.TIM_CCxChannelCmd)
    TIM_ETR_SetConfig                        0x08003be7   Thumb Code    22  stm32f1xx_hal_tim.o(i.TIM_ETR_SetConfig)
    TIM_OC2_SetConfig                        0x08003c71   Thumb Code   100  stm32f1xx_hal_tim.o(i.TIM_OC2_SetConfig)
    UsageFault_Handler                       0x08003ed5   Thumb Code     4  stm32f1xx_it.o(i.UsageFault_Handler)
    __mathlib_flt_invalid                    0x08003f11   Thumb Code     8  funder.o(i.__mathlib_flt_invalid)
    __scatterload_copy                       0x08003f19   Thumb Code    14  handlers.o(i.__scatterload_copy)
    __scatterload_null                       0x08003f27   Thumb Code     2  handlers.o(i.__scatterload_null)
    __scatterload_zeroinit                   0x08003f29   Thumb Code    14  handlers.o(i.__scatterload_zeroinit)
    __set_errno                              0x08003f39   Thumb Code     6  errno.o(i.__set_errno)
    _constrain                               0x08003f45   Thumb Code    40  pid.o(i._constrain)
    cal_Iq_Id                                0x08003f6d   Thumb Code    90  foc.o(i.cal_Iq_Id)
    constrain                                0x08003fd1   Thumb Code    40  foc.o(i.constrain)
    electricAngle                            0x08003ff9   Thumb Code    66  foc.o(i.electricAngle)
    fmodf                                    0x08004049   Thumb Code   108  fmodf.o(i.fmodf)
    main                                     0x080040b5   Thumb Code   112  main.o(i.main)
    normalizeAngle                           0x08004159   Thumb Code    38  foc.o(i.normalizeAngle)
    AHBPrescTable                            0x080041a8   Data          16  system_stm32f1xx.o(.constdata)
    APBPrescTable                            0x080041b8   Data           8  system_stm32f1xx.o(.constdata)
    sinTable_f32                             0x080041c0   Data        2052  arm_common_tables.o(.rodata.sinTable_f32)
    Region$$Table$$Base                      0x080049c4   Number         0  anon$$obj.o(Region$$Table)
    Region$$Table$$Limit                     0x080049e4   Number         0  anon$$obj.o(Region$$Table)
    angle_prev                               0x20000000   Data           4  as5600.o(.data)
    full_rotations                           0x20000004   Data           4  as5600.o(.data)
    angle_d                                  0x20000008   Data           4  as5600.o(.data)
    angle_cd                                 0x2000000c   Data           4  as5600.o(.data)
    Last_Vel_ts                              0x20000010   Data           4  as5600.o(.data)
    Vel_Last_Angle                           0x20000014   Data           4  as5600.o(.data)
    dt1                                      0x20000018   Data           4  as5600.o(.data)
    Last_Timesamp                            0x2000001c   Data           4  filter.o(.data)
    Last_y                                   0x20000020   Data           4  filter.o(.data)
    alpha                                    0x20000024   Data           4  filter.o(.data)
    y                                        0x20000028   Data           4  filter.o(.data)
    Tf                                       0x2000002c   Data           4  filter.o(.data)
    Last_Timesamp0                           0x20000030   Data           4  filter.o(.data)
    Last_y0                                  0x20000034   Data           4  filter.o(.data)
    alpha0                                   0x20000038   Data           4  filter.o(.data)
    y0                                       0x2000003c   Data           4  filter.o(.data)
    Tf0                                      0x20000040   Data           4  filter.o(.data)
    Last_Timesamp1                           0x20000044   Data           4  filter.o(.data)
    Last_y1                                  0x20000048   Data           4  filter.o(.data)
    alpha1                                   0x2000004c   Data           4  filter.o(.data)
    y1                                       0x20000050   Data           4  filter.o(.data)
    Tf1                                      0x20000054   Data           4  filter.o(.data)
    Ua                                       0x20000060   Data           4  foc.o(.data)
    Ub                                       0x20000064   Data           4  foc.o(.data)
    Uc                                       0x20000068   Data           4  foc.o(.data)
    Ualpha                                   0x2000006c   Data           4  foc.o(.data)
    Ubeta                                    0x20000070   Data           4  foc.o(.data)
    dc_a                                     0x20000074   Data           4  foc.o(.data)
    dc_b                                     0x20000078   Data           4  foc.o(.data)
    dc_c                                     0x2000007c   Data           4  foc.o(.data)
    voltage_limit                            0x20000080   Data           4  foc.o(.data)
    voltage_power_supply                     0x20000084   Data           4  foc.o(.data)
    zero_electric_Angle                      0x20000088   Data           4  foc.o(.data)
    pp                                       0x2000008c   Data           4  foc.o(.data)
    Dir                                      0x20000090   Data           4  foc.o(.data)
    shaft_angle                              0x20000098   Data           8  foc.o(.data)
    openloop_timestamp                       0x200000a0   Data           8  foc.o(.data)
    Cur_q                                    0x200000a8   Data           4  foc.o(.data)
    Iq                                       0x200000ac   Data           4  foc.o(.data)
    _shunt_resistor                          0x200000b0   Data           4  current.o(.data)
    amp_gain                                 0x200000b4   Data           4  current.o(.data)
    vlots_to_amps                            0x200000b8   Data           4  current.o(.data)
    gain_a                                   0x200000bc   Data           4  current.o(.data)
    gain_b                                   0x200000c0   Data           4  current.o(.data)
    gain_c                                   0x200000c4   Data           4  current.o(.data)
    offset_ia                                0x200000c8   Data           4  current.o(.data)
    offset_ib                                0x200000cc   Data           4  current.o(.data)
    current_a                                0x200000d0   Data           4  current.o(.data)
    current_b                                0x200000d4   Data           4  current.o(.data)
    current_c                                0x200000d8   Data           4  current.o(.data)
    Samp_volts                               0x200000dc   Data           4  current.o(.data)
    reload_value                             0x200000e0   Data           4  main.o(.data)
    current                                  0x200000e4   Data           4  main.o(.data)
    Target                                   0x200000e8   Data           4  main.o(.data)
    Angle                                    0x200000ec   Data           4  main.o(.data)
    uwTick                                   0x200000f0   Data           4  stm32f1xx_hal.o(.data)
    uwTickPrio                               0x200000f4   Data           4  stm32f1xx_hal.o(.data)
    uwTickFreq                               0x200000f8   Data           1  stm32f1xx_hal.o(.data)
    SystemCoreClock                          0x200000fc   Data           4  system_stm32f1xx.o(.data)
    Current                                  0x20000104   Data          16  foc.o(.bss)
    velocity_pid                             0x20000114   Data          28  main.o(.bss)
    angle_pid                                0x20000130   Data          28  main.o(.bss)
    current_pid                              0x2000014c   Data          28  main.o(.bss)
    hadc1                                    0x20000168   Data          48  adc.o(.bss)
    hdma_adc1                                0x20000198   Data          68  adc.o(.bss)
    hi2c2                                    0x200001dc   Data          84  i2c.o(.bss)
    htim2                                    0x20000230   Data          72  tim.o(.bss)
    huart1                                   0x20000278   Data          72  usart.o(.bss)
    __initial_sp                             0x200006c0   Data           0  startup_stm32f103xb.o(STACK)



==============================================================================

Memory Map of the image

  Image Entry point : 0x080000ed

  Load Region LR_IROM1 (Base: 0x08000000, Size: 0x00004ae8, Max: 0x00010000, ABSOLUTE)

    Execution Region ER_IROM1 (Exec base: 0x08000000, Load base: 0x08000000, Size: 0x000049e4, Max: 0x00010000, ABSOLUTE)

    Exec Addr    Load Addr    Size         Type   Attr      Idx    E Section Name        Object

    0x08000000   0x08000000   0x000000ec   Data   RO            3    RESET               startup_stm32f103xb.o
    0x080000ec   0x080000ec   0x00000000   Code   RO         4242  * .ARM.Collect$$$$00000000  mc_w.l(entry.o)
    0x080000ec   0x080000ec   0x00000004   Code   RO         4299    .ARM.Collect$$$$00000001  mc_w.l(entry2.o)
    0x080000f0   0x080000f0   0x00000004   Code   RO         4302    .ARM.Collect$$$$00000004  mc_w.l(entry5.o)
    0x080000f4   0x080000f4   0x00000000   Code   RO         4304    .ARM.Collect$$$$00000008  mc_w.l(entry7b.o)
    0x080000f4   0x080000f4   0x00000000   Code   RO         4306    .ARM.Collect$$$$0000000A  mc_w.l(entry8b.o)
    0x080000f4   0x080000f4   0x00000008   Code   RO         4307    .ARM.Collect$$$$0000000B  mc_w.l(entry9a.o)
    0x080000fc   0x080000fc   0x00000000   Code   RO         4309    .ARM.Collect$$$$0000000D  mc_w.l(entry10a.o)
    0x080000fc   0x080000fc   0x00000000   Code   RO         4311    .ARM.Collect$$$$0000000F  mc_w.l(entry11a.o)
    0x080000fc   0x080000fc   0x00000004   Code   RO         4300    .ARM.Collect$$$$00002712  mc_w.l(entry2.o)
    0x08000100   0x08000100   0x00000024   Code   RO            4    .text               startup_stm32f103xb.o
    0x08000124   0x08000124   0x00000020   Code   RO         4245    .text               mc_w.l(llushr.o)
    0x08000144   0x08000144   0x00000024   Code   RO         4247    .text               mc_w.l(memseta.o)
    0x08000168   0x08000168   0x000000b0   Code   RO         4249    .text               mf_w.l(fadd.o)
    0x08000218   0x08000218   0x00000064   Code   RO         4251    .text               mf_w.l(fmul.o)
    0x0800027c   0x0800027c   0x0000007c   Code   RO         4253    .text               mf_w.l(fdiv.o)
    0x080002f8   0x080002f8   0x000000e4   Code   RO         4257    .text               mf_w.l(dmul.o)
    0x080003dc   0x080003dc   0x0000001c   Code   RO         4261    .text               mf_w.l(fcmplt.o)
    0x080003f8   0x080003f8   0x00000012   Code   RO         4263    .text               mf_w.l(fflti.o)
    0x0800040a   0x0800040a   0x0000000a   Code   RO         4265    .text               mf_w.l(ffltui.o)
    0x08000414   0x08000414   0x00000032   Code   RO         4269    .text               mf_w.l(ffixi.o)
    0x08000446   0x08000446   0x00000028   Code   RO         4271    .text               mf_w.l(ffixui.o)
    0x0800046e   0x0800046e   0x00000026   Code   RO         4273    .text               mf_w.l(f2d.o)
    0x08000494   0x08000494   0x00000038   Code   RO         4279    .text               mf_w.l(d2f.o)
    0x080004cc   0x080004cc   0x00000014   Code   RO         4281    .text               mf_w.l(cfcmple.o)
    0x080004e0   0x080004e0   0x00000014   Code   RO         4283    .text               mf_w.l(cfrcmple.o)
    0x080004f4   0x080004f4   0x0000001e   Code   RO         4313    .text               mc_w.l(llshl.o)
    0x08000512   0x08000512   0x00000000   Code   RO         4324    .text               mc_w.l(iusefp.o)
    0x08000512   0x08000512   0x0000006e   Code   RO         4325    .text               mf_w.l(fepilogue.o)
    0x08000580   0x08000580   0x00000052   Code   RO         4327    .text               mf_w.l(frem.o)
    0x080005d2   0x080005d2   0x000000ba   Code   RO         4329    .text               mf_w.l(depilogue.o)
    0x0800068c   0x0800068c   0x00000024   Code   RO         4331    .text               mc_w.l(init.o)
    0x080006b0   0x080006b0   0x000000ac   Code   RO         4097    .text.arm_cos_f32   arm_cortexM3l_math.lib(arm_cos_f32.o)
    0x0800075c   0x0800075c   0x000000a4   Code   RO         4106    .text.arm_sin_f32   arm_cortexM3l_math.lib(arm_sin_f32.o)
    0x08000800   0x08000800   0x0000005c   Code   RO          944    i.ADC_ConversionStop_Disable  stm32f1xx_hal_adc.o
    0x0800085c   0x0800085c   0x00000052   Code   RO          945    i.ADC_DMAConvCplt   stm32f1xx_hal_adc.o
    0x080008ae   0x080008ae   0x0000001e   Code   RO          946    i.ADC_DMAError      stm32f1xx_hal_adc.o
    0x080008cc   0x080008cc   0x0000000e   Code   RO          947    i.ADC_DMAHalfConvCplt  stm32f1xx_hal_adc.o
    0x080008da   0x080008da   0x00000002   PAD
    0x080008dc   0x080008dc   0x00000090   Code   RO          948    i.ADC_Enable        stm32f1xx_hal_adc.o
    0x0800096c   0x0800096c   0x00000024   Code   RO           13    i.AS5600_Read_Reg   as5600.o
    0x08000990   0x08000990   0x00000004   Code   RO          802    i.BusFault_Handler  stm32f1xx_it.o
    0x08000994   0x08000994   0x0000003c   Code   RO          268    i.Check_Sensor      foc.o
    0x080009d0   0x080009d0   0x00000084   Code   RO          459    i.CurrSense_Init    current.o
    0x08000a54   0x08000a54   0x00000010   Code   RO          803    i.DMA1_Channel1_IRQHandler  stm32f1xx_it.o
    0x08000a64   0x08000a64   0x0000002c   Code   RO         1605    i.DMA_SetConfig     stm32f1xx_hal_dma.o
    0x08000a90   0x08000a90   0x00000002   Code   RO          804    i.DebugMon_Handler  stm32f1xx_it.o
    0x08000a92   0x08000a92   0x00000002   PAD
    0x08000a94   0x08000a94   0x000000a0   Code   RO          460    i.DriftOffsets      current.o
    0x08000b34   0x08000b34   0x00000006   Code   RO          498    i.Error_Handler     main.o
    0x08000b3a   0x08000b3a   0x00000002   PAD
    0x08000b3c   0x08000b3c   0x00000034   Code   RO          269    i.FOC_Init          foc.o
    0x08000b70   0x08000b70   0x00000048   Code   RO           17    i.GetAngle_Without_Track  as5600.o
    0x08000bb8   0x08000bb8   0x0000009c   Code   RO          461    i.GetPhaseCurrent   current.o
    0x08000c54   0x08000c54   0x0000011c   Code   RO         1124    i.HAL_ADCEx_Calibration_Start  stm32f1xx_hal_adc_ex.o
    0x08000d70   0x08000d70   0x00000160   Code   RO          950    i.HAL_ADC_ConfigChannel  stm32f1xx_hal_adc.o
    0x08000ed0   0x08000ed0   0x00000002   Code   RO          951    i.HAL_ADC_ConvCpltCallback  stm32f1xx_hal_adc.o
    0x08000ed2   0x08000ed2   0x00000002   Code   RO          952    i.HAL_ADC_ConvHalfCpltCallback  stm32f1xx_hal_adc.o
    0x08000ed4   0x08000ed4   0x00000002   Code   RO          954    i.HAL_ADC_ErrorCallback  stm32f1xx_hal_adc.o
    0x08000ed6   0x08000ed6   0x00000002   PAD
    0x08000ed8   0x08000ed8   0x00000144   Code   RO          959    i.HAL_ADC_Init      stm32f1xx_hal_adc.o
    0x0800101c   0x0800101c   0x000000ac   Code   RO          605    i.HAL_ADC_MspInit   adc.o
    0x080010c8   0x080010c8   0x00000180   Code   RO          966    i.HAL_ADC_Start_DMA  stm32f1xx_hal_adc.o
    0x08001248   0x08001248   0x0000019c   Code   RO         1611    i.HAL_DMA_IRQHandler  stm32f1xx_hal_dma.o
    0x080013e4   0x080013e4   0x00000068   Code   RO         1612    i.HAL_DMA_Init      stm32f1xx_hal_dma.o
    0x0800144c   0x0800144c   0x0000009c   Code   RO         1616    i.HAL_DMA_Start_IT  stm32f1xx_hal_dma.o
    0x080014e8   0x080014e8   0x00000028   Code   RO         1227    i.HAL_Delay         stm32f1xx_hal.o
    0x08001510   0x08001510   0x00000320   Code   RO         1542    i.HAL_GPIO_Init     stm32f1xx_hal_gpio.o
    0x08001830   0x08001830   0x0000000c   Code   RO         1546    i.HAL_GPIO_WritePin  stm32f1xx_hal_gpio.o
    0x0800183c   0x0800183c   0x0000000c   Code   RO         1231    i.HAL_GetTick       stm32f1xx_hal.o
    0x08001848   0x08001848   0x000001d0   Code   RO         2239    i.HAL_I2C_Init      stm32f1xx_hal_i2c.o
    0x08001a18   0x08001a18   0x00000374   Code   RO         2257    i.HAL_I2C_Mem_Read  stm32f1xx_hal_i2c.o
    0x08001d8c   0x08001d8c   0x00000078   Code   RO          671    i.HAL_I2C_MspInit   i2c.o
    0x08001e04   0x08001e04   0x00000018   Code   RO         1237    i.HAL_IncTick       stm32f1xx_hal.o
    0x08001e1c   0x08001e1c   0x00000028   Code   RO         1238    i.HAL_Init          stm32f1xx_hal.o
    0x08001e44   0x08001e44   0x0000004c   Code   RO         1239    i.HAL_InitTick      stm32f1xx_hal.o
    0x08001e90   0x08001e90   0x00000054   Code   RO          884    i.HAL_MspInit       stm32f1xx_hal_msp.o
    0x08001ee4   0x08001ee4   0x00000020   Code   RO         1702    i.HAL_NVIC_EnableIRQ  stm32f1xx_hal_cortex.o
    0x08001f04   0x08001f04   0x0000007c   Code   RO         1708    i.HAL_NVIC_SetPriority  stm32f1xx_hal_cortex.o
    0x08001f80   0x08001f80   0x00000028   Code   RO         1709    i.HAL_NVIC_SetPriorityGrouping  stm32f1xx_hal_cortex.o
    0x08001fa8   0x08001fa8   0x000000fc   Code   RO         1503    i.HAL_RCCEx_GetPeriphCLKFreq  stm32f1xx_hal_rcc_ex.o
    0x080020a4   0x080020a4   0x00000130   Code   RO         1504    i.HAL_RCCEx_PeriphCLKConfig  stm32f1xx_hal_rcc_ex.o
    0x080021d4   0x080021d4   0x0000018c   Code   RO         1395    i.HAL_RCC_ClockConfig  stm32f1xx_hal_rcc.o
    0x08002360   0x08002360   0x0000000c   Code   RO         1400    i.HAL_RCC_GetHCLKFreq  stm32f1xx_hal_rcc.o
    0x0800236c   0x0800236c   0x00000020   Code   RO         1402    i.HAL_RCC_GetPCLK1Freq  stm32f1xx_hal_rcc.o
    0x0800238c   0x0800238c   0x00000020   Code   RO         1403    i.HAL_RCC_GetPCLK2Freq  stm32f1xx_hal_rcc.o
    0x080023ac   0x080023ac   0x00000070   Code   RO         1404    i.HAL_RCC_GetSysClockFreq  stm32f1xx_hal_rcc.o
    0x0800241c   0x0800241c   0x00000464   Code   RO         1407    i.HAL_RCC_OscConfig  stm32f1xx_hal_rcc.o
    0x08002880   0x08002880   0x00000034   Code   RO         1713    i.HAL_SYSTICK_Config  stm32f1xx_hal_cortex.o
    0x080028b4   0x080028b4   0x00000084   Code   RO         3441    i.HAL_TIMEx_MasterConfigSynchronization  stm32f1xx_hal_tim_ex.o
    0x08002938   0x08002938   0x00000066   Code   RO         2707    i.HAL_TIM_Base_Init  stm32f1xx_hal_tim.o
    0x0800299e   0x0800299e   0x00000002   PAD
    0x080029a0   0x080029a0   0x0000002c   Code   RO          713    i.HAL_TIM_Base_MspInit  tim.o
    0x080029cc   0x080029cc   0x0000010c   Code   RO         2716    i.HAL_TIM_ConfigClockSource  stm32f1xx_hal_tim.o
    0x08002ad8   0x08002ad8   0x00000054   Code   RO          714    i.HAL_TIM_MspPostInit  tim.o
    0x08002b2c   0x08002b2c   0x00000104   Code   RO         2779    i.HAL_TIM_PWM_ConfigChannel  stm32f1xx_hal_tim.o
    0x08002c30   0x08002c30   0x00000066   Code   RO         2782    i.HAL_TIM_PWM_Init  stm32f1xx_hal_tim.o
    0x08002c96   0x08002c96   0x00000002   Code   RO         2784    i.HAL_TIM_PWM_MspInit  stm32f1xx_hal_tim.o
    0x08002c98   0x08002c98   0x000000d4   Code   RO         2787    i.HAL_TIM_PWM_Start  stm32f1xx_hal_tim.o
    0x08002d6c   0x08002d6c   0x00000076   Code   RO         3719    i.HAL_UART_Init     stm32f1xx_hal_uart.o
    0x08002de2   0x08002de2   0x00000002   PAD
    0x08002de4   0x08002de4   0x00000088   Code   RO          761    i.HAL_UART_MspInit  usart.o
    0x08002e6c   0x08002e6c   0x00000004   Code   RO          805    i.HardFault_Handler  stm32f1xx_it.o
    0x08002e70   0x08002e70   0x0000003e   Code   RO         2283    i.I2C_IsAcknowledgeFailed  stm32f1xx_hal_i2c.o
    0x08002eae   0x08002eae   0x00000002   PAD
    0x08002eb0   0x08002eb0   0x00000160   Code   RO         2294    i.I2C_RequestMemoryRead  stm32f1xx_hal_i2c.o
    0x08003010   0x08003010   0x000000be   Code   RO         2304    i.I2C_WaitOnFlagUntilTimeout  stm32f1xx_hal_i2c.o
    0x080030ce   0x080030ce   0x000000fa   Code   RO         2305    i.I2C_WaitOnMasterAddressFlagUntilTimeout  stm32f1xx_hal_i2c.o
    0x080031c8   0x080031c8   0x0000008a   Code   RO         2306    i.I2C_WaitOnRXNEFlagUntilTimeout  stm32f1xx_hal_i2c.o
    0x08003252   0x08003252   0x00000066   Code   RO         2309    i.I2C_WaitOnTXEFlagUntilTimeout  stm32f1xx_hal_i2c.o
    0x080032b8   0x080032b8   0x00000100   Code   RO          197    i.Lowpassfilter     filter.o
    0x080033b8   0x080033b8   0x00000074   Code   RO          606    i.MX_ADC1_Init      adc.o
    0x0800342c   0x0800342c   0x00000034   Code   RO          646    i.MX_DMA_Init       dma.o
    0x08003460   0x08003460   0x00000090   Code   RO          580    i.MX_GPIO_Init      gpio.o
    0x080034f0   0x080034f0   0x0000003c   Code   RO          672    i.MX_I2C2_Init      i2c.o
    0x0800352c   0x0800352c   0x000000c4   Code   RO          715    i.MX_TIM2_Init      tim.o
    0x080035f0   0x080035f0   0x00000038   Code   RO          762    i.MX_USART1_UART_Init  usart.o
    0x08003628   0x08003628   0x00000004   Code   RO          806    i.MemManage_Handler  stm32f1xx_it.o
    0x0800362c   0x0800362c   0x00000054   Code   RO          270    i.Motor_en          foc.o
    0x08003680   0x08003680   0x00000004   Code   RO          807    i.NMI_Handler       stm32f1xx_it.o
    0x08003684   0x08003684   0x00000140   Code   RO          418    i.PID_Controller1   pid.o
    0x080037c4   0x080037c4   0x00000014   Code   RO          419    i.PID_Init          pid.o
    0x080037d8   0x080037d8   0x00000020   Code   RO          271    i.PWM_Channel1      foc.o
    0x080037f8   0x080037f8   0x00000020   Code   RO          272    i.PWM_Channel2      foc.o
    0x08003818   0x08003818   0x00000020   Code   RO          273    i.PWM_Channel3      foc.o
    0x08003838   0x08003838   0x00000002   Code   RO          808    i.PendSV_Handler    stm32f1xx_it.o
    0x0800383a   0x0800383a   0x00000002   PAD
    0x0800383c   0x0800383c   0x00000028   Code   RO         1408    i.RCC_Delay         stm32f1xx_hal_rcc.o
    0x08003864   0x08003864   0x00000002   Code   RO          809    i.SVC_Handler       stm32f1xx_it.o
    0x08003866   0x08003866   0x00000002   PAD
    0x08003868   0x08003868   0x000000f8   Code   RO          274    i.SetPhaseVoltage   foc.o
    0x08003960   0x08003960   0x000000d4   Code   RO          275    i.SetPwm            foc.o
    0x08003a34   0x08003a34   0x0000007c   Code   RO          277    i.Set_CurTorque     foc.o
    0x08003ab0   0x08003ab0   0x00000008   Code   RO          810    i.SysTick_Handler   stm32f1xx_it.o
    0x08003ab8   0x08003ab8   0x00000084   Code   RO          499    i.SystemClock_Config  main.o
    0x08003b3c   0x08003b3c   0x00000002   Code   RO         4063    i.SystemInit        system_stm32f1xx.o
    0x08003b3e   0x08003b3e   0x00000002   PAD
    0x08003b40   0x08003b40   0x00000084   Code   RO         2800    i.TIM_Base_SetConfig  stm32f1xx_hal_tim.o
    0x08003bc4   0x08003bc4   0x00000022   Code   RO         2801    i.TIM_CCxChannelCmd  stm32f1xx_hal_tim.o
    0x08003be6   0x08003be6   0x00000016   Code   RO         2811    i.TIM_ETR_SetConfig  stm32f1xx_hal_tim.o
    0x08003bfc   0x08003bfc   0x00000012   Code   RO         2812    i.TIM_ITRx_SetConfig  stm32f1xx_hal_tim.o
    0x08003c0e   0x08003c0e   0x00000002   PAD
    0x08003c10   0x08003c10   0x00000060   Code   RO         2813    i.TIM_OC1_SetConfig  stm32f1xx_hal_tim.o
    0x08003c70   0x08003c70   0x00000068   Code   RO         2814    i.TIM_OC2_SetConfig  stm32f1xx_hal_tim.o
    0x08003cd8   0x08003cd8   0x00000068   Code   RO         2815    i.TIM_OC3_SetConfig  stm32f1xx_hal_tim.o
    0x08003d40   0x08003d40   0x00000048   Code   RO         2816    i.TIM_OC4_SetConfig  stm32f1xx_hal_tim.o
    0x08003d88   0x08003d88   0x00000026   Code   RO         2818    i.TIM_TI1_ConfigInputStage  stm32f1xx_hal_tim.o
    0x08003dae   0x08003dae   0x00000028   Code   RO         2820    i.TIM_TI2_ConfigInputStage  stm32f1xx_hal_tim.o
    0x08003dd6   0x08003dd6   0x00000002   PAD
    0x08003dd8   0x08003dd8   0x000000fc   Code   RO         3746    i.UART_SetConfig    stm32f1xx_hal_uart.o
    0x08003ed4   0x08003ed4   0x00000004   Code   RO          811    i.UsageFault_Handler  stm32f1xx_it.o
    0x08003ed8   0x08003ed8   0x00000010   Code   RO         1715    i.__NVIC_GetPriorityGrouping  stm32f1xx_hal_cortex.o
    0x08003ee8   0x08003ee8   0x00000028   Code   RO         1716    i.__NVIC_SetPriority  stm32f1xx_hal_cortex.o
    0x08003f10   0x08003f10   0x00000008   Code   RO         4288    i.__mathlib_flt_invalid  m_ws.l(funder.o)
    0x08003f18   0x08003f18   0x0000000e   Code   RO         4337    i.__scatterload_copy  mc_w.l(handlers.o)
    0x08003f26   0x08003f26   0x00000002   Code   RO         4338    i.__scatterload_null  mc_w.l(handlers.o)
    0x08003f28   0x08003f28   0x0000000e   Code   RO         4339    i.__scatterload_zeroinit  mc_w.l(handlers.o)
    0x08003f36   0x08003f36   0x00000002   PAD
    0x08003f38   0x08003f38   0x0000000c   Code   RO         4319    i.__set_errno       mc_w.l(errno.o)
    0x08003f44   0x08003f44   0x00000028   Code   RO          420    i._constrain        pid.o
    0x08003f6c   0x08003f6c   0x00000064   Code   RO          279    i.cal_Iq_Id         foc.o
    0x08003fd0   0x08003fd0   0x00000028   Code   RO          280    i.constrain         foc.o
    0x08003ff8   0x08003ff8   0x00000050   Code   RO          281    i.electricAngle     foc.o
    0x08004048   0x08004048   0x0000006c   Code   RO         4235    i.fmodf             m_ws.l(fmodf.o)
    0x080040b4   0x080040b4   0x000000a4   Code   RO          502    i.main              main.o
    0x08004158   0x08004158   0x0000002c   Code   RO          282    i.normalizeAngle    foc.o
    0x08004184   0x08004184   0x00000012   Data   RO         1409    .constdata          stm32f1xx_hal_rcc.o
    0x08004196   0x08004196   0x00000012   Data   RO         1505    .constdata          stm32f1xx_hal_rcc_ex.o
    0x080041a8   0x080041a8   0x00000018   Data   RO         4064    .constdata          system_stm32f1xx.o
    0x080041c0   0x080041c0   0x00000804   Data   RO         4227    .rodata.sinTable_f32  arm_cortexM3l_math.lib(arm_common_tables.o)
    0x080049c4   0x080049c4   0x00000020   Data   RO         4335    Region$$Table       anon$$obj.o


    Execution Region RW_IRAM1 (Exec base: 0x20000000, Load base: 0x080049e4, Size: 0x000006c0, Max: 0x00005000, ABSOLUTE)

    Exec Addr    Load Addr    Size         Type   Attr      Idx    E Section Name        Object

    0x20000000   0x080049e4   0x0000001c   Data   RW           19    .data               as5600.o
    0x2000001c   0x08004a00   0x00000040   Data   RW          202    .data               filter.o
    0x2000005c   0x08004a40   0x00000004   PAD
    0x20000060   0x08004a44   0x00000050   Data   RW          285    .data               foc.o
    0x200000b0   0x08004a94   0x00000030   Data   RW          462    .data               current.o
    0x200000e0   0x08004ac4   0x00000010   Data   RW          504    .data               main.o
    0x200000f0   0x08004ad4   0x00000009   Data   RW         1245    .data               stm32f1xx_hal.o
    0x200000f9   0x08004add   0x00000003   PAD
    0x200000fc   0x08004ae0   0x00000004   Data   RW         4065    .data               system_stm32f1xx.o
    0x20000100   0x08004ae4   0x00000004   Data   RW         4320    .data               mc_w.l(errno.o)
    0x20000104        -       0x00000010   Zero   RW          284    .bss                foc.o
    0x20000114        -       0x00000054   Zero   RW          503    .bss                main.o
    0x20000168        -       0x00000074   Zero   RW          607    .bss                adc.o
    0x200001dc        -       0x00000054   Zero   RW          673    .bss                i2c.o
    0x20000230        -       0x00000048   Zero   RW          716    .bss                tim.o
    0x20000278        -       0x00000048   Zero   RW          763    .bss                usart.o
    0x200002c0        -       0x00000400   Zero   RW            1    STACK               startup_stm32f103xb.o


==============================================================================

Image component sizes


      Code (inc. data)   RO Data    RW Data    ZI Data      Debug   Object Name

       288         32          0          0        116       1767   adc.o
       108         14          0         28          0     456931   as5600.o
       448         90          0         48          0       2469   current.o
        52          4          0          0          0        746   dma.o
       256         34          0         64          0       2228   filter.o
      1140        142          0         80         16       9193   foc.o
       144         10          0          0          0        907   gpio.o
       180         26          0          0         84       1617   i2c.o
       302         52          0         16         84       2499   main.o
       380         24          0          0          0       2194   pid.o
        36          8        236          0       1024        804   startup_stm32f103xb.o
       192         36          0          9          0       5905   stm32f1xx_hal.o
      1428         56          0          0          0       8370   stm32f1xx_hal_adc.o
       284          6          0          0          0       1466   stm32f1xx_hal_adc_ex.o
       304         22          0          0          0      29459   stm32f1xx_hal_cortex.o
       716          8          0          0          0       3495   stm32f1xx_hal_dma.o
       812         34          0          0          0       2680   stm32f1xx_hal_gpio.o
      2442         38          0          0          0       8726   stm32f1xx_hal_i2c.o
        84          8          0          0          0        898   stm32f1xx_hal_msp.o
      1748         98         18          0          0       5984   stm32f1xx_hal_rcc.o
       556         34         18          0          0       2377   stm32f1xx_hal_rcc_ex.o
      1606         46          0          0          0      11966   stm32f1xx_hal_tim.o
       132         14          0          0          0       1336   stm32f1xx_hal_tim_ex.o
       370          4          0          0          0       1776   stm32f1xx_hal_uart.o
        50          6          0          0          0       4429   stm32f1xx_it.o
         2          0         24          4          0       1127   system_stm32f1xx.o
       324         20          0          0         72       2344   tim.o
       192         24          0          0         72       1670   usart.o

    ----------------------------------------------------------------------
     14600        890        328        256       1468     575363   Object Totals
         0          0         32          0          0          0   (incl. Generated)
        24          0          0          7          0          0   (incl. Padding)

    ----------------------------------------------------------------------

      Code (inc. data)   RO Data    RW Data    ZI Data      Debug   Library Member Name

         0          0       2052          0          0       6294   arm_common_tables.o
       172          0          0          0          0        962   arm_cos_f32.o
       164          0          0          0          0        957   arm_sin_f32.o
       108          0          0          0          0         96   fmodf.o
         8          0          0          0          0         68   funder.o
         0          0          0          0          0          0   entry.o
         0          0          0          0          0          0   entry10a.o
         0          0          0          0          0          0   entry11a.o
         8          4          0          0          0          0   entry2.o
         4          0          0          0          0          0   entry5.o
         0          0          0          0          0          0   entry7b.o
         0          0          0          0          0          0   entry8b.o
         8          4          0          0          0          0   entry9a.o
        12          6          0          4          0         68   errno.o
        30          0          0          0          0          0   handlers.o
        36          8          0          0          0         68   init.o
         0          0          0          0          0          0   iusefp.o
        30          0          0          0          0         68   llshl.o
        32          0          0          0          0         68   llushr.o
        36          0          0          0          0        108   memseta.o
        20          0          0          0          0         68   cfcmple.o
        20          0          0          0          0         68   cfrcmple.o
        56          0          0          0          0         88   d2f.o
       186          0          0          0          0        176   depilogue.o
       228          0          0          0          0         96   dmul.o
        38          0          0          0          0         68   f2d.o
       176          0          0          0          0        140   fadd.o
        28          0          0          0          0         68   fcmplt.o
       124          0          0          0          0         88   fdiv.o
       110          0          0          0          0        168   fepilogue.o
        50          0          0          0          0         68   ffixi.o
        40          0          0          0          0         68   ffixui.o
        18          0          0          0          0         68   fflti.o
        10          0          0          0          0         68   ffltui.o
       100          0          0          0          0         76   fmul.o
        82          0          0          0          0         96   frem.o

    ----------------------------------------------------------------------
      1936         22       2052          4          0      10229   Library Totals
         2          0          0          0          0          0   (incl. Padding)

    ----------------------------------------------------------------------

      Code (inc. data)   RO Data    RW Data    ZI Data      Debug   Library Name

       336          0       2052          0          0       8213   arm_cortexM3l_math.lib
       116          0          0          0          0        164   m_ws.l
       196         22          0          4          0        380   mc_w.l
      1286          0          0          0          0       1472   mf_w.l

    ----------------------------------------------------------------------
      1936         22       2052          4          0      10229   Library Totals

    ----------------------------------------------------------------------

==============================================================================


      Code (inc. data)   RO Data    RW Data    ZI Data      Debug   

     16536        912       2380        260       1468     579020   Grand Totals
     16536        912       2380        260       1468     579020   ELF Image Totals
     16536        912       2380        260          0          0   ROM Totals

==============================================================================

    Total RO  Size (Code + RO Data)                18916 (  18.47kB)
    Total RW  Size (RW Data + ZI Data)              1728 (   1.69kB)
    Total ROM Size (Code + RO Data + RW Data)      19176 (  18.73kB)

==============================================================================

