<html>
<body>
<pre>
<h1>µVision Build Log</h1>
<h2>Tool Versions:</h2>
IDE-Version: ¦ÌVision V5.40.0.0
Copyright (C) 2024 ARM Ltd and ARM Germany GmbH. All rights reserved.
License Information: 11 2391714507@qq.com, 1, LIC=X96CK-Z07M9-8TU3P-MMFCV-PT15M-AN398
 
Tool Versions:
Toolchain:       MDK-ARM Plus  Version: 5.40.0.3
Toolchain Path:  C:\Users\23917\AppData\Local\Keil_v5\ARM\ARMCC\Bin
C Compiler:      Armcc.exe V5.06 update 6 (build 750)
Assembler:       Armasm.exe V5.06 update 6 (build 750)
Linker/Locator:  ArmLink.exe V5.06 update 6 (build 750)
Library Manager: ArmAr.exe V5.06 update 6 (build 750)
Hex Converter:   FromElf.exe V5.06 update 6 (build 750)
CPU DLL:         SARMCM3.DLL V5.40.0.3
Dialog DLL:      DCM.DLL V1.17.5.0
Target DLL:      Segger\JL2CM3.dll V2.99.44.0
Dialog DLL:      TCM.DLL V1.56.4.0
 
<h2>Project:</h2>
C:\Users\23917\Desktop\New Folder\f1qiugan\MDK-ARM\f1_foc_openspeed.uvprojx
Project File Date:  04/04/2025

<h2>Output:</h2>
*** Using Compiler 'V5.06 update 6 (build 750)', folder: 'C:\Users\23917\AppData\Local\Keil_v5\ARM\ARMCC\Bin'
Build target 'f1_foc_openspeed'
compiling control.c...
AS5600.h(27): warning:  #1-D: last line of file ends without a newline
  #endif // AS5600_H
filter.h(34): warning:  #1-D: last line of file ends without a newline
  #endif // FILTER_H
control.h(13): warning:  #1295-D: Deprecated declaration predict_vel - give arg types
  void predict_vel();
control.h(14): warning:  #1295-D: Deprecated declaration get_d - give arg types
  void get_d();
control.h(15): warning:  #1295-D: Deprecated declaration get_vel - give arg types
  void get_vel();
control.c(108): warning:  #1-D: last line of file ends without a newline
  }
control.c: 6 warnings, 0 errors
linking...
Program Size: Code=21548 RO-data=2412 RW-data=416 ZI-data=1656  
FromELF: creating hex file...
"f1_foc_openspeed\f1_foc_openspeed.axf" - 0 Error(s), 6 Warning(s).

<h2>Software Packages used:</h2>

Package Vendor: ARM
                https://www.keil.com/pack/ARM.CMSIS.6.1.0.pack
                ARM::CMSIS@6.1.0
                CMSIS (Common Microcontroller Software Interface Standard)
   * Component: CORE Version: 6.1.0

Package Vendor: Keil
                https://www.keil.com/pack/Keil.STM32F1xx_DFP.2.4.1.pack
                Keil::STM32F1xx_DFP@2.4.1
                STMicroelectronics STM32F1 Series Device Support, Drivers and Examples

<h2>Collection of Component include folders:</h2>
  ./RTE/_f1_foc_openspeed
  C:/Users/23917/AppData/Local/Arm/Packs/ARM/CMSIS/6.1.0/CMSIS/Core/Include
  C:/Users/23917/AppData/Local/Arm/Packs/Keil/STM32F1xx_DFP/2.4.1/Device/Include

<h2>Collection of Component Files used:</h2>

   * Component: ARM::CMSIS:CORE@6.1.0
      Include file:  CMSIS/Core/Include/tz_context.h
Build Time Elapsed:  00:00:01
</pre>
</body>
</html>
